[Connection] State: unknown -> connecting
[Connection] Scanning for available servers...
[LANScanner] Quick scan on 127.0.0.1...
MindServer running on port 8080 on host localhost
[LANScanner] No LAN world detected. Proceeding to public server.
[ServerSelector] Selecting target server...
[ServerSelector] Priority: Configured SMP > LAN World > Backup SMP
[ServerSelector] Using configured SMP: localhost:-1
[Connection] Port is -1, scanning LAN for Minecraft world...
No port provided. Searching for LAN server on host localhost...
[36m[ayushi_ds_2026][0m > LAN scan attempt 1/3 failed. Retrying in 3s... (open your world to LAN if not done yet)
LAN scan attempt 2/3 failed. Retrying in 3s... (open your world to LAN if not done yet)
MC server found. (Host: localhost, Port: 49213, Version: 1.21.11) (using protocol version 1.21.11)
[Connection] LAN world found: localhost:49213
[Connection] Target selected: localhost:49213 (public)
[Connection] State: connecting -> connecting
Failed to load model module: cerebras.js Cannot find package '@cerebras/cerebras_cloud_sdk' imported from C:\Users\updes\mindcraft\src\models\cerebras.js
Failed to load model module: claude.js Cannot find package '@anthropic-ai/sdk' imported from C:\Users\updes\mindcraft\src\models\claude.js
Failed to load model module: gemini.js Cannot find package '@google/genai' imported from C:\Users\updes\mindcraft\src\models\gemini.js
Failed to load model module: groq.js Cannot find package 'groq-sdk' imported from C:\Users\updes\mindcraft\src\models\groq.js
Failed to load model module: huggingface.js Cannot find package '@huggingface/inference' imported from C:\Users\updes\mindcraft\src\models\huggingface.js
Failed to load model module: mistral.js Cannot find package '@mistralai/mistralai' imported from C:\Users\updes\mindcraft\src\models\mistral.js
Failed to load model module: replicate.js Cannot find package 'replicate' imported from C:\Users\updes\mindcraft\src\models\replicate.js
Connecting to MindServer
Client connected
ayushi_ds_2026 connected to MindServer
Starting agent
Initializing agent ayushi_ds_2026...
[BTMemory] Loaded from ./bots/ayushi_ds_2026/bt_memory.json
Examples initialized.
No task.
ayushi_ds_2026 logging into minecraft...
[AuthHandler] Offline mode — skipping auth for ayushi_ds_2026.
ayushi_ds_2026 updating available agents
ayushi_ds_2026 logged in!
Initializing vision intepreter...
[ServerAnalyzer] [CMD] Passive mode — observe only, no probing.
[ServerAnalyzer] Starting server analysis...
[ServerAnalyzer] [CMD] Skipping active discovery (passive mode).
ayushi_ds_2026 updating available agents
ayushi_ds_2026 spawned.
[Connection] Bot spawned.
[Connection] State: unknown -> proxy
[Connection] Classifying world...
[ServerAnalyzer] Boot phase 1: Chat listeners active

########################################################
##         RUNTIME ENVIRONMENT REPORT (INITIAL)       ##
########################################################

########################################################
##               RUNTIME ENVIRONMENT REPORT           ##
########################################################

=== [DEBUG: PLAYER HOTBAR] ===
    Hotbar #0 (Slot 36): Gunpowder (gunpowder) x2
    Hotbar #1 (Slot 37): Leaf Litter (leaf_litter) x6
    Hotbar #2 (Slot 38): Spider Eye (spider_eye) x1
    Hotbar #3 (Slot 39): String (string) x2
    Hotbar #4 (Slot 40): Arrow (arrow) x4
    Hotbar #5 (Slot 41): Stick (stick) x12
    Hotbar #6 (Slot 42): Rotten Flesh (rotten_flesh) x1
    Hotbar #7 (Slot 43): Raw Salmon (salmon) x1
    Hotbar #8 (Slot 44): Bone (bone) x2
==============================


=== [DEBUG: SCOREBOARD] ===
=============================


=== [DEBUG: ACTIVE BOSSBARS] ===
No active bossbars.

=== [DEBUG: NEARBY ENTITIES / NPCs] ===
  - [PLAYER] ayushi_ds_2026 | Dist: 0.0m | Pos: (560, 67, 162)
========================================


=== [DEBUG: CURRENT OPEN WINDOW] ===
No active Container UI / Chest window open.
########################################################

########################################################

[WorldDetector] Classifying world (attempt 1)...
[WorldDetector] World classified as: survival (confidence: 20%, scoreboard: "none", gamemode: creative)
[Connection] Initial classification: survival (confidence: 20%)
[Connection] State: proxy -> survival
[Connection] Connected to survival world!
[Agent] Connection ready: world=survival, server=unknown
[ServerCapabilities] Detecting server capabilities...
[ServerCapabilities] Detected: break=true, compass=false, npcs=false, gui=undefined
[TaskQueue] Loaded 0 pending tasks from disk
[Agent] Already in survival (gameMode=creative, state=survival) — proceeding directly
[ServerAnalyzer] Boot phase 2: Command discovery running
[Agent] At (565, 64, 166). Trying to join survival via commands...
[CHAT:messagestr] Unknown or incomplete command. See below for error
[CHAT:messagestr] survival<--[HERE]
[CHAT:messagestr] Unknown or incomplete command. See below for error
[CHAT:messagestr] server survival<--[HERE]
[Agent] Joined survival via "/server survival" (moved 3m)
[Ayushi OS] ✅ All systems online. ayushi_ds_2026 is awake.
[ServerAnalyzer] [CMD] Passive mode — observe only, no probing.
[AyushiOS] Brain booted — knowledge pipeline + advisors online.
[MotorCortex DIAG] runGoal called: task=avoid_hazard steps=2 force=false busy=false
[Ayushi OS] 🧠 Executive Brain initiated task: avoid_hazard
[TaskRunner] Starting task with 2 steps...
[TaskRunner] Step 1/2: go_surface {"destination":"surface"}
  [Skill] Found non-destructive path.
You have reached at 561, 68, 169.
Going to the surface at y=68.
[TaskRunner] Step 2/2: wait {"ms":2000}
  [Skill] Picked up 0 items.
Picked up 0 items.
Picked up 0 items.
Collected 0 oak_log.
[TaskRunner] Task complete!
[MotorCortex DIAG] runGoal called: task=build_base steps=5 force=false busy=false
[Ayushi OS] 🧠 Executive Brain initiated task: build_base
[TaskRunner] Starting task with 5 steps...
[TaskRunner] Step 1/5: collect {"item":"oak_log","count":12}
[ServerAnalyzer] Boot phase 3: World scan starting
[ServerAnalyzer] Boot complete. Server analysis fully active.
[ServerAnalyzer] === Server Analysis Summary ===
[ServerAnalyzer] Server: Unknown | Claims: factions | PvP: true
[ServerAnalyzer] Plugins: VotingPlugin(80%), WorldGuard(30%)
[ServerAnalyzer] Economy: unknown
[ServerAnalyzer] Commands discovered: 9
[ServerAnalyzer] Locations mapped: 5
[ServerAnalyzer] Dangers: 3
[ServerAnalyzer] Players tracked: 5
[ServerAnalyzer] Rules: 1
[ServerAnalyzer] ================================
  [Skill] Picked up 0 items.
Picked up 0 items.
Picked up 0 items.
Picked up 0 items.
Picked up 0 items.
Picked up 0 items.
Picked up 0 items.
Picked up 0 items.
Path not found, but attempting to navigate anyway using destructive movements.
Path not found, but attempting to navigate anyway using destructive movements.
Failed to collect oak_log: GoalChanged: The goal was changed before it could be completed!.
Found non-destructive path.
Found non-destructive path.
Path not found, but attempting to navigate anyway using destructive movements.
Picked up 4 items.
Picked up 0 items.
Picked up 0 items.
Picked up 0 items.
Picked up 0 items.
Picked up 0 items.
Picked up 0 items.
Picked up 0 items.
Collected 0 oak_log.
[TaskRunner] Step 2/5: craft {"item":"oak_planks","count":16}
[TaskRunner] Step 2 (craft) failed: Missing resources to craft oak_planks. Need: oak_log: 1
[TaskRunner] Failed step 2 (craft): Missing resources to craft oak_planks. Need: oak_log: 1
[MotorCortex DIAG] runGoal called: task=avoid_hazard steps=2 force=false busy=false
[Ayushi OS] 🧠 Executive Brain initiated task: avoid_hazard
[TaskRunner] Starting task with 2 steps...
[TaskRunner] Step 1/2: go_surface {"destination":"surface"}
  [Skill] Found non-destructive path.
You have reached at 564, 68, 178.
Going to the surface at y=68.
[TaskRunner] Step 2/2: wait {"ms":2000}
  [Skill] Picked up 0 items.
[TaskRunner] Task complete!
[MotorCortex DIAG] runGoal called: task=build_base steps=5 force=false busy=false
[Ayushi OS] 🧠 Executive Brain initiated task: build_base
[TaskRunner] Starting task with 5 steps...
[TaskRunner] Step 1/5: collect {"item":"oak_log","count":12}
  [Skill] Picked up 0 items.
Picked up 0 items.
Picked up 0 items.
Picked up 0 items.
Picked up 0 items.
Picked up 0 items.
Picked up 0 items.
Picked up 0 items.
Path not found, but attempting to navigate anyway using destructive movements.
Path not found, but attempting to navigate anyway using destructive movements.
Failed to collect oak_log: GoalChanged: The goal was changed before it could be completed!.
Picked up 1 items.
Found non-destructive path.
Path not found, but attempting to navigate anyway using destructive movements.
Picked up 2 items.
Found non-destructive path.
Picked up 1 items.
Picked up 0 items.
Picked up 0 items.
Picked up 0 items.
Picked up 0 items.
Picked up 0 items.
Collected 0 oak_log.
[TaskRunner] Step 2/5: craft {"item":"oak_planks","count":16}
[TaskRunner] Step 2 (craft) failed: Missing resources to craft oak_planks. Need: oak_log: 1
[TaskRunner] Failed step 2 (craft): Missing resources to craft oak_planks. Need: oak_log: 1
[MotorCortex DIAG] runGoal called: task=avoid_hazard steps=2 force=false busy=false
[Ayushi OS] 🧠 Executive Brain initiated task: avoid_hazard
[TaskRunner] Starting task with 2 steps...
[TaskRunner] Step 1/2: go_surface {"destination":"surface"}
  [Skill] Path not found, but attempting to navigate anyway using destructive movements.
Picked up 0 items.
Pathfinding stopped: The goal was changed before it could be completed!.
Going to the surface at y=75.
[TaskRunner] Step 2/2: wait {"ms":2000}
  [Skill] Picked up 0 items.
[TaskRunner] Task complete!
[MotorCortex DIAG] runGoal called: task=build_base steps=5 force=false busy=false
[Ayushi OS] 🧠 Executive Brain initiated task: build_base
[TaskRunner] Starting task with 5 steps...
[TaskRunner] Step 1/5: collect {"item":"oak_log","count":12}
  [Skill] Picked up 0 items.
Picked up 0 items.
Picked up 0 items.
Picked up 0 items.
Picked up 0 items.
Picked up 0 items.
Picked up 0 items.
Picked up 0 items.
Picked up 0 items.
Picked up 0 items.
Picked up 0 items.
Collected 0 oak_log.
Picked up 0 items.
Picked up 0 items.
Picked up 0 items.
Picked up 0 items.
Picked up 0 items.
Picked up 0 items.
Picked up 0 items.
Collected 0 oak_log.
[TaskRunner] Step 2/5: craft {"item":"oak_planks","count":16}
[TaskRunner] Step 2 (craft) failed: Missing resources to craft oak_planks. Need: oak_log: 1
[TaskRunner] Failed step 2 (craft): Missing resources to craft oak_planks. Need: oak_log: 1
[MotorCortex DIAG] runGoal called: task=avoid_hazard steps=2 force=false busy=false
[Ayushi OS] 🧠 Executive Brain initiated task: avoid_hazard
[TaskRunner] Starting task with 2 steps...
[TaskRunner] Step 1/2: go_surface {"destination":"surface"}
  [Skill] Path not found, but attempting to navigate anyway using destructive movements.
Picked up 0 items.
Pathfinding stopped: The goal was changed before it could be completed!.
Going to the surface at y=78.
[TaskRunner] Step 2/2: wait {"ms":2000}
  [Skill] Picked up 0 items.
[TaskRunner] Task complete!
[MotorCortex DIAG] runGoal called: task=build_base steps=5 force=false busy=false
[Ayushi OS] 🧠 Executive Brain initiated task: build_base
[TaskRunner] Starting task with 5 steps...
[TaskRunner] Step 1/5: collect {"item":"oak_log","count":12}
  [Skill] Picked up 0 items.
Picked up 0 items.
Picked up 0 items.
Picked up 0 items.
Picked up 0 items.
Picked up 0 items.
Picked up 0 items.
Picked up 0 items.
Picked up 0 items.
Picked up 0 items.
Picked up 0 items.
Collected 0 oak_log.
Picked up 0 items.
Picked up 0 items.
Path not found, but attempting to navigate anyway using destructive movements.
Path not found, but attempting to navigate anyway using destructive movements.
Picked up 2 items.
Picked up 0 items.
Picked up 0 items.
Picked up 0 items.
Picked up 0 items.
Collected 0 oak_log.
[TaskRunner] Step 2/5: craft {"item":"oak_planks","count":16}
[TaskRunner] Step 2 (craft) failed: Missing resources to craft oak_planks. Need: oak_log: 1
[TaskRunner] Failed step 2 (craft): Missing resources to craft oak_planks. Need: oak_log: 1
[MotorCortex DIAG] runGoal called: task=avoid_hazard steps=2 force=false busy=false
[Ayushi OS] 🧠 Executive Brain initiated task: avoid_hazard
[TaskRunner] Starting task with 2 steps...
[TaskRunner] Step 1/2: go_surface {"destination":"surface"}
  [Skill] Path not found, but attempting to navigate anyway using destructive movements.
Unable to reach 554, 70, 177, you are 7 blocks away.
Going to the surface at y=70.
[TaskRunner] Step 2/2: wait {"ms":2000}
  [Skill] Picked up 0 items.
[TaskRunner] Task complete!
[MotorCortex DIAG] runGoal called: task=build_base steps=5 force=false busy=false
[Ayushi OS] 🧠 Executive Brain initiated task: build_base
[TaskRunner] Starting task with 5 steps...
[TaskRunner] Step 1/5: collect {"item":"oak_log","count":12}
  [Skill] Picked up 0 items.
Picked up 0 items.
Picked up 0 items.
Picked up 0 items.
Picked up 0 items.
Picked up 0 items.
Picked up 0 items.
Picked up 0 items.
Picked up 0 items.
Picked up 0 items.
Picked up 0 items.
Collected 0 oak_log.
Picked up 0 items.
Picked up 0 items.
Picked up 0 items.
Picked up 0 items.
Picked up 0 items.
Picked up 0 items.
Found non-destructive path.
Path not found, but attempting to navigate anyway using destructive movements.
Found destructive path.
Found non-destructive path.
Found destructive path.
Found destructive path.
Found non-destructive path.
Found non-destructive path.
Found non-destructive path.
Picked up 9 items.
Collected 0 oak_log.
[TaskRunner] Step 2/5: craft {"item":"oak_planks","count":16}
[TaskRunner] Step 2 (craft) failed: Missing resources to craft oak_planks. Need: oak_log: 1
[TaskRunner] Failed step 2 (craft): Missing resources to craft oak_planks. Need: oak_log: 1
[MotorCortex DIAG] runGoal called: task=avoid_hazard steps=2 force=false busy=false
[Ayushi OS] 🧠 Executive Brain initiated task: avoid_hazard
[TaskRunner] Starting task with 2 steps...
[TaskRunner] Step 1/2: go_surface {"destination":"surface"}
  [Skill] Found non-destructive path.
You have reached at 551, 74, 170.
Going to the surface at y=74.
[TaskRunner] Step 2/2: wait {"ms":2000}
  [Skill] Picked up 0 items.
[TaskRunner] Task complete!
[Modes] Hunting sheep!
[MotorCortex DIAG] runGoal called: task=build_base steps=5 force=false busy=false
[Ayushi OS] 🧠 Executive Brain initiated task: build_base
[TaskRunner] Starting task with 5 steps...
[TaskRunner] Step 1/5: collect {"item":"oak_log","count":12}
  [Skill] 0 items.
Collected 0 oak_log.
[TaskRunner] Step 2/5: craft {"item":"oak_planks","count":16}
[TaskRunner] Step 2 (craft) failed: Missing resources to craft oak_planks. Need: oak_log: 1
[TaskRunner] Failed step 2 (craft): Missing resources to craft oak_planks. Need: oak_log: 1
[MotorCortex DIAG] runGoal called: task=avoid_hazard steps=2 force=false busy=false
[Ayushi OS] 🧠 Executive Brain initiated task: avoid_hazard
[TaskRunner] Starting task with 2 steps...
[TaskRunner] Step 1/2: go_surface {"destination":"surface"}
  [Skill] Found non-destructive path.
You have reached at 557, 70, 154.
Going to the surface at y=70.
[TaskRunner] Step 2/2: wait {"ms":2000}
  [Skill] Picked up 0 items.
[TaskRunner] Task complete!
[MotorCortex DIAG] runGoal called: task=build_base steps=5 force=false busy=false
[Ayushi OS] 🧠 Executive Brain initiated task: build_base
[TaskRunner] Starting task with 5 steps...
[TaskRunner] Step 1/5: collect {"item":"oak_log","count":12}
  [Skill] Picked up 0 items.
Picked up 0 items.
Picked up 0 items.
Picked up 0 items.
Picked up 0 items.
Picked up 0 items.
Picked up 0 items.
Picked up 0 items.
Picked up 0 items.
Picked up 0 items.
Picked up 0 items.
Collected 0 oak_log.
Found non-destructive path.
Found non-destructive path.
Picked up 2 items.
Picked up 0 items.
Picked up 0 items.
Picked up 0 items.
Picked up 0 items.
Picked up 0 items.
Picked up 0 items.
Collected 0 oak_log.
[TaskRunner] Step 2/5: craft {"item":"oak_planks","count":16}
[TaskRunner] Step 2 (craft) failed: Missing resources to craft oak_planks. Need: oak_log: 1
[TaskRunner] Failed step 2 (craft): Missing resources to craft oak_planks. Need: oak_log: 1
[MotorCortex DIAG] runGoal called: task=avoid_hazard steps=2 force=false busy=false
[Ayushi OS] 🧠 Executive Brain initiated task: avoid_hazard
[TaskRunner] Starting task with 2 steps...
[TaskRunner] Step 1/2: go_surface {"destination":"surface"}
  [Skill] Found non-destructive path.
You have reached at 547, 66, 142.
Going to the surface at y=66.
[TaskRunner] Step 2/2: wait {"ms":2000}
  [Skill] Picked up 0 items.
Picked up 0 items.
[TaskRunner] Task complete!
[MotorCortex DIAG] runGoal called: task=build_base steps=5 force=false busy=false
[Ayushi OS] 🧠 Executive Brain initiated task: build_base
[TaskRunner] Starting task with 5 steps...
[TaskRunner] Step 1/5: collect {"item":"oak_log","count":12}
  [Skill] Path not found, but attempting to navigate anyway using destructive movements.
Found non-destructive path.
Failed to collect oak_log: GoalChanged: The goal was changed before it could be completed!.
Picked up 1 items.
Picked up 0 items.
Picked up 0 items.
Picked up 0 items.
Picked up 0 items.
Picked up 0 items.
Found non-destructive path.
Picked up 1 items.
Picked up 0 items.
Picked up 0 items.
Picked up 0 items.
Picked up 0 items.
Picked up 0 items.
Collected 0 oak_log.
[TaskRunner] Step 2/5: craft {"item":"oak_planks","count":16}
[TaskRunner] Step 2 (craft) failed: Missing resources to craft oak_planks. Need: oak_log: 1
[TaskRunner] Failed step 2 (craft): Missing resources to craft oak_planks. Need: oak_log: 1
[MotorCortex DIAG] runGoal called: task=avoid_hazard steps=2 force=false busy=false
[Ayushi OS] 🧠 Executive Brain initiated task: avoid_hazard
[TaskRunner] Starting task with 2 steps...
[TaskRunner] Step 1/2: go_surface {"destination":"surface"}
  [Skill] Path not found, but attempting to navigate anyway using destructive movements.
Unable to reach 528, 68, 136, you are 5 blocks away.
Going to the surface at y=68.
[TaskRunner] Step 2/2: wait {"ms":2000}
[TaskRunner] Task complete!
[MotorCortex DIAG] runGoal called: task=build_base steps=5 force=false busy=false
[Ayushi OS] 🧠 Executive Brain initiated task: build_base
[TaskRunner] Starting task with 5 steps...
[TaskRunner] Step 1/5: collect {"item":"oak_log","count":12}
[TaskRunner] Step 1 (collect) failed: Cannot read properties of null (reading 'x')
[TaskRunner] Failed step 1 (collect): Cannot read properties of null (reading 'x')
[MotorCortex DIAG] runGoal called: task=explore_unknown steps=2 force=false busy=false
[Ayushi OS] 🧠 Executive Brain initiated task: explore_unknown
[TaskRunner] Starting task with 2 steps...
[TaskRunner] Step 1/2: move_to {"x":537,"y":63,"z":155,"range":5}
[TaskRunner] Move retry 1/3 — attempting recovery...
[TaskRunner] Move retry 2/3 — attempting recovery...
[TaskRunner] Step 1 (move_to) failed: Failed to reach 537, 63, 155 after 3 attempts
[TaskRunner] Failed step 1 (move_to): Failed to reach 537, 63, 155 after 3 attempts
[MotorCortex DIAG] runGoal called: task=avoid_hazard steps=2 force=false busy=false
[Ayushi OS] 🧠 Executive Brain initiated task: avoid_hazard
[TaskRunner] Starting task with 2 steps...
[TaskRunner] Step 1/2: go_surface {"destination":"surface"}
  [Skill] Path not found, but attempting to navigate anyway using destructive movements.
Picked up 0 items.
Collected 0 oak_log.
You have reached at 525, 68, 146.
Going to the surface at y=68.
[TaskRunner] Step 2/2: wait {"ms":2000}
[TaskRunner] Task complete!
Unpausing mode cowardice
Unpausing mode cowardice
[MotorCortex DIAG] runGoal called: task=avoid_hazard steps=2 force=false busy=false
[Ayushi OS] 🧠 Executive Brain initiated task: avoid_hazard
[TaskRunner] Starting task with 2 steps...
[TaskRunner] Step 1/2: go_surface {"destination":"surface"}
  [Skill] Found non-destructive path.
You have reached at 525, 68, 146.
Going to the surface at y=68.
[TaskRunner] Step 2/2: wait {"ms":2000}
[TaskRunner] Task complete!
[MotorCortex DIAG] runGoal called: task=build_base steps=5 force=false busy=false
[Ayushi OS] 🧠 Executive Brain initiated task: build_base
[TaskRunner] Starting task with 5 steps...
[TaskRunner] Step 1/5: collect {"item":"oak_log","count":12}
[Modes] I'm stuck!
[TaskRunner] Step 1 (collect) failed: Cannot read properties of null (reading 'x')
[TaskRunner] Failed step 1 (collect): Cannot read properties of null (reading 'x')
[MotorCortex DIAG] runGoal called: task=avoid_hazard steps=2 force=false busy=false
[Ayushi OS] 🧠 Executive Brain initiated task: avoid_hazard
[TaskRunner] Starting task with 2 steps...
[TaskRunner] Step 1/2: go_surface {"destination":"surface"}
  [Skill] Path not found, but attempting to navigate anyway using destructive movements.
Unable to reach 524, 66, 149, you are 3 blocks away.
Going to the surface at y=66.
[TaskRunner] Step 2/2: wait {"ms":2000}
  [Skill] Picked up 0 items.
[TaskRunner] Task complete!
[MotorCortex DIAG] runGoal called: task=seek_safety steps=2 force=false busy=false
[Ayushi OS] 🧠 Executive Brain initiated task: seek_safety
[TaskRunner] Starting task with 2 steps...
[TaskRunner] Step 1/2: go_surface {"destination":"surface"}
  [Skill] Path not found, but attempting to navigate anyway using destructive movements.
Unable to reach 524, 64, 154, you are 1 blocks away.
Going to the surface at y=64.
[TaskRunner] Step 2/2: wait {"ms":2000}
  [Skill] Picked up 0 items.
Picked up 0 items.
[TaskRunner] Task complete!
[MotorCortex DIAG] runGoal called: task=build_base steps=5 force=false busy=false
[Ayushi OS] 🧠 Executive Brain initiated task: build_base
[TaskRunner] Starting task with 5 steps...
[TaskRunner] Step 1/5: collect {"item":"oak_log","count":12}
[Agent] Exiting.
Agent ayushi_ds_2026 disconnected
Agent process exited with code 1 and signal null
Restart #1 — waiting 5.8s before reconnecting...
Restarting agent...
Failed to load model module: cerebras.js Cannot find package '@cerebras/cerebras_cloud_sdk' imported from C:\Users\updes\mindcraft\src\models\cerebras.js
Failed to load model module: claude.js Cannot find package '@anthropic-ai/sdk' imported from C:\Users\updes\mindcraft\src\models\claude.js
Failed to load model module: gemini.js Cannot find package '@google/genai' imported from C:\Users\updes\mindcraft\src\models\gemini.js
Failed to load model module: groq.js Cannot find package 'groq-sdk' imported from C:\Users\updes\mindcraft\src\models\groq.js
Failed to load model module: huggingface.js Cannot find package '@huggingface/inference' imported from C:\Users\updes\mindcraft\src\models\huggingface.js
Failed to load model module: mistral.js Cannot find package '@mistralai/mistralai' imported from C:\Users\updes\mindcraft\src\models\mistral.js
Failed to load model module: replicate.js Cannot find package 'replicate' imported from C:\Users\updes\mindcraft\src\models\replicate.js
Connecting to MindServer
Client connected
ayushi_ds_2026 connected to MindServer
Starting agent
Initializing agent ayushi_ds_2026...
[BTMemory] Loaded from ./bots/ayushi_ds_2026/bt_memory.json
Examples initialized.
No task.
ayushi_ds_2026 logging into minecraft...
[AuthHandler] Offline mode — skipping auth for ayushi_ds_2026.
ayushi_ds_2026 updating available agents
ayushi_ds_2026 logged in!
Initializing vision intepreter...
[ServerAnalyzer] [CMD] Passive mode — observe only, no probing.
[ServerAnalyzer] Starting server analysis...
[ServerAnalyzer] [CMD] Skipping active discovery (passive mode).
ayushi_ds_2026 updating available agents
ayushi_ds_2026 spawned.
[Connection] Bot spawned.
[Connection] State: unknown -> proxy
[Connection] Classifying world...
[ServerAnalyzer] Boot phase 1: Chat listeners active

########################################################
##         RUNTIME ENVIRONMENT REPORT (INITIAL)       ##
########################################################

########################################################
##               RUNTIME ENVIRONMENT REPORT           ##
########################################################

=== [DEBUG: PLAYER HOTBAR] ===
    Hotbar #0 (Slot 36): Bone (bone) x2
    Hotbar #1 (Slot 37): Oak Sapling (oak_sapling) x32
    Hotbar #2 (Slot 38): Gunpowder (gunpowder) x2
    Hotbar #3 (Slot 39): Leaf Litter (leaf_litter) x15
    Hotbar #4 (Slot 40): Spider Eye (spider_eye) x1
    Hotbar #5 (Slot 41): String (string) x2
    Hotbar #6 (Slot 42): Stick (stick) x23
    Hotbar #7 (Slot 43): Rotten Flesh (rotten_flesh) x1
    Hotbar #8 (Slot 44): Raw Salmon (salmon) x1
==============================


=== [DEBUG: SCOREBOARD] ===
=============================


=== [DEBUG: ACTIVE BOSSBARS] ===
No active bossbars.

=== [DEBUG: NEARBY ENTITIES / NPCs] ===
  - [PLAYER] ayushi_ds_2026 | Dist: 0.0m | Pos: (521, 63, 154)
========================================


=== [DEBUG: CURRENT OPEN WINDOW] ===
No active Container UI / Chest window open.
########################################################

########################################################

[WorldDetector] Classifying world (attempt 1)...
[WorldDetector] World classified as: survival (confidence: 20%, scoreboard: "none", gamemode: creative)
[Connection] Initial classification: survival (confidence: 20%)
[Connection] State: proxy -> survival
[Connection] Connected to survival world!
[Agent] Connection ready: world=survival, server=unknown
[ServerCapabilities] Detecting server capabilities...
[ServerCapabilities] Detected: break=true, compass=false, npcs=false, gui=undefined
[TaskQueue] Loaded 0 pending tasks from disk
[Agent] Already in survival (gameMode=creative, state=survival) — proceeding directly
[EpisodicReplay] Consolidated 10 duplicate memories
[Modes] Picking up item!
[ServerAnalyzer] Boot phase 2: Command discovery running
[Agent] At (533, 62, 150). Trying to join survival via commands...
[CHAT:messagestr] Unknown or incomplete command. See below for error
[CHAT:messagestr] survival<--[HERE]
[CHAT:messagestr] Unknown or incomplete command. See below for error
[CHAT:messagestr] server survival<--[HERE]
[CHAT:messagestr] Unknown or incomplete command. See below for error
[CHAT:messagestr] join survival<--[HERE]
[Agent] Joined survival via "/join survival" (moved 10m)
[Ayushi OS] ✅ All systems online. ayushi_ds_2026 is awake.
[ServerAnalyzer] [CMD] Passive mode — observe only, no probing.
[AyushiOS] Brain booted — knowledge pipeline + advisors online.
[ServerAnalyzer] Boot phase 3: World scan starting
[MotorCortex DIAG] runGoal called: task=avoid_hazard steps=2 force=false busy=false
[Ayushi OS] 🧠 Executive Brain initiated task: avoid_hazard
[TaskRunner] Starting task with 2 steps...
[TaskRunner] Step 1/2: go_surface {"destination":"surface"}
  [Skill] Path not found, but attempting to navigate anyway using destructive movements.
Unable to reach 540, 68, 156, you are 5 blocks away.
Going to the surface at y=68.
[TaskRunner] Step 2/2: wait {"ms":2000}
  [Skill] Picked up 0 items.
Picked up 0 items.
Collected 0 oak_log.
[TaskRunner] Task complete!
[MotorCortex DIAG] runGoal called: task=build_base steps=5 force=false busy=false
[Ayushi OS] 🧠 Executive Brain initiated task: build_base
[TaskRunner] Starting task with 5 steps...
[TaskRunner] Step 1/5: collect {"item":"oak_log","count":12}
  [Skill] Picked up 0 items.
Picked up 0 items.
Picked up 0 items.
Picked up 0 items.
Picked up 0 items.
Picked up 0 items.
Picked up 0 items.
Picked up 0 items.
Picked up 0 items.
Picked up 0 items.
Picked up 0 items.
Picked up 0 items.
Picked up 0 items.
Picked up 0 items.
Picked up 0 items.
Collected 0 oak_log.
Picked up 0 items.
Picked up 0 items.
Picked up 0 items.
Found non-destructive path.
Picked up 1 items.
Picked up 0 items.
Collected 0 oak_log.
[TaskRunner] Step 2/5: craft {"item":"oak_planks","count":16}
[TaskRunner] Step 2 (craft) failed: Missing resources to craft oak_planks. Need: oak_log: 1
[TaskRunner] Failed step 2 (craft): Missing resources to craft oak_planks. Need: oak_log: 1
[ServerAnalyzer] Boot complete. Server analysis fully active.
[ServerAnalyzer] === Server Analysis Summary ===
[ServerAnalyzer] Server: Unknown | Claims: factions | PvP: true
[ServerAnalyzer] Plugins: VotingPlugin(80%), WorldGuard(30%)
[ServerAnalyzer] Economy: unknown
[ServerAnalyzer] Commands discovered: 9
[ServerAnalyzer] Locations mapped: 5
[ServerAnalyzer] Dangers: 3
[ServerAnalyzer] Players tracked: 5
[ServerAnalyzer] Rules: 1
[ServerAnalyzer] ================================
[MotorCortex DIAG] runGoal called: task=avoid_hazard steps=2 force=false busy=false
[Ayushi OS] 🧠 Executive Brain initiated task: avoid_hazard
[TaskRunner] Starting task with 2 steps...
[TaskRunner] Step 1/2: go_surface {"destination":"surface"}
  [Skill] Path not found, but attempting to navigate anyway using destructive movements.
Unable to reach 534, 68, 149, you are 6 blocks away.
Going to the surface at y=68.
[TaskRunner] Step 2/2: wait {"ms":2000}
  [Skill] Picked up 0 items.
[TaskRunner] Task complete!
[MotorCortex DIAG] runGoal called: task=explore_unknown steps=2 force=false busy=false
[Ayushi OS] 🧠 Executive Brain initiated task: explore_unknown
[TaskRunner] Starting task with 2 steps...
[TaskRunner] Step 1/2: move_to {"x":546,"y":63,"z":160,"range":5}
[TaskRunner] Move retry 1/3 — attempting recovery...
[TaskRunner] Move retry 2/3 — attempting recovery...
  [Skill] Found non-destructive path.
Picked up 0 items.
Pathfinding stopped: The goal was changed before it could be completed!.
Found non-destructive path.
Found non-destructive path.
Pathfinding stopped: The goal was changed before it could be completed!.
Found non-destructive path.
Failed to collect oak_log: GoalChanged: The goal was changed before it could be completed!.
You have reached at 546, 63, 160.
[TaskRunner] Step 2/2: wait {"ms":4000}
[TaskRunner] Task complete!
[MotorCortex DIAG] runGoal called: task=avoid_hazard steps=2 force=false busy=false
[Ayushi OS] 🧠 Executive Brain initiated task: avoid_hazard
[TaskRunner] Starting task with 2 steps...
[TaskRunner] Step 1/2: go_surface {"destination":"surface"}
  [Skill] Path not found, but attempting to navigate anyway using destructive movements.
Unable to reach 543, 68, 157, you are 5 blocks away.
Going to the surface at y=68.
[TaskRunner] Step 2/2: wait {"ms":2000}
  [Skill] Found non-destructive path.
Found non-destructive path.
Found non-destructive path.
[TaskRunner] Task complete!
[MotorCortex DIAG] runGoal called: task=build_base steps=5 force=false busy=false
[Ayushi OS] 🧠 Executive Brain initiated task: build_base
[TaskRunner] Starting task with 5 steps...
[TaskRunner] Step 1/5: collect {"item":"oak_log","count":12}
[defendSelf] chase follow: The goal was changed before it could be completed!
[TaskRunner] Step 2/5: craft {"item":"oak_planks","count":16}
[defendSelf] backup: The goal was changed before it could be completed!
[TaskRunner] Step 2 (craft) failed: Missing resources to craft oak_planks. Need: oak_log: 1
[TaskRunner] Failed step 2 (craft): Missing resources to craft oak_planks. Need: oak_log: 1
[MotorCortex DIAG] runGoal called: task=avoid_hazard steps=2 force=false busy=false
[Ayushi OS] 🧠 Executive Brain initiated task: avoid_hazard
[TaskRunner] Starting task with 2 steps...
[TaskRunner] Step 1/2: go_surface {"destination":"surface"}
[defendSelf] backup: The goal was changed before it could be completed!
  [Skill] Path not found, but attempting to navigate anyway using destructive movements.
Unable to reach 572, 73, 148, you are 5 blocks away.
Going to the surface at y=73.
[TaskRunner] Step 2/2: wait {"ms":2000}
[TaskRunner] Task complete!
[MotorCortex DIAG] runGoal called: task=seek_safety steps=2 force=false busy=false
[Ayushi OS] 🧠 Executive Brain initiated task: seek_safety
[TaskRunner] Starting task with 2 steps...
[TaskRunner] Step 1/2: go_surface {"destination":"surface"}
  [Skill] Path not found, but attempting to navigate anyway using destructive movements.
Unable to reach 571, 73, 147, you are 5 blocks away.
Going to the surface at y=73.
[TaskRunner] Step 2/2: wait {"ms":2000}
[defendSelf] chase follow: The goal was changed before it could be completed!
[TaskRunner] Task complete!
[MotorCortex DIAG] runGoal called: task=avoid_hazard steps=2 force=false busy=false
[Ayushi OS] 🧠 Executive Brain initiated task: avoid_hazard
[TaskRunner] Starting task with 2 steps...
[TaskRunner] Step 1/2: go_surface {"destination":"surface"}
  [Skill] Path not found, but attempting to navigate anyway using destructive movements.
Unable to reach 573, 69, 143, you are 1 blocks away.
Going to the surface at y=69.
[TaskRunner] Step 2/2: wait {"ms":2000}
[TaskRunner] Task complete!
[MotorCortex DIAG] runGoal called: task=seek_safety steps=2 force=false busy=false
[Ayushi OS] 🧠 Executive Brain initiated task: seek_safety
[TaskRunner] Starting task with 2 steps...
[TaskRunner] Step 1/2: go_surface {"destination":"surface"}
  [Skill] Path not found, but attempting to navigate anyway using destructive movements.
Unable to reach 573, 69, 143, you are 1 blocks away.
Going to the surface at y=69.
[TaskRunner] Step 2/2: wait {"ms":2000}
[TaskRunner] Task complete!
[MotorCortex DIAG] runGoal called: task=build_base steps=5 force=false busy=false
[Ayushi OS] 🧠 Executive Brain initiated task: build_base
[TaskRunner] Starting task with 5 steps...
[TaskRunner] Step 1/5: collect {"item":"oak_log","count":12}
[defendSelf] chase follow: The goal was changed before it could be completed!
[defendSelf] chase follow: The goal was changed before it could be completed!
[defendSelf] chase follow: The goal was changed before it could be completed!
[defendSelf] chase follow: The goal was changed before it could be completed!
[defendSelf] chase follow: The goal was changed before it could be completed!
  [Skill] Picked up 0 items.
Picked up 0 items.
Picked up 0 items.
Picked up 0 items.
Picked up 0 items.
Picked up 0 items.
Picked up 0 items.
Picked up 0 items.
Picked up 0 items.
Picked up 0 items.
Picked up 0 items.
Picked up 0 items.
Collected 0 oak_log.
[TaskRunner] Step 2/5: craft {"item":"oak_planks","count":16}
[TaskRunner] Step 2 (craft) failed: Missing resources to craft oak_planks. Need: oak_log: 1
[TaskRunner] Failed step 2 (craft): Missing resources to craft oak_planks. Need: oak_log: 1
[MotorCortex DIAG] runGoal called: task=avoid_hazard steps=2 force=false busy=false
[Ayushi OS] 🧠 Executive Brain initiated task: avoid_hazard
[TaskRunner] Starting task with 2 steps...
[TaskRunner] Step 1/2: go_surface {"destination":"surface"}
  [Skill] Path not found, but attempting to navigate anyway using destructive movements.
Pathfinding stopped: The goal was changed before it could be completed!.
Going to the surface at y=77.
[TaskRunner] Step 2/2: wait {"ms":2000}
[TaskRunner] Task complete!
[MotorCortex DIAG] runGoal called: task=seek_safety steps=2 force=false busy=false
[Ayushi OS] 🧠 Executive Brain initiated task: seek_safety
[TaskRunner] Starting task with 2 steps...
[TaskRunner] Step 1/2: go_surface {"destination":"surface"}
  [Skill] Path not found, but attempting to navigate anyway using destructive movements.
Pathfinding stopped: The goal was changed before it could be completed!.
Going to the surface at y=77.
[TaskRunner] Step 2/2: wait {"ms":2000}
[TaskRunner] Task complete!
[MotorCortex DIAG] runGoal called: task=eat steps=1 force=false busy=false
[Ayushi OS] 🧠 Executive Brain initiated task: eat
[TaskRunner] Starting task with 1 steps...
[TaskRunner] Step 1/1: eat {"minFoodLevel":20}
[TaskRunner] Food level 20/20, skipping eat.
[TaskRunner] Task complete!
[MotorCortex DIAG] runGoal called: task=idle steps=0 force=false busy=false
[MotorCortex DIAG] runGoal SKIPPED — no steps
[defendSelf] backup: The goal was changed before it could be completed!
[MotorCortex DIAG] runGoal called: task=idle steps=0 force=false busy=false
[MotorCortex DIAG] runGoal SKIPPED — no steps
[MotorCortex DIAG] runGoal called: task=idle steps=0 force=false busy=false
[MotorCortex DIAG] runGoal SKIPPED — no steps
[MotorCortex DIAG] runGoal called: task=avoid_hazard steps=2 force=false busy=false
[Ayushi OS] 🧠 Executive Brain initiated task: avoid_hazard
[TaskRunner] Starting task with 2 steps...
[TaskRunner] Step 1/2: go_surface {"destination":"surface"}
  [Skill] Path not found, but attempting to navigate anyway using destructive movements.
Unable to reach 588, 81, 148, you are 16 blocks away.
Going to the surface at y=81.
[TaskRunner] Step 2/2: wait {"ms":2000}
[TaskRunner] Task complete!
[MotorCortex DIAG] runGoal called: task=seek_safety steps=2 force=false busy=false
[Ayushi OS] 🧠 Executive Brain initiated task: seek_safety
[TaskRunner] Starting task with 2 steps...
[TaskRunner] Step 1/2: go_surface {"destination":"surface"}
  [Skill] Path not found, but attempting to navigate anyway using destructive movements.
Pathfinding stopped: The goal was changed before it could be completed!.
Going to the surface at y=80.
[TaskRunner] Step 2/2: wait {"ms":2000}
[TaskRunner] Task complete!
[MotorCortex DIAG] runGoal called: task=build_base steps=5 force=false busy=false
[Ayushi OS] 🧠 Executive Brain initiated task: build_base
[TaskRunner] Starting task with 5 steps...
[TaskRunner] Step 1/5: collect {"item":"oak_log","count":12}
[defendSelf] chase follow: The goal was changed before it could be completed!
[defendSelf] chase follow: The goal was changed before it could be completed!
[defendSelf] backup: The goal was changed before it could be completed!
[defendSelf] backup: The goal was changed before it could be completed!
[defendSelf] chase follow: The goal was changed before it could be completed!
[defendSelf] backup: The goal was changed before it could be completed!
  [Skill] Picked up 0 items.
Picked up 0 items.
Picked up 0 items.
Picked up 0 items.
Picked up 0 items.
Picked up 0 items.
Picked up 0 items.
Picked up 0 items.
Picked up 0 items.
Picked up 0 items.
Picked up 0 items.
Picked up 0 items.
Collected 0 oak_log.
[TaskRunner] Step 2/5: craft {"item":"oak_planks","count":16}
[TaskRunner] Step 2 (craft) failed: Missing resources to craft oak_planks. Need: oak_log: 1
[TaskRunner] Failed step 2 (craft): Missing resources to craft oak_planks. Need: oak_log: 1
[MotorCortex DIAG] runGoal called: task=avoid_hazard steps=2 force=false busy=false
[Ayushi OS] 🧠 Executive Brain initiated task: avoid_hazard
[TaskRunner] Starting task with 2 steps...
[TaskRunner] Step 1/2: go_surface {"destination":"surface"}
  [Skill] Found non-destructive path.
Pathfinding stopped: The goal was changed before it could be completed!.
Going to the surface at y=71.
[TaskRunner] Step 2/2: wait {"ms":2000}
[TaskRunner] Task complete!
[MotorCortex DIAG] runGoal called: task=seek_safety steps=2 force=false busy=false
[Ayushi OS] 🧠 Executive Brain initiated task: seek_safety
[TaskRunner] Starting task with 2 steps...
[TaskRunner] Step 1/2: go_surface {"destination":"surface"}
[defendSelf] chase follow: The goal was changed before it could be completed!
  [Skill] Path not found, but attempting to navigate anyway using destructive movements.
Unable to reach 584, 70, 137, you are 6 blocks away.
Going to the surface at y=70.
[TaskRunner] Step 2/2: wait {"ms":2000}
Unpausing mode cowardice
Unpausing mode self_defense
[TaskRunner] Task complete!
[Modes] Picking up item!
[MotorCortex DIAG] runGoal called: task=build_base steps=5 force=false busy=false
[Ayushi OS] 🧠 Executive Brain initiated task: build_base
[TaskRunner] Starting task with 5 steps...
[TaskRunner] Step 1/5: collect {"item":"oak_log","count":12}
[defendSelf] chase follow: The goal was changed before it could be completed!
[TaskRunner] Step 1 (collect) failed: Cannot read properties of null (reading 'x')
[TaskRunner] Failed step 1 (collect): Cannot read properties of null (reading 'x')
Unpausing mode cowardice
Unpausing mode self_defense
[MotorCortex DIAG] runGoal called: task=avoid_hazard steps=2 force=false busy=false
[Ayushi OS] 🧠 Executive Brain initiated task: avoid_hazard
[TaskRunner] Starting task with 2 steps...
[TaskRunner] Step 1/2: go_surface {"destination":"surface"}
  [Skill] Found non-destructive path.
You have reached at 583, 66, 164.
Going to the surface at y=66.
[TaskRunner] Step 2/2: wait {"ms":2000}
[TaskRunner] Task complete!
[MotorCortex DIAG] runGoal called: task=seek_safety steps=2 force=false busy=false
[Ayushi OS] 🧠 Executive Brain initiated task: seek_safety
[TaskRunner] Starting task with 2 steps...
[TaskRunner] Step 1/2: go_surface {"destination":"surface"}
  [Skill] Found non-destructive path.
You have reached at 585, 67, 164.
Going to the surface at y=67.
[TaskRunner] Step 2/2: wait {"ms":2000}
  [Skill] Picked up 0 items.
Picked up 0 items.
[TaskRunner] Task complete!
[MotorCortex DIAG] runGoal called: task=eat steps=1 force=false busy=false
[Ayushi OS] 🧠 Executive Brain initiated task: eat
[TaskRunner] Starting task with 1 steps...
[TaskRunner] Step 1/1: eat {"minFoodLevel":20}
[TaskRunner] Food level 20/20, skipping eat.
[TaskRunner] Task complete!
[MotorCortex DIAG] runGoal called: task=build_base steps=5 force=false busy=false
[Ayushi OS] 🧠 Executive Brain initiated task: build_base
[TaskRunner] Starting task with 5 steps...
[TaskRunner] Step 1/5: collect {"item":"oak_log","count":12}
  [Skill] Picked up 0 items.
Picked up 0 items.
Picked up 0 items.
Picked up 0 items.
Picked up 0 items.
Picked up 0 items.
Picked up 0 items.
Picked up 0 items.
Picked up 0 items.
Picked up 0 items.
Picked up 0 items.
Collected 0 oak_log.
Path not found, but attempting to navigate anyway using destructive movements.
Picked up 1 items.
Picked up 0 items.
Picked up 0 items.
Picked up 0 items.
Picked up 0 items.
Picked up 0 items.
Picked up 0 items.
Collected 0 oak_log.
[TaskRunner] Step 2/5: craft {"item":"oak_planks","count":16}
[TaskRunner] Step 2 (craft) failed: Missing resources to craft oak_planks. Need: oak_log: 1
[TaskRunner] Failed step 2 (craft): Missing resources to craft oak_planks. Need: oak_log: 1
[MotorCortex DIAG] runGoal called: task=avoid_hazard steps=2 force=false busy=false
[Ayushi OS] 🧠 Executive Brain initiated task: avoid_hazard
[TaskRunner] Starting task with 2 steps...
[TaskRunner] Step 1/2: go_surface {"destination":"surface"}
  [Skill] Path not found, but attempting to navigate anyway using destructive movements.
Unable to reach 593, 72, 173, you are 6 blocks away.
Going to the surface at y=72.
[TaskRunner] Step 2/2: wait {"ms":2000}
[TaskRunner] Task complete!
[MotorCortex DIAG] runGoal called: task=avoid_hazard steps=2 force=false busy=false
[Ayushi OS] 🧠 Executive Brain initiated task: avoid_hazard
[TaskRunner] Starting task with 2 steps...
[TaskRunner] Step 1/2: go_surface {"destination":"surface"}
  [Skill] Path not found, but attempting to navigate anyway using destructive movements.
Picked up 0 items.
Pathfinding stopped: The goal was changed before it could be completed!.
Going to the surface at y=72.
[TaskRunner] Step 2/2: wait {"ms":2000}
[TaskRunner] Task complete!
[MotorCortex DIAG] runGoal called: task=build_base steps=5 force=false busy=false
[Ayushi OS] 🧠 Executive Brain initiated task: build_base
[TaskRunner] Starting task with 5 steps...
[TaskRunner] Step 1/5: collect {"item":"oak_log","count":12}
  [Skill] Picked up 0 items.
Picked up 0 items.
Picked up 0 items.
Picked up 0 items.
Picked up 0 items.
Picked up 0 items.
Picked up 0 items.
Picked up 0 items.
Picked up 0 items.
Picked up 0 items.
Picked up 0 items.
Picked up 0 items.
Picked up 0 items.
Collected 0 oak_log.
Picked up 0 items.
Picked up 0 items.
Picked up 0 items.
Picked up 0 items.
Picked up 0 items.
Picked up 0 items.
Collected 0 oak_log.
[TaskRunner] Step 2/5: craft {"item":"oak_planks","count":16}
[TaskRunner] Step 2 (craft) failed: Missing resources to craft oak_planks. Need: oak_log: 1
[TaskRunner] Failed step 2 (craft): Missing resources to craft oak_planks. Need: oak_log: 1
[Modes] Picking up item!
[MotorCortex DIAG] runGoal called: task=avoid_hazard steps=2 force=false busy=false
[Ayushi OS] 🧠 Executive Brain initiated task: avoid_hazard
[TaskRunner] Starting task with 2 steps...
[TaskRunner] Step 1/2: go_surface {"destination":"surface"}
  [Skill] , you are 7 blocks away.
Going to the surface at y=75.
[TaskRunner] Step 2/2: wait {"ms":2000}
  [Skill] Found non-destructive path.
Picked up 1 items.
Picked up 0 items.
[TaskRunner] Task complete!
[MotorCortex DIAG] runGoal called: task=build_base steps=5 force=false busy=false
[Ayushi OS] 🧠 Executive Brain initiated task: build_base
[TaskRunner] Starting task with 5 steps...
[TaskRunner] Step 1/5: collect {"item":"oak_log","count":12}
[TaskRunner] Step 1 (collect) failed: Cannot read properties of null (reading 'x')
[TaskRunner] Failed step 1 (collect): Cannot read properties of null (reading 'x')
[Modes] Picking up item!
[MotorCortex DIAG] runGoal called: task=avoid_hazard steps=2 force=false busy=false
[Ayushi OS] 🧠 Executive Brain initiated task: avoid_hazard
[TaskRunner] Starting task with 2 steps...
[TaskRunner] Step 1/2: go_surface {"destination":"surface"}
  [Skill] , you are 6 blocks away.
Going to the surface at y=72.
[TaskRunner] Step 2/2: wait {"ms":2000}
  [Skill] Found non-destructive path.
Picked up 0 items.
Found non-destructive path.
Picked up 0 items.
[TaskRunner] Task complete!
[MotorCortex DIAG] runGoal called: task=build_base steps=5 force=false busy=false
[Ayushi OS] 🧠 Executive Brain initiated task: build_base
[TaskRunner] Starting task with 5 steps...
[TaskRunner] Step 1/5: collect {"item":"oak_log","count":12}
  [Skill] Found non-destructive path.
Found non-destructive path.
Found non-destructive path.
Picked up 0 items.
Picked up 0 items.
Picked up 0 items.
Found non-destructive path.
Found non-destructive path.
Failed to collect oak_log: GoalChanged: The goal was changed before it could be completed!.
Picked up 0 items.
Picked up 1 items.
Picked up 0 items.
Picked up 0 items.
Picked up 0 items.
Picked up 0 items.
Picked up 0 items.
Picked up 0 items.
Picked up 0 items.
Found non-destructive path.
Found non-destructive path.
Failed to collect oak_log: GoalChanged: The goal was changed before it could be completed!.
Found non-destructive path.
Found non-destructive path.
Found non-destructive path.
Picked up 4 items.
Picked up 0 items.
Picked up 0 items.
Picked up 0 items.
Picked up 0 items.
Picked up 0 items.
Collected 0 oak_log.
[TaskRunner] Step 2/5: craft {"item":"oak_planks","count":16}
[TaskRunner] Step 2 (craft) failed: Missing resources to craft oak_planks. Need: oak_log: 1
[TaskRunner] Failed step 2 (craft): Missing resources to craft oak_planks. Need: oak_log: 1
[MotorCortex DIAG] runGoal called: task=avoid_hazard steps=2 force=false busy=false
[Ayushi OS] 🧠 Executive Brain initiated task: avoid_hazard
[TaskRunner] Starting task with 2 steps...
[TaskRunner] Step 1/2: go_surface {"destination":"surface"}
  [Skill] Path not found, but attempting to navigate anyway using destructive movements.
Picked up 0 items.
Pathfinding stopped: The goal was changed before it could be completed!.
Going to the surface at y=81.
[TaskRunner] Step 2/2: wait {"ms":2000}
  [Skill] Picked up 0 items.
[TaskRunner] Task complete!
[MotorCortex DIAG] runGoal called: task=build_base steps=5 force=false busy=false
[Ayushi OS] 🧠 Executive Brain initiated task: build_base
[TaskRunner] Starting task with 5 steps...
[TaskRunner] Step 1/5: collect {"item":"oak_log","count":12}
[defendSelf] chase follow: The goal was changed before it could be completed!
[TaskRunner] Step 1 (collect) failed: Cannot read properties of null (reading 'x')
[TaskRunner] Failed step 1 (collect): Cannot read properties of null (reading 'x')
[MotorCortex DIAG] runGoal called: task=avoid_hazard steps=2 force=false busy=false
[Ayushi OS] 🧠 Executive Brain initiated task: avoid_hazard
[TaskRunner] Starting task with 2 steps...
[TaskRunner] Step 1/2: go_surface {"destination":"surface"}
[defendSelf] backup: The goal was changed before it could be completed!
  [Skill] Path not found, but attempting to navigate anyway using destructive movements.
Unable to reach 571, 72, 148, you are 4 blocks away.
Going to the surface at y=72.
[TaskRunner] Step 2/2: wait {"ms":2000}
Unpausing mode cowardice
Unpausing mode self_defense
[TaskRunner] Task complete!
[MotorCortex DIAG] runGoal called: task=build_base steps=5 force=false busy=false
[Ayushi OS] 🧠 Executive Brain initiated task: build_base
[TaskRunner] Starting task with 5 steps...
[TaskRunner] Step 1/5: collect {"item":"oak_log","count":12}
[Modes] I'm stuck!
[TaskRunner] Step 1 (collect) failed: Cannot read properties of null (reading 'x')
[TaskRunner] Failed step 1 (collect): Cannot read properties of null (reading 'x')
[MotorCortex DIAG] runGoal called: task=avoid_hazard steps=2 force=false busy=false
[Ayushi OS] 🧠 Executive Brain initiated task: avoid_hazard
[TaskRunner] Starting task with 2 steps...
[TaskRunner] Step 1/2: go_surface {"destination":"surface"}
  [Skill] Path not found, but attempting to navigate anyway using destructive movements.
Found non-destructive path.
Pathfinding stopped: The goal was changed before it could be completed!.
Going to the surface at y=71.
[TaskRunner] Step 2/2: wait {"ms":2000}
  [Skill] Picked up 1 items.
[TaskRunner] Task complete!
Agent ayushi_ds_2026 disconnected
Disconnected: {"type":"compound","value":{"translate":{"type":"string","value":"disconnect.timeout"}}}
[LoginGuard] Network Error: Connection timed out or was lost.
[Agent] Disconnected — restarting for auto-reconnect.
Disconnected from MindServer
[Agent] Exiting.
Agent process exited with code 1 and signal null
Restart #2 — waiting 5.5s before reconnecting...
Restarting agent...
Failed to load model module: cerebras.js Cannot find package '@cerebras/cerebras_cloud_sdk' imported from C:\Users\updes\mindcraft\src\models\cerebras.js
Failed to load model module: claude.js Cannot find package '@anthropic-ai/sdk' imported from C:\Users\updes\mindcraft\src\models\claude.js
Failed to load model module: gemini.js Cannot find package '@google/genai' imported from C:\Users\updes\mindcraft\src\models\gemini.js
Failed to load model module: groq.js Cannot find package 'groq-sdk' imported from C:\Users\updes\mindcraft\src\models\groq.js
Failed to load model module: huggingface.js Cannot find package '@huggingface/inference' imported from C:\Users\updes\mindcraft\src\models\huggingface.js
Failed to load model module: mistral.js Cannot find package '@mistralai/mistralai' imported from C:\Users\updes\mindcraft\src\models\mistral.js
Failed to load model module: replicate.js Cannot find package 'replicate' imported from C:\Users\updes\mindcraft\src\models\replicate.js
Connecting to MindServer
Client connected
ayushi_ds_2026 connected to MindServer
Starting agent
Initializing agent ayushi_ds_2026...
[BTMemory] Loaded from ./bots/ayushi_ds_2026/bt_memory.json
Examples initialized.
No task.
ayushi_ds_2026 logging into minecraft...
[AuthHandler] Offline mode — skipping auth for ayushi_ds_2026.
ayushi_ds_2026 updating available agents
ayushi_ds_2026 logged in!
Initializing vision intepreter...
[ServerAnalyzer] [CMD] Passive mode — observe only, no probing.
[ServerAnalyzer] Starting server analysis...
[ServerAnalyzer] [CMD] Skipping active discovery (passive mode).
ayushi_ds_2026 updating available agents
ayushi_ds_2026 spawned.
[Connection] Bot spawned.
[Connection] State: unknown -> proxy
[Connection] Classifying world...
[ServerAnalyzer] Boot phase 1: Chat listeners active

########################################################
##         RUNTIME ENVIRONMENT REPORT (INITIAL)       ##
########################################################

########################################################
##               RUNTIME ENVIRONMENT REPORT           ##
########################################################

=== [DEBUG: PLAYER HOTBAR] ===
    Hotbar #0 (Slot 36): Gunpowder (gunpowder) x2
    Hotbar #1 (Slot 37): Leaf Litter (leaf_litter) x20
    Hotbar #2 (Slot 38): Spider Eye (spider_eye) x3
    Hotbar #3 (Slot 39): String (string) x3
    Hotbar #4 (Slot 40): Stick (stick) x34
    Hotbar #5 (Slot 41): Rotten Flesh (rotten_flesh) x1
    Hotbar #6 (Slot 42): Raw Salmon (salmon) x1
    Hotbar #7 (Slot 43): Arrow (arrow) x4
    Hotbar #8 (Slot 44): Oak Sapling (oak_sapling) x46
==============================


=== [DEBUG: SCOREBOARD] ===
=============================


=== [DEBUG: ACTIVE BOSSBARS] ===
No active bossbars.

=== [DEBUG: NEARBY ENTITIES / NPCs] ===
  - [PLAYER] ayushi_ds_2026 | Dist: 0.0m | Pos: (564, 65, 146)
========================================


=== [DEBUG: CURRENT OPEN WINDOW] ===
No active Container UI / Chest window open.
########################################################

########################################################

[WorldDetector] Classifying world (attempt 1)...
[WorldDetector] World classified as: survival (confidence: 20%, scoreboard: "none", gamemode: creative)
[Connection] Initial classification: survival (confidence: 20%)
[Connection] State: proxy -> survival
[Connection] Connected to survival world!
[Agent] Connection ready: world=survival, server=unknown
[ServerCapabilities] Detecting server capabilities...
[ServerCapabilities] Detected: break=true, compass=false, npcs=false, gui=undefined
[TaskQueue] Loaded 0 pending tasks from disk
[Agent] Already in survival (gameMode=creative, state=survival) — proceeding directly
[EpisodicReplay] Consolidated 1 duplicate memories
[Modes] Picking up item!
[ServerAnalyzer] Boot phase 2: Command discovery running
[Agent] At (583, 67, 148). Trying to join survival via commands...
[CHAT:messagestr] Unknown or incomplete command. See below for error
[CHAT:messagestr] survival<--[HERE]
[Agent] Joined survival via "/survival" (moved 6m)
[Ayushi OS] ✅ All systems online. ayushi_ds_2026 is awake.
[ServerAnalyzer] [CMD] Passive mode — observe only, no probing.
[AyushiOS] Brain booted — knowledge pipeline + advisors online.
[MotorCortex DIAG] runGoal called: task=avoid_hazard steps=2 force=false busy=false
[Ayushi OS] 🧠 Executive Brain initiated task: avoid_hazard
[TaskRunner] Starting task with 2 steps...
[TaskRunner] Step 1/2: go_surface {"destination":"surface"}
[TaskRunner] Step 2/2: wait {"ms":2000}
[TaskRunner] Task complete!
[MotorCortex DIAG] runGoal called: task=build_base steps=5 force=false busy=false
[Ayushi OS] 🧠 Executive Brain initiated task: build_base
[TaskRunner] Starting task with 5 steps...
[TaskRunner] Step 1/5: collect {"item":"oak_log","count":12}
[ServerAnalyzer] Boot phase 3: World scan starting
[TaskRunner] Step 1 (collect) failed: Cannot read properties of null (reading 'x')
[TaskRunner] Failed step 1 (collect): Cannot read properties of null (reading 'x')
[MotorCortex DIAG] runGoal called: task=avoid_hazard steps=2 force=false busy=false
[Ayushi OS] 🧠 Executive Brain initiated task: avoid_hazard
[TaskRunner] Starting task with 2 steps...
[TaskRunner] Step 1/2: go_surface {"destination":"surface"}
  [Skill] Found non-destructive path.
You have reached at 586, 70, 152.
Going to the surface at y=70.
[TaskRunner] Step 2/2: wait {"ms":2000}
  [Skill] Path not found, but attempting to navigate anyway using destructive movements.
[TaskRunner] Task complete!
[Modes] Picking up item!
[MotorCortex DIAG] runGoal called: task=explore_unknown steps=2 force=false busy=false
[Ayushi OS] 🧠 Executive Brain initiated task: explore_unknown
[TaskRunner] Starting task with 2 steps...
[TaskRunner] Step 1/2: move_to {"x":599,"y":66,"z":162,"range":5}
[TaskRunner] Move retry 1/3 — attempting recovery...
  [Skill] 99, 66, 162.
[TaskRunner] Step 2/2: wait {"ms":4000}
[TaskRunner] Task complete!
[MotorCortex DIAG] runGoal called: task=avoid_hazard steps=2 force=false busy=false
[Ayushi OS] 🧠 Executive Brain initiated task: avoid_hazard
[TaskRunner] Starting task with 2 steps...
[TaskRunner] Step 1/2: go_surface {"destination":"surface"}
  [Skill] Path not found, but attempting to navigate anyway using destructive movements.
Found non-destructive path.
Unable to reach 596, 73, 159, you are 7 blocks away.
Going to the surface at y=73.
[TaskRunner] Step 2/2: wait {"ms":2000}
  [Skill] Found non-destructive path.
Found non-destructive path.
[TaskRunner] Task complete!
[MotorCortex DIAG] runGoal called: task=explore_unknown steps=2 force=false busy=false
[Ayushi OS] 🧠 Executive Brain initiated task: explore_unknown
[TaskRunner] Starting task with 2 steps...
[TaskRunner] Step 1/2: move_to {"x":602,"y":67,"z":169,"range":5}
  [Skill] Found non-destructive path.
Failed to collect birch_log: GoalChanged: The goal was changed before it could be completed!.
You have reached at 602, 67, 169.
[TaskRunner] Step 2/2: wait {"ms":4000}
[TaskRunner] Task complete!
[Modes] Picking up item!
[MotorCortex DIAG] runGoal called: task=build_base steps=5 force=false busy=false
[Ayushi OS] 🧠 Executive Brain initiated task: build_base
[TaskRunner] Starting task with 5 steps...
[TaskRunner] Step 1/5: collect {"item":"oak_log","count":12}
[ServerAnalyzer] Boot complete. Server analysis fully active.
[ServerAnalyzer] === Server Analysis Summary ===
[ServerAnalyzer] Server: Unknown | Claims: factions | PvP: true
[ServerAnalyzer] Plugins: VotingPlugin(80%), WorldGuard(30%)
[ServerAnalyzer] Economy: unknown
[ServerAnalyzer] Commands discovered: 9
[ServerAnalyzer] Locations mapped: 5
[ServerAnalyzer] Dangers: 3
[ServerAnalyzer] Players tracked: 5
[ServerAnalyzer] Rules: 1
[ServerAnalyzer] ================================
  [Skill] Found non-destructive path.
Found non-destructive path.
Found non-destructive path.
Found non-destructive path.
Found non-destructive path.
Found non-destructive path.
Found non-destructive path.
Picked up 8 items.
Picked up 0 items.
Picked up 0 items.
Picked up 0 items.
Picked up 0 items.
Found non-destructive path.
Picked up 0 items.
Found non-destructive path.
Found non-destructive path.
Found non-destructive path.
Found non-destructive path.
Picked up 4 items.
Picked up 0 items.
Picked up 0 items.
Picked up 0 items.
Picked up 0 items.
Picked up 0 items.
Collected 0 oak_log.
[TaskRunner] Step 2/5: craft {"item":"oak_planks","count":16}
[TaskRunner] Step 2 (craft) failed: Missing resources to craft oak_planks. Need: oak_log: 1
[TaskRunner] Failed step 2 (craft): Missing resources to craft oak_planks. Need: oak_log: 1
[MotorCortex DIAG] runGoal called: task=avoid_hazard steps=2 force=false busy=false
[Ayushi OS] 🧠 Executive Brain initiated task: avoid_hazard
[TaskRunner] Starting task with 2 steps...
[TaskRunner] Step 1/2: go_surface {"destination":"surface"}
  [Skill] Path not found, but attempting to navigate anyway using destructive movements.
Unable to reach 584, 66, 177, you are 1 blocks away.
Going to the surface at y=66.
[TaskRunner] Step 2/2: wait {"ms":2000}
  [Skill] Picked up 0 items.
Picked up 0 items.
[TaskRunner] Task complete!
[MotorCortex DIAG] runGoal called: task=build_base steps=5 force=false busy=false
[Ayushi OS] 🧠 Executive Brain initiated task: build_base
[TaskRunner] Starting task with 5 steps...
[TaskRunner] Step 1/5: collect {"item":"oak_log","count":12}
  [Skill] Picked up 0 items.
Picked up 0 items.
Picked up 0 items.
Picked up 0 items.
Picked up 0 items.
Picked up 0 items.
Picked up 0 items.
Picked up 0 items.
Picked up 0 items.
Picked up 0 items.
Picked up 0 items.
Collected 0 oak_log.
Picked up 0 items.
Picked up 0 items.
Picked up 0 items.
Picked up 0 items.
Picked up 0 items.
Picked up 0 items.
Picked up 0 items.
Collected 0 oak_log.
[TaskRunner] Step 2/5: craft {"item":"oak_planks","count":16}
[TaskRunner] Step 2 (craft) failed: Missing resources to craft oak_planks. Need: oak_log: 1
[TaskRunner] Failed step 2 (craft): Missing resources to craft oak_planks. Need: oak_log: 1
[MotorCortex DIAG] runGoal called: task=avoid_hazard steps=2 force=false busy=false
[Ayushi OS] 🧠 Executive Brain initiated task: avoid_hazard
[TaskRunner] Starting task with 2 steps...
[TaskRunner] Step 1/2: go_surface {"destination":"surface"}
  [Skill] Path not found, but attempting to navigate anyway using destructive movements.
Unable to reach 589, 79, 183, you are 13 blocks away.
Going to the surface at y=79.
[TaskRunner] Step 2/2: wait {"ms":2000}
[TaskRunner] Task complete!
[MotorCortex DIAG] runGoal called: task=explore_unknown steps=2 force=false busy=false
[Ayushi OS] 🧠 Executive Brain initiated task: explore_unknown
[TaskRunner] Starting task with 2 steps...
[TaskRunner] Step 1/2: move_to {"x":595,"y":70,"z":190,"range":5}
  [Skill] Found non-destructive path.
You have reached at 595, 70, 190.
[TaskRunner] Step 2/2: wait {"ms":4000}
[TaskRunner] Task complete!
[MotorCortex DIAG] runGoal called: task=avoid_hazard steps=2 force=false busy=false
[Ayushi OS] 🧠 Executive Brain initiated task: avoid_hazard
[TaskRunner] Starting task with 2 steps...
[TaskRunner] Step 1/2: go_surface {"destination":"surface"}
  [Skill] Path not found, but attempting to navigate anyway using destructive movements.
You have reached at 593, 67, 188.
Going to the surface at y=67.
[TaskRunner] Step 2/2: wait {"ms":2000}
  [Skill] Picked up 0 items.
Picked up 0 items.
[TaskRunner] Task complete!
[MotorCortex DIAG] runGoal called: task=build_base steps=5 force=false busy=false
[Ayushi OS] 🧠 Executive Brain initiated task: build_base
[TaskRunner] Starting task with 5 steps...
[TaskRunner] Step 1/5: collect {"item":"oak_log","count":12}
  [Skill] Picked up 0 items.
Picked up 0 items.
Picked up 0 items.
Picked up 0 items.
Picked up 0 items.
Picked up 0 items.
Picked up 0 items.
Collected 0 oak_log.
Picked up 0 items.
Picked up 0 items.
Picked up 0 items.
Picked up 0 items.
Picked up 0 items.
Picked up 0 items.
Picked up 0 items.
Picked up 0 items.
Picked up 0 items.
Collected 0 oak_log.
[TaskRunner] Step 2/5: craft {"item":"oak_planks","count":16}
[TaskRunner] Step 2 (craft) failed: Missing resources to craft oak_planks. Need: oak_log: 1
[TaskRunner] Failed step 2 (craft): Missing resources to craft oak_planks. Need: oak_log: 1
[MotorCortex DIAG] runGoal called: task=avoid_hazard steps=2 force=false busy=false
[Ayushi OS] 🧠 Executive Brain initiated task: avoid_hazard
[TaskRunner] Starting task with 2 steps...
[TaskRunner] Step 1/2: go_surface {"destination":"surface"}
  [Skill] Path not found, but attempting to navigate anyway using destructive movements.
Unable to reach 605, 74, 195, you are 10 blocks away.
Going to the surface at y=74.
[TaskRunner] Step 2/2: wait {"ms":2000}
  [Skill] Path not found, but attempting to navigate anyway using destructive movements.
[TaskRunner] Task complete!
[MotorCortex DIAG] runGoal called: task=build_base steps=5 force=false busy=false
[Ayushi OS] 🧠 Executive Brain initiated task: build_base
[TaskRunner] Starting task with 5 steps...
[TaskRunner] Step 1/5: collect {"item":"oak_log","count":12}
  [Skill] Picked up 0 items.
Picked up 0 items.
Picked up 0 items.
Picked up 0 items.
Picked up 0 items.
Picked up 0 items.
Picked up 0 items.
Picked up 0 items.
Picked up 0 items.
Picked up 0 items.
Picked up 0 items.
Picked up 0 items.
Picked up 0 items.
Collected 0 birch_log.
Picked up 0 items.
Picked up 0 items.
Picked up 0 items.
Picked up 0 items.
Picked up 0 items.
Picked up 0 items.
Collected 0 oak_log.
[TaskRunner] Step 2/5: craft {"item":"oak_planks","count":16}
[TaskRunner] Step 2 (craft) failed: Missing resources to craft oak_planks. Need: oak_log: 1
[TaskRunner] Failed step 2 (craft): Missing resources to craft oak_planks. Need: oak_log: 1
[MotorCortex DIAG] runGoal called: task=avoid_hazard steps=2 force=false busy=false
[Ayushi OS] 🧠 Executive Brain initiated task: avoid_hazard
[TaskRunner] Starting task with 2 steps...
[TaskRunner] Step 1/2: go_surface {"destination":"surface"}
  [Skill] Found non-destructive path.
Picked up 0 items.
Pathfinding stopped: The goal was changed before it could be completed!.
Going to the surface at y=69.
[TaskRunner] Step 2/2: wait {"ms":2000}
  [Skill] Picked up 0 items.
Picked up 0 items.
[TaskRunner] Task complete!
[MotorCortex DIAG] runGoal called: task=build_base steps=5 force=false busy=false
[Ayushi OS] 🧠 Executive Brain initiated task: build_base
[TaskRunner] Starting task with 5 steps...
[TaskRunner] Step 1/5: collect {"item":"oak_log","count":12}
  [Skill] Picked up 0 items.
Picked up 0 items.
Picked up 0 items.
Picked up 0 items.
Picked up 0 items.
Picked up 0 items.
Picked up 0 items.
Collected 0 oak_log.
Picked up 0 items.
Picked up 0 items.
Path not found, but attempting to navigate anyway using destructive movements.
Picked up 1 items.
Found non-destructive path.
Picked up 1 items.
Picked up 0 items.
Picked up 0 items.
Picked up 0 items.
Picked up 0 items.
Picked up 0 items.
Collected 0 oak_log.
[TaskRunner] Step 2/5: craft {"item":"oak_planks","count":16}
[TaskRunner] Step 2 (craft) failed: Missing resources to craft oak_planks. Need: oak_log: 1
[TaskRunner] Failed step 2 (craft): Missing resources to craft oak_planks. Need: oak_log: 1
[MotorCortex DIAG] runGoal called: task=avoid_hazard steps=2 force=false busy=false
[Ayushi OS] 🧠 Executive Brain initiated task: avoid_hazard
[TaskRunner] Starting task with 2 steps...
[TaskRunner] Step 1/2: go_surface {"destination":"surface"}
  [Skill] Path not found, but attempting to navigate anyway using destructive movements.
Unable to reach 610, 72, 199, you are 6 blocks away.
Going to the surface at y=72.
[TaskRunner] Step 2/2: wait {"ms":2000}
[TaskRunner] Task complete!
[MotorCortex DIAG] runGoal called: task=build_base steps=5 force=false busy=false
[Ayushi OS] 🧠 Executive Brain initiated task: build_base
[TaskRunner] Starting task with 5 steps...
[TaskRunner] Step 1/5: collect {"item":"oak_log","count":12}
  [Skill] Picked up 0 items.
Picked up 0 items.
Picked up 0 items.
Picked up 0 items.
Picked up 0 items.
Picked up 0 items.
Picked up 0 items.
Picked up 0 items.
Picked up 0 items.
Picked up 0 items.
Picked up 0 items.
Picked up 0 items.
Picked up 0 items.
Picked up 0 items.
Picked up 0 items.
Collected 0 birch_log.
Picked up 0 items.
Picked up 0 items.
Picked up 0 items.
Picked up 0 items.
Picked up 0 items.
Collected 0 oak_log.
[TaskRunner] Step 2/5: craft {"item":"oak_planks","count":16}
[TaskRunner] Step 2 (craft) failed: Missing resources to craft oak_planks. Need: oak_log: 1
[TaskRunner] Failed step 2 (craft): Missing resources to craft oak_planks. Need: oak_log: 1
[MotorCortex DIAG] runGoal called: task=avoid_hazard steps=2 force=false busy=false
[Ayushi OS] 🧠 Executive Brain initiated task: avoid_hazard
[TaskRunner] Starting task with 2 steps...
[TaskRunner] Step 1/2: go_surface {"destination":"surface"}
  [Skill] Path not found, but attempting to navigate anyway using destructive movements.
Unable to reach 598, 73, 184, you are 7 blocks away.
Going to the surface at y=73.
[TaskRunner] Step 2/2: wait {"ms":2000}
  [Skill] Picked up 0 items.
Picked up 0 items.
[TaskRunner] Task complete!
[MotorCortex DIAG] runGoal called: task=build_base steps=5 force=false busy=false
[Ayushi OS] 🧠 Executive Brain initiated task: build_base
[TaskRunner] Starting task with 5 steps...
[TaskRunner] Step 1/5: collect {"item":"oak_log","count":12}
  [Skill] Picked up 0 items.
Picked up 0 items.
Picked up 0 items.
Picked up 0 items.
Picked up 0 items.
Picked up 0 items.
Picked up 0 items.
Picked up 0 items.
Picked up 0 items.
Collected 0 oak_log.
Picked up 0 items.
Found non-destructive path.
Found non-destructive path.
Found non-destructive path.
Found non-destructive path.
Found non-destructive path.
Found non-destructive path.
Found non-destructive path.
Found non-destructive path.
Found non-destructive path.
Picked up 9 items.
Picked up 0 items.
Picked up 0 items.
Picked up 0 items.
Picked up 0 items.
Picked up 0 items.
Picked up 0 items.
Collected 0 oak_log.
[TaskRunner] Step 2/5: craft {"item":"oak_planks","count":16}
[TaskRunner] Step 2 (craft) failed: Missing resources to craft oak_planks. Need: oak_log: 1
[TaskRunner] Failed step 2 (craft): Missing resources to craft oak_planks. Need: oak_log: 1
[MotorCortex DIAG] runGoal called: task=avoid_hazard steps=2 force=false busy=false
[Ayushi OS] 🧠 Executive Brain initiated task: avoid_hazard
[TaskRunner] Starting task with 2 steps...
[TaskRunner] Step 1/2: go_surface {"destination":"surface"}
  [Skill] Path not found, but attempting to navigate anyway using destructive movements.
Unable to reach 617, 67, 193, you are 4 blocks away.
Going to the surface at y=67.
[TaskRunner] Step 2/2: wait {"ms":2000}
[TaskRunner] Task complete!
[MotorCortex DIAG] runGoal called: task=build_base steps=5 force=false busy=false
[Ayushi OS] 🧠 Executive Brain initiated task: build_base
[TaskRunner] Starting task with 5 steps...
[TaskRunner] Step 1/5: collect {"item":"oak_log","count":12}
  [Skill] Picked up 0 items.
Picked up 0 items.
Picked up 0 items.
Picked up 0 items.
Picked up 0 items.
Picked up 0 items.
Picked up 0 items.
Picked up 0 items.
Picked up 0 items.
Picked up 0 items.
Picked up 0 items.
Picked up 0 items.
Picked up 0 items.
Picked up 0 items.
Picked up 0 items.
Collected 0 oak_log.
Picked up 0 items.
Picked up 0 items.
Picked up 0 items.
Picked up 0 items.
Picked up 0 items.
Collected 0 oak_log.
[TaskRunner] Step 2/5: craft {"item":"oak_planks","count":16}
[TaskRunner] Step 2 (craft) failed: Missing resources to craft oak_planks. Need: oak_log: 1
[TaskRunner] Failed step 2 (craft): Missing resources to craft oak_planks. Need: oak_log: 1
[MotorCortex DIAG] runGoal called: task=avoid_hazard steps=2 force=false busy=false
[Ayushi OS] 🧠 Executive Brain initiated task: avoid_hazard
[TaskRunner] Starting task with 2 steps...
[TaskRunner] Step 1/2: go_surface {"destination":"surface"}
  [Skill] Found non-destructive path.
You have reached at 620, 70, 205.
Going to the surface at y=70.
[TaskRunner] Step 2/2: wait {"ms":2000}
  [Skill] Picked up 0 items.
Picked up 0 items.
[TaskRunner] Task complete!
[MotorCortex DIAG] runGoal called: task=build_base steps=5 force=false busy=false
[Ayushi OS] 🧠 Executive Brain initiated task: build_base
[TaskRunner] Starting task with 5 steps...
[TaskRunner] Step 1/5: collect {"item":"oak_log","count":12}
  [Skill] Picked up 0 items.
Picked up 0 items.
Picked up 0 items.
Picked up 0 items.
Picked up 0 items.
Picked up 0 items.
Picked up 0 items.
Picked up 0 items.
Picked up 0 items.
Collected 0 birch_log.
Picked up 0 items.
Picked up 0 items.
Picked up 0 items.
Picked up 0 items.
Picked up 0 items.
Picked up 0 items.
Picked up 0 items.
Picked up 0 items.
Collected 0 oak_log.
[TaskRunner] Step 2/5: craft {"item":"oak_planks","count":16}
[TaskRunner] Step 2 (craft) failed: Missing resources to craft oak_planks. Need: oak_log: 1
[TaskRunner] Failed step 2 (craft): Missing resources to craft oak_planks. Need: oak_log: 1
[MotorCortex DIAG] runGoal called: task=avoid_hazard steps=2 force=false busy=false
[Ayushi OS] 🧠 Executive Brain initiated task: avoid_hazard
[TaskRunner] Starting task with 2 steps...
[TaskRunner] Step 1/2: go_surface {"destination":"surface"}
  [Skill] Path not found, but attempting to navigate anyway using destructive movements.
Unable to reach 614, 70, 191, you are 7 blocks away.
Going to the surface at y=70.
[TaskRunner] Step 2/2: wait {"ms":2000}
  [Skill] Picked up 0 items.
[TaskRunner] Task complete!
[MotorCortex DIAG] runGoal called: task=build_base steps=5 force=false busy=false
[Ayushi OS] 🧠 Executive Brain initiated task: build_base
[TaskRunner] Starting task with 5 steps...
[TaskRunner] Step 1/5: collect {"item":"oak_log","count":12}
  [Skill] Picked up 0 items.
Picked up 0 items.
Picked up 0 items.
Picked up 0 items.
Picked up 0 items.
Picked up 0 items.
Picked up 0 items.
Picked up 0 items.
Picked up 0 items.
Picked up 0 items.
Picked up 0 items.
Collected 0 birch_log.
Picked up 0 items.
Picked up 0 items.
Picked up 0 items.
Picked up 0 items.
Picked up 0 items.
Picked up 0 items.
Picked up 0 items.
Collected 0 oak_log.
[TaskRunner] Step 2/5: craft {"item":"oak_planks","count":16}
[TaskRunner] Step 2 (craft) failed: Missing resources to craft oak_planks. Need: oak_log: 1
[TaskRunner] Failed step 2 (craft): Missing resources to craft oak_planks. Need: oak_log: 1
[MotorCortex DIAG] runGoal called: task=avoid_hazard steps=2 force=false busy=false
[Ayushi OS] 🧠 Executive Brain initiated task: avoid_hazard
[TaskRunner] Starting task with 2 steps...
[TaskRunner] Step 1/2: go_surface {"destination":"surface"}
  [Skill] Found non-destructive path.
You have reached at 617, 68, 178.
Going to the surface at y=68.
[TaskRunner] Step 2/2: wait {"ms":2000}
  [Skill] Picked up 0 items.
Picked up 0 items.
[TaskRunner] Task complete!
[MotorCortex DIAG] runGoal called: task=explore_unknown steps=2 force=false busy=false
[Ayushi OS] 🧠 Executive Brain initiated task: explore_unknown
[TaskRunner] Starting task with 2 steps...
[TaskRunner] Step 1/2: move_to {"x":632,"y":66,"z":190,"range":5}
[TaskRunner] Move retry 1/3 — attempting recovery...
[TaskRunner] Move retry 2/3 — attempting recovery...
[TaskRunner] Step 1 (move_to) failed: Failed to reach 632, 66, 190 after 3 attempts
[TaskRunner] Failed step 1 (move_to): Failed to reach 632, 66, 190 after 3 attempts
[MotorCortex DIAG] runGoal called: task=explore_unknown steps=2 force=false busy=false
[Ayushi OS] 🧠 Executive Brain initiated task: explore_unknown
[TaskRunner] Starting task with 2 steps...
[TaskRunner] Step 1/2: move_to {"x":630,"y":62,"z":191,"range":5}
[TaskRunner] Move retry 1/3 — attempting recovery...
  [Skill] Found non-destructive path.
Picked up 0 items.
Pathfinding stopped: The goal was changed before it could be completed!.
Found non-destructive path.
Picked up 0 items.
Collected 0 oak_log.
You have reached at 630, 62, 191.
[TaskRunner] Step 2/2: wait {"ms":4000}
[TaskRunner] Task complete!
[MotorCortex DIAG] runGoal called: task=avoid_hazard steps=2 force=false busy=false
[Ayushi OS] 🧠 Executive Brain initiated task: avoid_hazard
[TaskRunner] Starting task with 2 steps...
[TaskRunner] Step 1/2: go_surface {"destination":"surface"}
  [Skill] Path not found, but attempting to navigate anyway using destructive movements.
Unable to reach 626, 68, 191, you are 4 blocks away.
Going to the surface at y=68.
[TaskRunner] Step 2/2: wait {"ms":2000}
[TaskRunner] Task complete!
[Modes] Picking up item!
[MotorCortex DIAG] runGoal called: task=build_base steps=5 force=false busy=false
[Ayushi OS] 🧠 Executive Brain initiated task: build_base
[TaskRunner] Starting task with 5 steps...
[TaskRunner] Step 1/5: collect {"item":"oak_log","count":12}
  [Skill] Found non-destructive path.
Picked up 2 items.
Found non-destructive path.
Picked up 1 items.
Picked up 0 items.
Picked up 0 items.
Picked up 0 items.
Picked up 0 items.
Picked up 0 items.
Picked up 0 items.
Picked up 0 items.
Picked up 0 items.
Picked up 0 items.
Picked up 0 items.
Collected 0 oak_log.
[TaskRunner] Step 2/5: craft {"item":"oak_planks","count":16}
[TaskRunner] Step 2 (craft) failed: Missing resources to craft oak_planks. Need: oak_log: 1
[TaskRunner] Failed step 2 (craft): Missing resources to craft oak_planks. Need: oak_log: 1
[MotorCortex DIAG] runGoal called: task=avoid_hazard steps=2 force=false busy=false
[Ayushi OS] 🧠 Executive Brain initiated task: avoid_hazard
[TaskRunner] Starting task with 2 steps...
[TaskRunner] Step 1/2: go_surface {"destination":"surface"}
  [Skill] Path not found, but attempting to navigate anyway using destructive movements.
Unable to reach 625, 65, 195, you are 1 blocks away.
Going to the surface at y=65.
[TaskRunner] Step 2/2: wait {"ms":2000}
  [Skill] Picked up 0 items.
Picked up 0 items.
[TaskRunner] Task complete!
[MotorCortex DIAG] runGoal called: task=seek_safety steps=2 force=false busy=false
[Ayushi OS] 🧠 Executive Brain initiated task: seek_safety
[TaskRunner] Starting task with 2 steps...
[TaskRunner] Step 1/2: go_surface {"destination":"surface"}
  [Skill] Path not found, but attempting to navigate anyway using destructive movements.
Picked up 0 items.
Pathfinding stopped: The goal was changed before it could be completed!.
Going to the surface at y=68.
[TaskRunner] Step 2/2: wait {"ms":2000}
[TaskRunner] Task complete!
[MotorCortex DIAG] runGoal called: task=build_base steps=5 force=false busy=false
[Ayushi OS] 🧠 Executive Brain initiated task: build_base
[TaskRunner] Starting task with 5 steps...
[TaskRunner] Step 1/5: collect {"item":"oak_log","count":12}
[TaskRunner] Step 1 (collect) failed: Cannot read properties of null (reading 'x')
[TaskRunner] Failed step 1 (collect): Cannot read properties of null (reading 'x')
[MotorCortex DIAG] runGoal called: task=avoid_hazard steps=2 force=false busy=false
[Ayushi OS] 🧠 Executive Brain initiated task: avoid_hazard
[TaskRunner] Starting task with 2 steps...
[TaskRunner] Step 1/2: go_surface {"destination":"surface"}
  [Skill] Path not found, but attempting to navigate anyway using destructive movements.
Failed to collect birch_log: GoalChanged: The goal was changed before it could be completed!.
Unable to reach 621, 66, 197, you are 1 blocks away.
Going to the surface at y=66.
[TaskRunner] Step 2/2: wait {"ms":2000}
[TaskRunner] Task complete!
[MotorCortex DIAG] runGoal called: task=seek_safety steps=2 force=false busy=false
[Ayushi OS] 🧠 Executive Brain initiated task: seek_safety
[TaskRunner] Starting task with 2 steps...
[TaskRunner] Step 1/2: go_surface {"destination":"surface"}
  [Skill] Path not found, but attempting to navigate anyway using destructive movements.
Unable to reach 621, 66, 197, you are 1 blocks away.
Going to the surface at y=66.
[TaskRunner] Step 2/2: wait {"ms":2000}
[TaskRunner] Task complete!
[Modes] Picking up item!
[MotorCortex DIAG] runGoal called: task=eat steps=1 force=false busy=false
[Ayushi OS] 🧠 Executive Brain initiated task: eat
[TaskRunner] Starting task with 1 steps...
[TaskRunner] Step 1/1: eat {"minFoodLevel":20}
[TaskRunner] Food level 20/20, skipping eat.
[TaskRunner] Task complete!
[MotorCortex DIAG] runGoal called: task=idle steps=0 force=false busy=false
[MotorCortex DIAG] runGoal SKIPPED — no steps
[MotorCortex DIAG] runGoal called: task=idle steps=0 force=false busy=false
[MotorCortex DIAG] runGoal SKIPPED — no steps
[MotorCortex DIAG] runGoal called: task=seek_safety steps=2 force=false busy=false
[Ayushi OS] 🧠 Executive Brain initiated task: seek_safety
[TaskRunner] Starting task with 2 steps...
[TaskRunner] Step 1/2: go_surface {"destination":"surface"}
[TaskRunner] Step 2/2: wait {"ms":2000}
[TaskRunner] Task complete!
[MotorCortex DIAG] runGoal called: task=avoid_hazard steps=2 force=false busy=false
[Ayushi OS] 🧠 Executive Brain initiated task: avoid_hazard
[TaskRunner] Starting task with 2 steps...
[TaskRunner] Step 1/2: go_surface {"destination":"surface"}
  [Skill] Path not found, but attempting to navigate anyway using destructive movements.
Unable to reach 621, 66, 197, you are 1 blocks away.
Going to the surface at y=66.
[TaskRunner] Step 2/2: wait {"ms":2000}
  [Skill] Picked up 0 items.
[TaskRunner] Task complete!
[MotorCortex DIAG] runGoal called: task=idle steps=0 force=false busy=false
[MotorCortex DIAG] runGoal SKIPPED — no steps
[MotorCortex DIAG] runGoal called: task=seek_safety steps=2 force=false busy=false
[Ayushi OS] 🧠 Executive Brain initiated task: seek_safety
[TaskRunner] Starting task with 2 steps...
[TaskRunner] Step 1/2: go_surface {"destination":"surface"}
  [Skill] Found non-destructive path.
You have reached at 624, 68, 194.
Going to the surface at y=68.
[TaskRunner] Step 2/2: wait {"ms":2000}
  [Skill] Picked up 0 items.
Picked up 0 items.
Picked up 0 items.
[TaskRunner] Task complete!
[MotorCortex DIAG] runGoal called: task=build_base steps=5 force=false busy=false
[Ayushi OS] 🧠 Executive Brain initiated task: build_base
[TaskRunner] Starting task with 5 steps...
[TaskRunner] Step 1/5: collect {"item":"oak_log","count":12}
[defendSelf] chase follow: The goal was changed before it could be completed!
[defendSelf] chase follow: The goal was changed before it could be completed!
[defendSelf] chase follow: The goal was changed before it could be completed!
[defendSelf] chase follow: The goal was changed before it could be completed!
[defendSelf] chase follow: The goal was changed before it could be completed!
[defendSelf] chase follow: The goal was changed before it could be completed!
[TaskRunner] Step 2/5: craft {"item":"oak_planks","count":16}
[TaskRunner] Step 2 (craft) failed: Missing resources to craft oak_planks. Need: oak_log: 1
[TaskRunner] Failed step 2 (craft): Missing resources to craft oak_planks. Need: oak_log: 1
[MotorCortex DIAG] runGoal called: task=avoid_hazard steps=2 force=false busy=false
[Ayushi OS] 🧠 Executive Brain initiated task: avoid_hazard
[TaskRunner] Starting task with 2 steps...
[TaskRunner] Step 1/2: go_surface {"destination":"surface"}
  [Skill] Path not found, but attempting to navigate anyway using destructive movements.
Unable to reach 633, 72, 204, you are 6 blocks away.
Going to the surface at y=72.
[TaskRunner] Step 2/2: wait {"ms":2000}
[TaskRunner] Task complete!
[MotorCortex DIAG] runGoal called: task=seek_safety steps=2 force=false busy=false
[Ayushi OS] 🧠 Executive Brain initiated task: seek_safety
[TaskRunner] Starting task with 2 steps...
[TaskRunner] Step 1/2: go_surface {"destination":"surface"}
[defendSelf] chase follow: The goal was changed before it could be completed!
  [Skill] Path not found, but attempting to navigate anyway using destructive movements.
Unable to reach 632, 70, 206, you are 4 blocks away.
Going to the surface at y=70.
[TaskRunner] Step 2/2: wait {"ms":2000}
[TaskRunner] Task complete!
[MotorCortex DIAG] runGoal called: task=eat steps=1 force=false busy=false
[Ayushi OS] 🧠 Executive Brain initiated task: eat
[TaskRunner] Starting task with 1 steps...
[TaskRunner] Step 1/1: eat {"minFoodLevel":20}
[TaskRunner] Food level 20/20, skipping eat.
[TaskRunner] Task complete!
[MotorCortex DIAG] runGoal called: task=idle steps=0 force=false busy=false
[MotorCortex DIAG] runGoal SKIPPED — no steps
[AyushiOS DIAG] tick=50 motorBusy=false taskRunnerBusy=false motorCtx=completed
[MotorCortex DIAG] runGoal called: task=idle steps=0 force=false busy=false
[MotorCortex DIAG] runGoal SKIPPED — no steps
[MotorCortex DIAG] runGoal called: task=idle steps=0 force=false busy=false
[MotorCortex DIAG] runGoal SKIPPED — no steps
[MotorCortex DIAG] runGoal called: task=seek_safety steps=2 force=false busy=false
[Ayushi OS] 🧠 Executive Brain initiated task: seek_safety
[TaskRunner] Starting task with 2 steps...
[TaskRunner] Step 1/2: go_surface {"destination":"surface"}
  [Skill] Found non-destructive path.
You have reached at 637, 66, 204.
Going to the surface at y=66.
[TaskRunner] Step 2/2: wait {"ms":2000}
[TaskRunner] Task complete!
[MotorCortex DIAG] runGoal called: task=avoid_hazard steps=2 force=false busy=false
[Ayushi OS] 🧠 Executive Brain initiated task: avoid_hazard
[TaskRunner] Starting task with 2 steps...
[TaskRunner] Step 1/2: go_surface {"destination":"surface"}
[defendSelf] chase follow: The goal was changed before it could be completed!
  [Skill] Path not found, but attempting to navigate anyway using destructive movements.
Pathfinding stopped: The goal was changed before it could be completed!.
Going to the surface at y=72.
[TaskRunner] Step 2/2: wait {"ms":2000}
[TaskRunner] Task complete!
[MotorCortex DIAG] runGoal called: task=build_base steps=5 force=false busy=false
[Ayushi OS] 🧠 Executive Brain initiated task: build_base
[TaskRunner] Starting task with 5 steps...
[TaskRunner] Step 1/5: collect {"item":"oak_log","count":12}
[defendSelf] chase follow: The goal was changed before it could be completed!
Unpausing mode cowardice
Unpausing mode self_defense
[defendSelf] chase follow: The goal was changed before it could be completed!
[defendSelf] chase follow: The goal was changed before it could be completed!
[defendSelf] chase follow: The goal was changed before it could be completed!
Unpausing mode cowardice
Unpausing mode self_defense
[defendSelf] chase follow: The goal was changed before it could be completed!
Unpausing mode cowardice
Unpausing mode self_defense
[TaskRunner] Step 2/5: craft {"item":"oak_planks","count":16}
[TaskRunner] Step 2 (craft) failed: Missing resources to craft oak_planks. Need: oak_log: 1
[TaskRunner] Failed step 2 (craft): Missing resources to craft oak_planks. Need: oak_log: 1
[MotorCortex DIAG] runGoal called: task=avoid_hazard steps=2 force=false busy=false
[Ayushi OS] 🧠 Executive Brain initiated task: avoid_hazard
[TaskRunner] Starting task with 2 steps...
[TaskRunner] Step 1/2: go_surface {"destination":"surface"}
  [Skill] Path not found, but attempting to navigate anyway using destructive movements.
Unable to reach 628, 70, 194, you are 6 blocks away.
Going to the surface at y=70.
[TaskRunner] Step 2/2: wait {"ms":2000}
[TaskRunner] Task complete!
[MotorCortex DIAG] runGoal called: task=seek_safety steps=2 force=false busy=false
[Ayushi OS] 🧠 Executive Brain initiated task: seek_safety
[TaskRunner] Starting task with 2 steps...
[TaskRunner] Step 1/2: go_surface {"destination":"surface"}
  [Skill] Path not found, but attempting to navigate anyway using destructive movements.
Unable to reach 628, 70, 194, you are 5 blocks away.
Going to the surface at y=70.
[TaskRunner] Step 2/2: wait {"ms":2000}
  [Skill] Picked up 0 items.
Picked up 0 items.
[TaskRunner] Task complete!
[MotorCortex DIAG] runGoal called: task=build_base steps=5 force=false busy=false
[Ayushi OS] 🧠 Executive Brain initiated task: build_base
[TaskRunner] Starting task with 5 steps...
[TaskRunner] Step 1/5: collect {"item":"oak_log","count":12}
[defendSelf] chase follow: The goal was changed before it could be completed!
[TaskRunner] Step 2/5: craft {"item":"oak_planks","count":16}
[TaskRunner] Step 2 (craft) failed: Missing resources to craft oak_planks. Need: oak_log: 1
[TaskRunner] Failed step 2 (craft): Missing resources to craft oak_planks. Need: oak_log: 1
[MotorCortex DIAG] runGoal called: task=avoid_hazard steps=2 force=false busy=false
[Ayushi OS] 🧠 Executive Brain initiated task: avoid_hazard
[TaskRunner] Starting task with 2 steps...
[TaskRunner] Step 1/2: go_surface {"destination":"surface"}
  [Skill] Path not found, but attempting to navigate anyway using destructive movements.
Unable to reach 610, 64, 178, you are 1 blocks away.
Going to the surface at y=64.
[TaskRunner] Step 2/2: wait {"ms":2000}
[TaskRunner] Task complete!
[MotorCortex DIAG] runGoal called: task=seek_safety steps=2 force=false busy=false
[Ayushi OS] 🧠 Executive Brain initiated task: seek_safety
[TaskRunner] Starting task with 2 steps...
[TaskRunner] Step 1/2: go_surface {"destination":"surface"}
  [Skill] Path not found, but attempting to navigate anyway using destructive movements.
Unable to reach 610, 64, 178, you are 1 blocks away.
Going to the surface at y=64.
[TaskRunner] Step 2/2: wait {"ms":2000}
[TaskRunner] Task complete!
[MotorCortex DIAG] runGoal called: task=build_base steps=5 force=false busy=false
[Ayushi OS] 🧠 Executive Brain initiated task: build_base
[TaskRunner] Starting task with 5 steps...
[TaskRunner] Step 1/5: collect {"item":"oak_log","count":12}
[defendSelf] chase follow: The goal was changed before it could be completed!
[defendSelf] chase follow: The goal was changed before it could be completed!
[defendSelf] chase follow: The goal was changed before it could be completed!
[defendSelf] chase follow: The goal was changed before it could be completed!
[defendSelf] chase follow: The goal was changed before it could be completed!
[defendSelf] chase follow: The goal was changed before it could be completed!
[defendSelf] chase follow: The goal was changed before it could be completed!
[TaskRunner] Step 1 (collect) failed: Cannot read properties of null (reading 'x')
[TaskRunner] Failed step 1 (collect): Cannot read properties of null (reading 'x')
[MotorCortex DIAG] runGoal called: task=avoid_hazard steps=2 force=false busy=false
[Ayushi OS] 🧠 Executive Brain initiated task: avoid_hazard
[TaskRunner] Starting task with 2 steps...
[TaskRunner] Step 1/2: go_surface {"destination":"surface"}
[defendSelf] chase follow: The goal was changed before it could be completed!
  [Skill] Path not found, but attempting to navigate anyway using destructive movements.
Unable to reach 613, 68, 185, you are 5 blocks away.
Going to the surface at y=68.
[TaskRunner] Step 2/2: wait {"ms":2000}
[TaskRunner] Task complete!
[MotorCortex DIAG] runGoal called: task=seek_safety steps=2 force=false busy=false
[Ayushi OS] 🧠 Executive Brain initiated task: seek_safety
[TaskRunner] Starting task with 2 steps...
[TaskRunner] Step 1/2: go_surface {"destination":"surface"}
[defendSelf] chase follow: The goal was changed before it could be completed!
  [Skill] Found non-destructive path.
You have reached at 613, 63, 178.
Going to the surface at y=63.
[TaskRunner] Step 2/2: wait {"ms":2000}
[TaskRunner] Task complete!
[MotorCortex DIAG] runGoal called: task=eat steps=1 force=false busy=false
[Ayushi OS] 🧠 Executive Brain initiated task: eat
[TaskRunner] Starting task with 1 steps...
[TaskRunner] Step 1/1: eat {"minFoodLevel":20}
[TaskRunner] Food level 20/20, skipping eat.
[TaskRunner] Task complete!
[MotorCortex DIAG] runGoal called: task=idle steps=0 force=false busy=false
[MotorCortex DIAG] runGoal SKIPPED — no steps
Unpausing mode cowardice
Unpausing mode self_defense
[MotorCortex DIAG] runGoal called: task=explore_unknown steps=2 force=false busy=false
[Ayushi OS] 🧠 Executive Brain initiated task: explore_unknown
[TaskRunner] Starting task with 2 steps...
[TaskRunner] Step 1/2: move_to {"x":631,"y":63,"z":200,"range":5}
  [Skill] Found non-destructive path.
You have reached at 631, 63, 200.
[TaskRunner] Step 2/2: wait {"ms":4000}
[TaskRunner] Task complete!
[MotorCortex DIAG] runGoal called: task=avoid_hazard steps=2 force=false busy=false
[Ayushi OS] 🧠 Executive Brain initiated task: avoid_hazard
[TaskRunner] Starting task with 2 steps...
[TaskRunner] Step 1/2: go_surface {"destination":"surface"}
  [Skill] Found non-destructive path.
You have reached at 628, 65, 197.
Going to the surface at y=65.
[TaskRunner] Step 2/2: wait {"ms":2000}
  [Skill] Found destructive path.
[TaskRunner] Task complete!
[MotorCortex DIAG] runGoal called: task=seek_safety steps=2 force=false busy=false
[Ayushi OS] 🧠 Executive Brain initiated task: seek_safety
[TaskRunner] Starting task with 2 steps...
[TaskRunner] Step 1/2: go_surface {"destination":"surface"}
  [Skill] Found non-destructive path.
Failed to collect birch_log: GoalChanged: The goal was changed before it could be completed!.
You have reached at 630, 67, 195.
Going to the surface at y=67.
[TaskRunner] Step 2/2: wait {"ms":2000}
[TaskRunner] Task complete!
[MotorCortex DIAG] runGoal called: task=build_base steps=5 force=false busy=false
[Ayushi OS] 🧠 Executive Brain initiated task: build_base
[TaskRunner] Starting task with 5 steps...
[TaskRunner] Step 1/5: collect {"item":"oak_log","count":12}
  [Skill] Found non-destructive path.
Found non-destructive path.
Failed to collect birch_log: GoalChanged: The goal was changed before it could be completed!.
Found destructive path.
Picked up 2 items.
Picked up 0 items.
Picked up 0 items.
Picked up 0 items.
Picked up 0 items.
Picked up 0 items.
Picked up 0 items.
Picked up 0 items.
Picked up 0 items.
Picked up 0 items.
Picked up 0 items.
Picked up 0 items.
Collected 0 oak_log.
[TaskRunner] Step 2/5: craft {"item":"oak_planks","count":16}
[TaskRunner] Step 2 (craft) failed: Missing resources to craft oak_planks. Need: oak_log: 1
[TaskRunner] Failed step 2 (craft): Missing resources to craft oak_planks. Need: oak_log: 1
[MotorCortex DIAG] runGoal called: task=avoid_hazard steps=2 force=false busy=false
[Ayushi OS] 🧠 Executive Brain initiated task: avoid_hazard
[TaskRunner] Starting task with 2 steps...
[TaskRunner] Step 1/2: go_surface {"destination":"surface"}
  [Skill] Found non-destructive path.
You have reached at 615, 63, 188.
Going to the surface at y=63.
[TaskRunner] Step 2/2: wait {"ms":2000}
  [Skill] Found non-destructive path.
[TaskRunner] Task complete!
[MotorCortex DIAG] runGoal called: task=build_base steps=5 force=false busy=false
[Ayushi OS] 🧠 Executive Brain initiated task: build_base
[TaskRunner] Starting task with 5 steps...
[TaskRunner] Step 1/5: collect {"item":"oak_log","count":12}
  [Skill] Failed to collect oak_log: GoalChanged: The goal was changed before it could be completed!.
Found non-destructive path.
Found non-destructive path.
Found non-destructive path.
Found non-destructive path.
Picked up 4 items.
Picked up 0 items.
Picked up 0 items.
Picked up 0 items.
Picked up 0 items.
Picked up 0 items.
Picked up 0 items.
Picked up 0 items.
Picked up 0 items.
Picked up 0 items.
Picked up 0 items.
Picked up 0 items.
Collected 0 oak_log.
[TaskRunner] Step 2/5: craft {"item":"oak_planks","count":16}
[TaskRunner] Step 2 (craft) failed: Missing resources to craft oak_planks. Need: oak_log: 1
[TaskRunner] Failed step 2 (craft): Missing resources to craft oak_planks. Need: oak_log: 1
[MotorCortex DIAG] runGoal called: task=avoid_hazard steps=2 force=false busy=false
[Ayushi OS] 🧠 Executive Brain initiated task: avoid_hazard
[TaskRunner] Starting task with 2 steps...
[TaskRunner] Step 1/2: go_surface {"destination":"surface"}
  [Skill] Found non-destructive path.
You have reached at 590, 71, 202.
Going to the surface at y=71.
[TaskRunner] Step 2/2: wait {"ms":2000}
  [Skill] Picked up 0 items.
[TaskRunner] Task complete!
[MotorCortex DIAG] runGoal called: task=seek_safety steps=2 force=false busy=false
[Ayushi OS] 🧠 Executive Brain initiated task: seek_safety
[TaskRunner] Starting task with 2 steps...
[TaskRunner] Step 1/2: go_surface {"destination":"surface"}
  [Skill] Found non-destructive path.
Found non-destructive path.
Pathfinding stopped: The goal was changed before it could be completed!.
Going to the surface at y=69.
[TaskRunner] Step 2/2: wait {"ms":2000}
  [Skill] Found non-destructive path.
[TaskRunner] Task complete!
[Modes] Picking up item!
[MotorCortex DIAG] runGoal called: task=build_base steps=5 force=false busy=false
[Ayushi OS] 🧠 Executive Brain initiated task: build_base
[TaskRunner] Starting task with 5 steps...
[TaskRunner] Step 1/5: collect {"item":"oak_log","count":12}
  [Skill] up 0 items.
Picked up 0 items.
Picked up 0 items.
Picked up 0 items.
Picked up 0 items.
Picked up 0 items.
Picked up 0 items.
Collected 0 oak_log.
[TaskRunner] Step 2/5: craft {"item":"oak_planks","count":16}
[TaskRunner] Step 2 (craft) failed: Missing resources to craft oak_planks. Need: oak_log: 1
[TaskRunner] Failed step 2 (craft): Missing resources to craft oak_planks. Need: oak_log: 1
[MotorCortex DIAG] runGoal called: task=avoid_hazard steps=2 force=false busy=false
[Ayushi OS] 🧠 Executive Brain initiated task: avoid_hazard
[TaskRunner] Starting task with 2 steps...
[TaskRunner] Step 1/2: go_surface {"destination":"surface"}
  [Skill] Found non-destructive path.
You have reached at 592, 68, 198.
Going to the surface at y=68.
[TaskRunner] Step 2/2: wait {"ms":2000}
  [Skill] Found non-destructive path.
Picked up 1 items.
[TaskRunner] Task complete!
[MotorCortex DIAG] runGoal called: task=build_base steps=5 force=false busy=false
[Ayushi OS] 🧠 Executive Brain initiated task: build_base
[TaskRunner] Starting task with 5 steps...
[TaskRunner] Step 1/5: collect {"item":"oak_log","count":12}
[defendSelf] chase follow: The goal was changed before it could be completed!
[TaskRunner] Step 2/5: craft {"item":"oak_planks","count":16}
[TaskRunner] Step 2 (craft) failed: Missing resources to craft oak_planks. Need: oak_log: 1
[TaskRunner] Failed step 2 (craft): Missing resources to craft oak_planks. Need: oak_log: 1
[MotorCortex DIAG] runGoal called: task=avoid_hazard steps=2 force=false busy=false
[Ayushi OS] 🧠 Executive Brain initiated task: avoid_hazard
[TaskRunner] Starting task with 2 steps...
[TaskRunner] Step 1/2: go_surface {"destination":"surface"}
  [Skill] Found non-destructive path.
You have reached at 596, 64, 199.
Going to the surface at y=64.
[TaskRunner] Step 2/2: wait {"ms":2000}
[TaskRunner] Task complete!
[MotorCortex DIAG] runGoal called: task=seek_safety steps=2 force=false busy=false
[Ayushi OS] 🧠 Executive Brain initiated task: seek_safety
[TaskRunner] Starting task with 2 steps...
[TaskRunner] Step 1/2: go_surface {"destination":"surface"}
  [Skill] Found non-destructive path.
You have reached at 596, 64, 199.
Going to the surface at y=64.
[TaskRunner] Step 2/2: wait {"ms":2000}
[TaskRunner] Task complete!
[MotorCortex DIAG] runGoal called: task=eat steps=1 force=false busy=false
[Ayushi OS] 🧠 Executive Brain initiated task: eat
[TaskRunner] Starting task with 1 steps...
[TaskRunner] Step 1/1: eat {"minFoodLevel":20}
[TaskRunner] Food level 20/20, skipping eat.
[TaskRunner] Task complete!
[MotorCortex DIAG] runGoal called: task=build_base steps=5 force=false busy=false
[Ayushi OS] 🧠 Executive Brain initiated task: build_base
[TaskRunner] Starting task with 5 steps...
[TaskRunner] Step 1/5: collect {"item":"oak_log","count":12}
[defendSelf] chase follow: The goal was changed before it could be completed!
[defendSelf] chase follow: The goal was changed before it could be completed!
Unpausing mode cowardice
Unpausing mode self_defense
[TaskRunner] Step 2/5: craft {"item":"oak_planks","count":16}
[TaskRunner] Step 2 (craft) failed: Missing resources to craft oak_planks. Need: oak_log: 1
[TaskRunner] Failed step 2 (craft): Missing resources to craft oak_planks. Need: oak_log: 1
[MotorCortex DIAG] runGoal called: task=avoid_hazard steps=2 force=false busy=false
[Ayushi OS] 🧠 Executive Brain initiated task: avoid_hazard
[TaskRunner] Starting task with 2 steps...
[TaskRunner] Step 1/2: go_surface {"destination":"surface"}
  [Skill] Found non-destructive path.
You have reached at 599, 65, 213.
Going to the surface at y=65.
[TaskRunner] Step 2/2: wait {"ms":2000}
  [Skill] Picked up 0 items.
Picked up 0 items.
[TaskRunner] Task complete!
[MotorCortex DIAG] runGoal called: task=seek_safety steps=2 force=false busy=false
[Ayushi OS] 🧠 Executive Brain initiated task: seek_safety
[TaskRunner] Starting task with 2 steps...
[TaskRunner] Step 1/2: go_surface {"destination":"surface"}
  [Skill] Path not found, but attempting to navigate anyway using destructive movements.
Picked up 0 items.
Pathfinding stopped: The goal was changed before it could be completed!.
Going to the surface at y=70.
[TaskRunner] Step 2/2: wait {"ms":2000}
  [Skill] Picked up 0 items.
[TaskRunner] Task complete!
[MotorCortex DIAG] runGoal called: task=avoid_hazard steps=2 force=false busy=false
[Ayushi OS] 🧠 Executive Brain initiated task: avoid_hazard
[TaskRunner] Starting task with 2 steps...
[TaskRunner] Step 1/2: go_surface {"destination":"surface"}
  [Skill] Path not found, but attempting to navigate anyway using destructive movements.
Unable to reach 596, 71, 208, you are 5 blocks away.
Going to the surface at y=71.
[TaskRunner] Step 2/2: wait {"ms":2000}
  [Skill] Found non-destructive path.
Picked up 1 items.
[TaskRunner] Task complete!
[MotorCortex DIAG] runGoal called: task=build_base steps=5 force=false busy=false
[Ayushi OS] 🧠 Executive Brain initiated task: build_base
[TaskRunner] Starting task with 5 steps...
[TaskRunner] Step 1/5: collect {"item":"oak_log","count":12}
  [Skill] Picked up 0 items.
Collected 0 birch_log.
Picked up 0 items.
Picked up 0 items.
Picked up 0 items.
Picked up 0 items.
Picked up 0 items.
Picked up 0 items.
Picked up 0 items.
Picked up 0 items.
Picked up 0 items.
Picked up 0 items.
Picked up 0 items.
Picked up 0 items.
Collected 0 oak_log.
[TaskRunner] Step 2/5: craft {"item":"oak_planks","count":16}
[TaskRunner] Step 2 (craft) failed: Missing resources to craft oak_planks. Need: oak_log: 1
[TaskRunner] Failed step 2 (craft): Missing resources to craft oak_planks. Need: oak_log: 1
[MotorCortex DIAG] runGoal called: task=avoid_hazard steps=2 force=false busy=false
[Ayushi OS] 🧠 Executive Brain initiated task: avoid_hazard
[TaskRunner] Starting task with 2 steps...
[TaskRunner] Step 1/2: go_surface {"destination":"surface"}
  [Skill] Found non-destructive path.
You have reached at 595, 64, 222.
Going to the surface at y=64.
[TaskRunner] Step 2/2: wait {"ms":2000}
[TaskRunner] Task complete!
Agent ayushi_ds_2026 disconnected
Error: write ECONNRESET
    at afterWriteDispatched (node:internal/stream_base_commons:159:15)
    at writeGeneric (node:internal/stream_base_commons:150:3)
    at Socket._writeGeneric (node:net:966:11)
    at Socket._write (node:net:978:8)
    at writeOrBuffer (node:internal/streams/writable:572:12)
    at _write (node:internal/streams/writable:501:10)
    at Writable.write (node:internal/streams/writable:510:10)
    at Cipheriv.ondata (node:internal/streams/readable:1009:22)
    at Cipheriv.emit (node:events:518:28)
    at addChunk (node:internal/streams/readable:561:12) {
  errno: -4077,
  code: 'ECONNRESET',
  syscall: 'write'
}
[LoginGuard] Connection Error: Error: write ECONNRESET
Disconnected: socketclosed
[LoginGuard] Connection Failed: Server is under maintenance or restarting.
[Agent] Disconnected — restarting for auto-reconnect.
Disconnected from MindServer
[Agent] Exiting.
Agent process exited with code 1 and signal null
Restart #3 — waiting 8.3s before reconnecting...
Restarting agent...
Failed to load model module: cerebras.js Cannot find package '@cerebras/cerebras_cloud_sdk' imported from C:\Users\updes\mindcraft\src\models\cerebras.js
Failed to load model module: claude.js Cannot find package '@anthropic-ai/sdk' imported from C:\Users\updes\mindcraft\src\models\claude.js
Failed to load model module: gemini.js Cannot find package '@google/genai' imported from C:\Users\updes\mindcraft\src\models\gemini.js
Failed to load model module: groq.js Cannot find package 'groq-sdk' imported from C:\Users\updes\mindcraft\src\models\groq.js
Failed to load model module: huggingface.js Cannot find package '@huggingface/inference' imported from C:\Users\updes\mindcraft\src\models\huggingface.js
Failed to load model module: mistral.js Cannot find package '@mistralai/mistralai' imported from C:\Users\updes\mindcraft\src\models\mistral.js
Failed to load model module: replicate.js Cannot find package 'replicate' imported from C:\Users\updes\mindcraft\src\models\replicate.js
Connecting to MindServer
Client connected
ayushi_ds_2026 connected to MindServer
Starting agent
Initializing agent ayushi_ds_2026...
[BTMemory] Loaded from ./bots/ayushi_ds_2026/bt_memory.json
Examples initialized.
No task.
ayushi_ds_2026 logging into minecraft...
[AuthHandler] Offline mode — skipping auth for ayushi_ds_2026.
ayushi_ds_2026 updating available agents
ayushi_ds_2026 logged in!
Initializing vision intepreter...
[ServerAnalyzer] [CMD] Passive mode — observe only, no probing.
[ServerAnalyzer] Starting server analysis...
[ServerAnalyzer] [CMD] Skipping active discovery (passive mode).
ayushi_ds_2026 updating available agents
ayushi_ds_2026 spawned.
[Connection] Bot spawned.
[Connection] State: unknown -> proxy
[Connection] Classifying world...
[ServerAnalyzer] Boot phase 1: Chat listeners active

########################################################
##         RUNTIME ENVIRONMENT REPORT (INITIAL)       ##
########################################################

########################################################
##               RUNTIME ENVIRONMENT REPORT           ##
########################################################

=== [DEBUG: PLAYER HOTBAR] ===
    Hotbar #0 (Slot 36): Gunpowder (gunpowder) x2
    Hotbar #1 (Slot 37): Leaf Litter (leaf_litter) x30
    Hotbar #2 (Slot 38): Spider Eye (spider_eye) x3
    Hotbar #3 (Slot 39): Stick (stick) x64
    Hotbar #4 (Slot 40): Rotten Flesh (rotten_flesh) x1
    Hotbar #5 (Slot 41): Raw Salmon (salmon) x1
    Hotbar #6 (Slot 42): Arrow (arrow) x4
    Hotbar #7 (Slot 43): Oak Sapling (oak_sapling) x64
    Hotbar #8 (Slot 44): Bone (bone) x5
==============================


=== [DEBUG: SCOREBOARD] ===
=============================


=== [DEBUG: ACTIVE BOSSBARS] ===
No active bossbars.

=== [DEBUG: NEARBY ENTITIES / NPCs] ===
  - [PLAYER] ayushi_ds_2026 | Dist: 0.0m | Pos: (595, 64, 222)
========================================


=== [DEBUG: CURRENT OPEN WINDOW] ===
No active Container UI / Chest window open.
########################################################

########################################################

[WorldDetector] Classifying world (attempt 1)...
[WorldDetector] World classified as: survival (confidence: 20%, scoreboard: "none", gamemode: creative)
[Connection] Initial classification: survival (confidence: 20%)
[Connection] State: proxy -> survival
[Connection] Connected to survival world!
[Agent] Connection ready: world=survival, server=unknown
[ServerCapabilities] Detecting server capabilities...
[ServerCapabilities] Detected: break=true, compass=false, npcs=false, gui=undefined
[TaskQueue] Loaded 0 pending tasks from disk
[Agent] Already in survival (gameMode=creative, state=survival) — proceeding directly
Unpausing mode cowardice
Unpausing mode cowardice
[ServerAnalyzer] Boot phase 2: Command discovery running
[Agent] At (596, 64, 222). Trying to join survival via commands...
[Modes] Picking up item!
[CHAT:messagestr] Unknown or incomplete command. See below for error
[CHAT:messagestr] survival<--[HERE]
Unpausing mode cowardice
Unpausing mode cowardice
Unpausing mode cowardice
Unpausing mode cowardice
Unpausing mode cowardice
[CHAT:messagestr] Unknown or incomplete command. See below for error
[CHAT:messagestr] server survival<--[HERE]
[Agent] Joined survival via "/server survival" (moved 4m)
[Ayushi OS] ✅ All systems online. ayushi_ds_2026 is awake.
[ServerAnalyzer] [CMD] Passive mode — observe only, no probing.
[AyushiOS] Brain booted — knowledge pipeline + advisors online.
[Modes] Picking up item!
[MotorCortex DIAG] runGoal called: task=avoid_hazard steps=2 force=false busy=false
[Ayushi OS] 🧠 Executive Brain initiated task: avoid_hazard
[TaskRunner] Starting task with 2 steps...
[TaskRunner] Step 1/2: go_surface {"destination":"surface"}
  [Skill] Path not found, but attempting to navigate anyway using destructive movements.
Picked up 0 items.
Pathfinding stopped: The goal was changed before it could be completed!.
Going to the surface at y=66.
[TaskRunner] Step 2/2: wait {"ms":2000}
[ServerAnalyzer] Boot phase 3: World scan starting
[TaskRunner] Task complete!
[MotorCortex DIAG] runGoal called: task=build_base steps=5 force=false busy=false
[Ayushi OS] 🧠 Executive Brain initiated task: build_base
[TaskRunner] Starting task with 5 steps...
[TaskRunner] Step 1/5: collect {"item":"oak_log","count":12}
[ServerAnalyzer] Boot complete. Server analysis fully active.
[ServerAnalyzer] === Server Analysis Summary ===
[ServerAnalyzer] Server: Unknown | Claims: factions | PvP: true
[ServerAnalyzer] Plugins: VotingPlugin(80%), WorldGuard(30%)
[ServerAnalyzer] Economy: unknown
[ServerAnalyzer] Commands discovered: 9
[ServerAnalyzer] Locations mapped: 5
[ServerAnalyzer] Dangers: 3
[ServerAnalyzer] Players tracked: 5
[ServerAnalyzer] Rules: 1
[ServerAnalyzer] ================================
[Modes] I'm stuck!
[Agent] Exiting.
Agent ayushi_ds_2026 disconnected
Agent process exited with code 1 and signal null
Restart #4 — waiting 10.2s before reconnecting...
Restarting agent...
Failed to load model module: cerebras.js Cannot find package '@cerebras/cerebras_cloud_sdk' imported from C:\Users\updes\mindcraft\src\models\cerebras.js
Failed to load model module: claude.js Cannot find package '@anthropic-ai/sdk' imported from C:\Users\updes\mindcraft\src\models\claude.js
Failed to load model module: gemini.js Cannot find package '@google/genai' imported from C:\Users\updes\mindcraft\src\models\gemini.js
Failed to load model module: groq.js Cannot find package 'groq-sdk' imported from C:\Users\updes\mindcraft\src\models\groq.js
Failed to load model module: huggingface.js Cannot find package '@huggingface/inference' imported from C:\Users\updes\mindcraft\src\models\huggingface.js
Failed to load model module: mistral.js Cannot find package '@mistralai/mistralai' imported from C:\Users\updes\mindcraft\src\models\mistral.js
Failed to load model module: replicate.js Cannot find package 'replicate' imported from C:\Users\updes\mindcraft\src\models\replicate.js
Connecting to MindServer
Client connected
ayushi_ds_2026 connected to MindServer
Starting agent
Initializing agent ayushi_ds_2026...
[BTMemory] Loaded from ./bots/ayushi_ds_2026/bt_memory.json
Examples initialized.
No task.
ayushi_ds_2026 logging into minecraft...
[AuthHandler] Offline mode — skipping auth for ayushi_ds_2026.
ayushi_ds_2026 updating available agents
ayushi_ds_2026 logged in!
Initializing vision intepreter...
[ServerAnalyzer] [CMD] Passive mode — observe only, no probing.
[ServerAnalyzer] Starting server analysis...
[ServerAnalyzer] [CMD] Skipping active discovery (passive mode).
ayushi_ds_2026 updating available agents
ayushi_ds_2026 spawned.
[Connection] Bot spawned.
[Connection] State: unknown -> proxy
[Connection] Classifying world...
[ServerAnalyzer] Boot phase 1: Chat listeners active

########################################################
##         RUNTIME ENVIRONMENT REPORT (INITIAL)       ##
########################################################

########################################################
##               RUNTIME ENVIRONMENT REPORT           ##
########################################################

=== [DEBUG: PLAYER HOTBAR] ===
    Hotbar #0 (Slot 36): String (string) x3
    Hotbar #1 (Slot 37): Gunpowder (gunpowder) x2
    Hotbar #2 (Slot 38): Leaf Litter (leaf_litter) x30
    Hotbar #3 (Slot 39): Stick (stick) x64
    Hotbar #4 (Slot 40): Rotten Flesh (rotten_flesh) x1
    Hotbar #5 (Slot 41): Raw Salmon (salmon) x1
    Hotbar #6 (Slot 42): Arrow (arrow) x4
    Hotbar #7 (Slot 43): Oak Sapling (oak_sapling) x64
    Hotbar #8 (Slot 44): Bone (bone) x5
==============================


=== [DEBUG: SCOREBOARD] ===
=============================


=== [DEBUG: ACTIVE BOSSBARS] ===
No active bossbars.

=== [DEBUG: NEARBY ENTITIES / NPCs] ===
  - [PLAYER] ayushi_ds_2026 | Dist: 0.0m | Pos: (597, 66, 221)
========================================


=== [DEBUG: CURRENT OPEN WINDOW] ===
No active Container UI / Chest window open.
########################################################

########################################################

[WorldDetector] Classifying world (attempt 1)...
[WorldDetector] World classified as: survival (confidence: 20%, scoreboard: "none", gamemode: creative)
[Connection] Initial classification: survival (confidence: 20%)
[Connection] State: proxy -> survival
[Connection] Connected to survival world!
[Agent] Connection ready: world=survival, server=unknown
[ServerCapabilities] Detecting server capabilities...
[ServerCapabilities] Detected: break=true, compass=false, npcs=false, gui=undefined
[TaskQueue] Loaded 0 pending tasks from disk
[Agent] Already in survival (gameMode=creative, state=survival) — proceeding directly
[ServerAnalyzer] Boot phase 2: Command discovery running
[Agent] At (598, 67, 222). Trying to join survival via commands...
[CHAT:messagestr] Unknown or incomplete command. See below for error
[CHAT:messagestr] survival<--[HERE]
[CHAT:messagestr] Unknown or incomplete command. See below for error
[CHAT:messagestr] server survival<--[HERE]
[CHAT:messagestr] Unknown or incomplete command. See below for error
[CHAT:messagestr] join survival<--[HERE]
[ServerAnalyzer] Boot phase 3: World scan starting
[CHAT:messagestr] Unknown or incomplete command. See below for error
[CHAT:messagestr] smp<--[HERE]
[Agent] Joined survival via "/smp" (moved 5m)
[Ayushi OS] ✅ All systems online. ayushi_ds_2026 is awake.
[ServerAnalyzer] [CMD] Passive mode — observe only, no probing.
[AyushiOS] Brain booted — knowledge pipeline + advisors online.
[MotorCortex DIAG] runGoal called: task=avoid_hazard steps=2 force=false busy=false
[Ayushi OS] 🧠 Executive Brain initiated task: avoid_hazard
[TaskRunner] Starting task with 2 steps...
[TaskRunner] Step 1/2: go_surface {"destination":"surface"}
  [Skill] Found non-destructive path.
You have reached at 603, 67, 222.
Going to the surface at y=67.
[TaskRunner] Step 2/2: wait {"ms":2000}
  [Skill] Picked up 0 items.
[TaskRunner] Task complete!
[MotorCortex DIAG] runGoal called: task=build_base steps=5 force=false busy=false
[Ayushi OS] 🧠 Executive Brain initiated task: build_base
[TaskRunner] Starting task with 5 steps...
[TaskRunner] Step 1/5: collect {"item":"oak_log","count":12}
[ServerAnalyzer] Boot complete. Server analysis fully active.
[ServerAnalyzer] === Server Analysis Summary ===
[ServerAnalyzer] Server: Unknown | Claims: factions | PvP: true
[ServerAnalyzer] Plugins: VotingPlugin(80%), WorldGuard(30%)
[ServerAnalyzer] Economy: unknown
[ServerAnalyzer] Commands discovered: 9
[ServerAnalyzer] Locations mapped: 5
[ServerAnalyzer] Dangers: 3
[ServerAnalyzer] Players tracked: 5
[ServerAnalyzer] Rules: 1
[ServerAnalyzer] ================================
  [Skill] Picked up 0 items.
Picked up 0 items.
Picked up 0 items.
Collected 0 oak_log.
Picked up 0 items.
Found non-destructive path.
Picked up 1 items.
Picked up 0 items.
Picked up 0 items.
Picked up 0 items.
Picked up 0 items.
Picked up 0 items.
Picked up 0 items.
Picked up 0 items.
Picked up 0 items.
Picked up 0 items.
Collected 0 oak_log.
[TaskRunner] Step 2/5: craft {"item":"oak_planks","count":16}
[TaskRunner] Step 2 (craft) failed: Missing resources to craft oak_planks. Need: oak_log: 1
[TaskRunner] Failed step 2 (craft): Missing resources to craft oak_planks. Need: oak_log: 1
[MotorCortex DIAG] runGoal called: task=avoid_hazard steps=2 force=false busy=false
[Ayushi OS] 🧠 Executive Brain initiated task: avoid_hazard
[TaskRunner] Starting task with 2 steps...
[TaskRunner] Step 1/2: go_surface {"destination":"surface"}
  [Skill] Found non-destructive path.
You have reached at 599, 67, 231.
Going to the surface at y=67.
[TaskRunner] Step 2/2: wait {"ms":2000}
[TaskRunner] Task complete!
[MotorCortex DIAG] runGoal called: task=explore_unknown steps=2 force=false busy=false
[Ayushi OS] 🧠 Executive Brain initiated task: explore_unknown
[TaskRunner] Starting task with 2 steps...
[TaskRunner] Step 1/2: move_to {"x":613,"y":65,"z":243,"range":5}
[TaskRunner] Move retry 1/3 — attempting recovery...
[TaskRunner] Move retry 2/3 — attempting recovery...
[TaskRunner] Step 1 (move_to) failed: Failed to reach 613, 65, 243 after 3 attempts
[TaskRunner] Failed step 1 (move_to): Failed to reach 613, 65, 243 after 3 attempts
[MotorCortex DIAG] runGoal called: task=avoid_hazard steps=2 force=false busy=false
[Ayushi OS] 🧠 Executive Brain initiated task: avoid_hazard
[TaskRunner] Starting task with 2 steps...
[TaskRunner] Step 1/2: go_surface {"destination":"surface"}
  [Skill] Path not found, but attempting to navigate anyway using destructive movements.
Picked up 0 items.
Pathfinding stopped: The goal was changed before it could be completed!.
Going to the surface at y=72.
[TaskRunner] Step 2/2: wait {"ms":2000}
  [Skill] Picked up 0 items.
Picked up 0 items.
[TaskRunner] Task complete!
Unpausing mode cowardice
[MotorCortex DIAG] runGoal called: task=build_base steps=5 force=false busy=false
[Ayushi OS] 🧠 Executive Brain initiated task: build_base
[TaskRunner] Starting task with 5 steps...
[TaskRunner] Step 1/5: collect {"item":"oak_log","count":12}
[Modes] I'm stuck!
[Agent] Exiting.
Agent ayushi_ds_2026 disconnected
Agent process exited with code 1 and signal null
Restart #5 — waiting 12.5s before reconnecting...
Restarting agent...
Failed to load model module: cerebras.js Cannot find package '@cerebras/cerebras_cloud_sdk' imported from C:\Users\updes\mindcraft\src\models\cerebras.js
Failed to load model module: claude.js Cannot find package '@anthropic-ai/sdk' imported from C:\Users\updes\mindcraft\src\models\claude.js
Failed to load model module: gemini.js Cannot find package '@google/genai' imported from C:\Users\updes\mindcraft\src\models\gemini.js
Failed to load model module: groq.js Cannot find package 'groq-sdk' imported from C:\Users\updes\mindcraft\src\models\groq.js
Failed to load model module: huggingface.js Cannot find package '@huggingface/inference' imported from C:\Users\updes\mindcraft\src\models\huggingface.js
Failed to load model module: mistral.js Cannot find package '@mistralai/mistralai' imported from C:\Users\updes\mindcraft\src\models\mistral.js
Failed to load model module: replicate.js Cannot find package 'replicate' imported from C:\Users\updes\mindcraft\src\models\replicate.js
Connecting to MindServer
Client connected
ayushi_ds_2026 connected to MindServer
Starting agent
Initializing agent ayushi_ds_2026...
[BTMemory] Loaded from ./bots/ayushi_ds_2026/bt_memory.json
Examples initialized.
No task.
ayushi_ds_2026 logging into minecraft...
[AuthHandler] Offline mode — skipping auth for ayushi_ds_2026.
ayushi_ds_2026 updating available agents
ayushi_ds_2026 logged in!
Initializing vision intepreter...
[ServerAnalyzer] [CMD] Passive mode — observe only, no probing.
[ServerAnalyzer] Starting server analysis...
[ServerAnalyzer] [CMD] Skipping active discovery (passive mode).
ayushi_ds_2026 updating available agents
ayushi_ds_2026 spawned.
[Connection] Bot spawned.
[Connection] State: unknown -> proxy
[Connection] Classifying world...
[ServerAnalyzer] Boot phase 1: Chat listeners active

########################################################
##         RUNTIME ENVIRONMENT REPORT (INITIAL)       ##
########################################################

########################################################
##               RUNTIME ENVIRONMENT REPORT           ##
########################################################

=== [DEBUG: PLAYER HOTBAR] ===
    Hotbar #0 (Slot 36): Oak Sapling (oak_sapling) x64
    Hotbar #1 (Slot 37): Bone (bone) x5
    Hotbar #2 (Slot 38): Spider Eye (spider_eye) x3
    Hotbar #3 (Slot 39): String (string) x3
    Hotbar #4 (Slot 40): Gunpowder (gunpowder) x2
    Hotbar #5 (Slot 41): Leaf Litter (leaf_litter) x36
    Hotbar #6 (Slot 42): Rotten Flesh (rotten_flesh) x1
    Hotbar #7 (Slot 43): Raw Salmon (salmon) x1
    Hotbar #8 (Slot 44): Arrow (arrow) x4
==============================


=== [DEBUG: SCOREBOARD] ===
=============================


=== [DEBUG: ACTIVE BOSSBARS] ===
No active bossbars.

=== [DEBUG: NEARBY ENTITIES / NPCs] ===
  - [PLAYER] ayushi_ds_2026 | Dist: 0.0m | Pos: (624, 64, 249)
========================================


=== [DEBUG: CURRENT OPEN WINDOW] ===
No active Container UI / Chest window open.
########################################################

########################################################

[WorldDetector] Classifying world (attempt 1)...
[WorldDetector] World classified as: survival (confidence: 20%, scoreboard: "none", gamemode: creative)
[Connection] Initial classification: survival (confidence: 20%)
[Connection] State: proxy -> survival
[Connection] Connected to survival world!
[Agent] Connection ready: world=survival, server=unknown
[ServerCapabilities] Detecting server capabilities...
[ServerCapabilities] Detected: break=true, compass=false, npcs=false, gui=undefined
[TaskQueue] Loaded 0 pending tasks from disk
[Agent] Already in survival (gameMode=creative, state=survival) — proceeding directly
[ServerAnalyzer] Boot phase 2: Command discovery running
[Agent] At (627, 64, 249). Trying to join survival via commands...
[CHAT:messagestr] Unknown or incomplete command. See below for error
[CHAT:messagestr] survival<--[HERE]
[Agent] Joined survival via "/survival" (moved 4m)
[Ayushi OS] ✅ All systems online. ayushi_ds_2026 is awake.
[ServerAnalyzer] [CMD] Passive mode — observe only, no probing.
[AyushiOS] Brain booted — knowledge pipeline + advisors online.
[MotorCortex DIAG] runGoal called: task=avoid_hazard steps=2 force=false busy=false
[Ayushi OS] 🧠 Executive Brain initiated task: avoid_hazard
[TaskRunner] Starting task with 2 steps...
[TaskRunner] Step 1/2: go_surface {"destination":"surface"}
  [Skill] Found non-destructive path.
Picked up 0 items.
Pathfinding stopped: The goal was changed before it could be completed!.
Going to the surface at y=70.
[TaskRunner] Step 2/2: wait {"ms":2000}
[TaskRunner] Task complete!
[MotorCortex DIAG] runGoal called: task=build_base steps=5 force=false busy=false
[Ayushi OS] 🧠 Executive Brain initiated task: build_base
[TaskRunner] Starting task with 5 steps...
[TaskRunner] Step 1/5: collect {"item":"oak_log","count":12}
[ServerAnalyzer] Boot phase 3: World scan starting
  [Skill] Picked up 0 items.
Picked up 0 items.
Picked up 0 items.
Picked up 0 items.
Picked up 0 items.
Collected 0 oak_log.
Picked up 0 items.
Picked up 0 items.
Picked up 0 items.
Picked up 0 items.
Picked up 0 items.
Picked up 0 items.
Picked up 0 items.
Picked up 0 items.
Picked up 0 items.
Picked up 0 items.
Collected 0 oak_log.
[TaskRunner] Step 2/5: craft {"item":"oak_planks","count":16}
[TaskRunner] Step 2 (craft) failed: Missing resources to craft oak_planks. Need: oak_log: 1
[TaskRunner] Failed step 2 (craft): Missing resources to craft oak_planks. Need: oak_log: 1
[MotorCortex DIAG] runGoal called: task=avoid_hazard steps=2 force=false busy=false
[Ayushi OS] 🧠 Executive Brain initiated task: avoid_hazard
[TaskRunner] Starting task with 2 steps...
[TaskRunner] Step 1/2: go_surface {"destination":"surface"}
  [Skill] Found non-destructive path.
You have reached at 628, 68, 245.
Going to the surface at y=68.
[TaskRunner] Step 2/2: wait {"ms":2000}
[TaskRunner] Task complete!
[ServerAnalyzer] Boot complete. Server analysis fully active.
[ServerAnalyzer] === Server Analysis Summary ===
[ServerAnalyzer] Server: Unknown | Claims: factions | PvP: true
[ServerAnalyzer] Plugins: VotingPlugin(80%), WorldGuard(30%)
[ServerAnalyzer] Economy: unknown
[ServerAnalyzer] Commands discovered: 9
[ServerAnalyzer] Locations mapped: 5
[ServerAnalyzer] Dangers: 3
[ServerAnalyzer] Players tracked: 5
[ServerAnalyzer] Rules: 1
[ServerAnalyzer] ================================
[MotorCortex DIAG] runGoal called: task=build_base steps=5 force=false busy=false
[Ayushi OS] 🧠 Executive Brain initiated task: build_base
[TaskRunner] Starting task with 5 steps...
[TaskRunner] Step 1/5: collect {"item":"oak_log","count":12}
  [Skill] Picked up 0 items.
Picked up 0 items.
Picked up 0 items.
Picked up 0 items.
Picked up 0 items.
Picked up 0 items.
Picked up 0 items.
Picked up 0 items.
Picked up 0 items.
Picked up 0 items.
Picked up 0 items.
Picked up 0 items.
Picked up 0 items.
Picked up 0 items.
Picked up 0 items.
Collected 0 oak_log.
Picked up 0 items.
Picked up 0 items.
Picked up 0 items.
Picked up 0 items.
Picked up 0 items.
Collected 0 oak_log.
[TaskRunner] Step 2/5: craft {"item":"oak_planks","count":16}
[TaskRunner] Step 2 (craft) failed: Missing resources to craft oak_planks. Need: oak_log: 1
[TaskRunner] Failed step 2 (craft): Missing resources to craft oak_planks. Need: oak_log: 1
[Modes] Hunting pig!
[MotorCortex DIAG] runGoal called: task=avoid_hazard steps=2 force=false busy=false
[Ayushi OS] 🧠 Executive Brain initiated task: avoid_hazard
[TaskRunner] Starting task with 2 steps...
[TaskRunner] Step 1/2: go_surface {"destination":"surface"}
  [Skill] Path not found, but attempting to navigate anyway using destructive movements.
Unable to reach 641, 70, 245, you are 4 blocks away.
Going to the surface at y=70.
[TaskRunner] Step 2/2: wait {"ms":2000}
[TaskRunner] Task complete!
[MotorCortex DIAG] runGoal called: task=explore_unknown steps=2 force=false busy=false
[Ayushi OS] 🧠 Executive Brain initiated task: explore_unknown
[TaskRunner] Starting task with 2 steps...
[TaskRunner] Step 1/2: move_to {"x":651,"y":66,"z":256,"range":5}
  [Skill] Path not found, but attempting to navigate anyway using destructive movements.
You have reached at 651, 66, 256.
[TaskRunner] Step 2/2: wait {"ms":4000}
[TaskRunner] Task complete!
[MotorCortex DIAG] runGoal called: task=build_base steps=5 force=false busy=false
[Ayushi OS] 🧠 Executive Brain initiated task: build_base
[TaskRunner] Starting task with 5 steps...
[TaskRunner] Step 1/5: collect {"item":"oak_log","count":12}
  [Skill] Picked up 0 items.
Picked up 0 items.
Picked up 0 items.
Picked up 0 items.
Picked up 0 items.
Picked up 0 items.
Picked up 0 items.
Picked up 0 items.
Picked up 0 items.
Picked up 0 items.
Picked up 0 items.
Found destructive path.
Picked up 1 items.
Collected 0 oak_log.
[TaskRunner] Step 2/5: craft {"item":"oak_planks","count":16}
[TaskRunner] Step 2 (craft) failed: Missing resources to craft oak_planks. Need: oak_log: 1
[TaskRunner] Failed step 2 (craft): Missing resources to craft oak_planks. Need: oak_log: 1
[MotorCortex DIAG] runGoal called: task=avoid_hazard steps=2 force=false busy=false
[Ayushi OS] 🧠 Executive Brain initiated task: avoid_hazard
[TaskRunner] Starting task with 2 steps...
[TaskRunner] Step 1/2: go_surface {"destination":"surface"}
  [Skill] Path not found, but attempting to navigate anyway using destructive movements.
Unable to reach 642, 69, 244, you are 3 blocks away.
Going to the surface at y=69.
[TaskRunner] Step 2/2: wait {"ms":2000}
[TaskRunner] Task complete!
[MotorCortex DIAG] runGoal called: task=build_base steps=5 force=false busy=false
[Ayushi OS] 🧠 Executive Brain initiated task: build_base
[TaskRunner] Starting task with 5 steps...
[TaskRunner] Step 1/5: collect {"item":"oak_log","count":12}
[TaskRunner] Step 2/5: craft {"item":"oak_planks","count":16}
[TaskRunner] Step 2 (craft) failed: Missing resources to craft oak_planks. Need: oak_log: 1
[TaskRunner] Failed step 2 (craft): Missing resources to craft oak_planks. Need: oak_log: 1
[MotorCortex DIAG] runGoal called: task=avoid_hazard steps=2 force=false busy=false
[Ayushi OS] 🧠 Executive Brain initiated task: avoid_hazard
[TaskRunner] Starting task with 2 steps...
[TaskRunner] Step 1/2: go_surface {"destination":"surface"}
  [Skill] Path not found, but attempting to navigate anyway using destructive movements.
Picked up 0 items.
Pathfinding stopped: The goal was changed before it could be completed!.
Going to the surface at y=69.
[TaskRunner] Step 2/2: wait {"ms":2000}
  [Skill] Picked up 0 items.
[TaskRunner] Task complete!
[MotorCortex DIAG] runGoal called: task=build_base steps=5 force=false busy=false
[Ayushi OS] 🧠 Executive Brain initiated task: build_base
[TaskRunner] Starting task with 5 steps...
[TaskRunner] Step 1/5: collect {"item":"oak_log","count":12}
  [Skill] Picked up 0 items.
Picked up 0 items.
Picked up 0 items.
Picked up 0 items.
Picked up 0 items.
Picked up 0 items.
Picked up 0 items.
Picked up 0 items.
Picked up 0 items.
Collected 0 birch_log.
Picked up 0 items.
Picked up 0 items.
Picked up 0 items.
Picked up 0 items.
Picked up 0 items.
Picked up 0 items.
Picked up 0 items.
Picked up 0 items.
Collected 0 oak_log.
[TaskRunner] Step 2/5: craft {"item":"oak_planks","count":16}
[TaskRunner] Step 2 (craft) failed: Missing resources to craft oak_planks. Need: oak_log: 1
[TaskRunner] Failed step 2 (craft): Missing resources to craft oak_planks. Need: oak_log: 1
[MotorCortex DIAG] runGoal called: task=avoid_hazard steps=2 force=false busy=false
[Ayushi OS] 🧠 Executive Brain initiated task: avoid_hazard
[TaskRunner] Starting task with 2 steps...
[TaskRunner] Step 1/2: go_surface {"destination":"surface"}
  [Skill] Path not found, but attempting to navigate anyway using destructive movements.
Path not found, but attempting to navigate anyway using destructive movements.
Pathfinding stopped: The goal was changed before it could be completed!.
Going to the surface at y=75.
[TaskRunner] Step 2/2: wait {"ms":2000}
  [Skill] Found non-destructive path.
[TaskRunner] Task complete!
[MotorCortex DIAG] runGoal called: task=explore_unknown steps=2 force=false busy=false
[Ayushi OS] 🧠 Executive Brain initiated task: explore_unknown
[TaskRunner] Starting task with 2 steps...
[TaskRunner] Step 1/2: move_to {"x":662,"y":66,"z":273,"range":5}
[TaskRunner] Move retry 1/3 — attempting recovery...
[TaskRunner] Move retry 2/3 — attempting recovery...
[TaskRunner] Step 1 (move_to) failed: Failed to reach 662, 66, 273 after 3 attempts
[TaskRunner] Failed step 1 (move_to): Failed to reach 662, 66, 273 after 3 attempts
[MotorCortex DIAG] runGoal called: task=build_base steps=5 force=false busy=false
[Ayushi OS] 🧠 Executive Brain initiated task: build_base
[TaskRunner] Starting task with 5 steps...
[TaskRunner] Step 1/5: collect {"item":"oak_log","count":12}
[TaskRunner] Step 1 (collect) failed: Cannot read properties of null (reading 'x')
[TaskRunner] Failed step 1 (collect): Cannot read properties of null (reading 'x')
[MotorCortex DIAG] runGoal called: task=avoid_hazard steps=2 force=false busy=false
[Ayushi OS] 🧠 Executive Brain initiated task: avoid_hazard
[TaskRunner] Starting task with 2 steps...
[TaskRunner] Step 1/2: go_surface {"destination":"surface"}
  [Skill] Path not found, but attempting to navigate anyway using destructive movements.
Failed to collect oak_log: GoalChanged: The goal was changed before it could be completed!.
Unable to reach 646, 65, 254, you are 1 blocks away.
Going to the surface at y=65.
[TaskRunner] Step 2/2: wait {"ms":2000}
[TaskRunner] Task complete!
[Modes] Picking up item!
[MotorCortex DIAG] runGoal called: task=explore_unknown steps=2 force=false busy=false
[Ayushi OS] 🧠 Executive Brain initiated task: explore_unknown
[TaskRunner] Starting task with 2 steps...
[TaskRunner] Step 1/2: move_to {"x":657,"y":67,"z":266,"range":5}
[TaskRunner] Move retry 1/3 — attempting recovery...
  [Skill] esired goal was not reached..
Found non-destructive path.
You have reached at 657, 67, 266.
[TaskRunner] Step 2/2: wait {"ms":4000}
[TaskRunner] Task complete!
[MotorCortex DIAG] runGoal called: task=avoid_hazard steps=2 force=false busy=false
[Ayushi OS] 🧠 Executive Brain initiated task: avoid_hazard
[TaskRunner] Starting task with 2 steps...
[TaskRunner] Step 1/2: go_surface {"destination":"surface"}
  [Skill] Path not found, but attempting to navigate anyway using destructive movements.
Unable to reach 653, 66, 262, you are 1 blocks away.
Going to the surface at y=66.
[TaskRunner] Step 2/2: wait {"ms":2000}
  [Skill] Picked up 0 items.
Found non-destructive path.
[TaskRunner] Task complete!
[MotorCortex DIAG] runGoal called: task=explore_unknown steps=2 force=false busy=false
[Ayushi OS] 🧠 Executive Brain initiated task: explore_unknown
[TaskRunner] Starting task with 2 steps...
[TaskRunner] Step 1/2: move_to {"x":661,"y":64,"z":269,"range":5}
  [Skill] Found non-destructive path.
Failed to collect birch_log: GoalChanged: The goal was changed before it could be completed!.
You have reached at 661, 64, 269.
[TaskRunner] Step 2/2: wait {"ms":4000}
[TaskRunner] Task complete!
[MotorCortex DIAG] runGoal called: task=build_base steps=5 force=false busy=false
[Ayushi OS] 🧠 Executive Brain initiated task: build_base
[TaskRunner] Starting task with 5 steps...
[TaskRunner] Step 1/5: collect {"item":"oak_log","count":12}
[Modes] I'm stuck!
[TaskRunner] Step 2/5: craft {"item":"oak_planks","count":16}
[TaskRunner] Step 2 (craft) failed: Missing resources to craft oak_planks. Need: oak_log: 1
[TaskRunner] Failed step 2 (craft): Missing resources to craft oak_planks. Need: oak_log: 1
[MotorCortex DIAG] runGoal called: task=avoid_hazard steps=2 force=false busy=false
[Ayushi OS] 🧠 Executive Brain initiated task: avoid_hazard
[TaskRunner] Starting task with 2 steps...
[TaskRunner] Step 1/2: go_surface {"destination":"surface"}
  [Skill] Path not found, but attempting to navigate anyway using destructive movements.
Found non-destructive path.
Unable to reach 650, 65, 260, you are 1 blocks away.
Going to the surface at y=65.
[TaskRunner] Step 2/2: wait {"ms":2000}
  [Skill] Found non-destructive path.
Found non-destructive path.
[TaskRunner] Task complete!
[MotorCortex DIAG] runGoal called: task=build_base steps=5 force=false busy=false
[Ayushi OS] 🧠 Executive Brain initiated task: build_base
[TaskRunner] Starting task with 5 steps...
[TaskRunner] Step 1/5: collect {"item":"oak_log","count":12}
[Agent] Exiting.
Agent ayushi_ds_2026 disconnected
Agent process exited with code 1 and signal null
Restart #6 — waiting 15.8s before reconnecting...
Restarting agent...
Failed to load model module: cerebras.js Cannot find package '@cerebras/cerebras_cloud_sdk' imported from C:\Users\updes\mindcraft\src\models\cerebras.js
Failed to load model module: claude.js Cannot find package '@anthropic-ai/sdk' imported from C:\Users\updes\mindcraft\src\models\claude.js
Failed to load model module: gemini.js Cannot find package '@google/genai' imported from C:\Users\updes\mindcraft\src\models\gemini.js
Failed to load model module: groq.js Cannot find package 'groq-sdk' imported from C:\Users\updes\mindcraft\src\models\groq.js
Failed to load model module: huggingface.js Cannot find package '@huggingface/inference' imported from C:\Users\updes\mindcraft\src\models\huggingface.js
Failed to load model module: mistral.js Cannot find package '@mistralai/mistralai' imported from C:\Users\updes\mindcraft\src\models\mistral.js
Failed to load model module: replicate.js Cannot find package 'replicate' imported from C:\Users\updes\mindcraft\src\models\replicate.js
Connecting to MindServer
Client connected
ayushi_ds_2026 connected to MindServer
Starting agent
Initializing agent ayushi_ds_2026...
[BTMemory] Loaded from ./bots/ayushi_ds_2026/bt_memory.json
Examples initialized.
No task.
ayushi_ds_2026 logging into minecraft...
[AuthHandler] Offline mode — skipping auth for ayushi_ds_2026.
ayushi_ds_2026 updating available agents
ayushi_ds_2026 logged in!
Initializing vision intepreter...
[ServerAnalyzer] [CMD] Passive mode — observe only, no probing.
[ServerAnalyzer] Starting server analysis...
[ServerAnalyzer] [CMD] Skipping active discovery (passive mode).
ayushi_ds_2026 updating available agents
ayushi_ds_2026 spawned.
[Connection] Bot spawned.
[Connection] State: unknown -> proxy
[Connection] Classifying world...
[ServerAnalyzer] Boot phase 1: Chat listeners active

########################################################
##         RUNTIME ENVIRONMENT REPORT (INITIAL)       ##
########################################################

########################################################
##               RUNTIME ENVIRONMENT REPORT           ##
########################################################

=== [DEBUG: PLAYER HOTBAR] ===
    Hotbar #0 (Slot 36): Gunpowder (gunpowder) x2
    Hotbar #1 (Slot 37): Rotten Flesh (rotten_flesh) x1
    Hotbar #2 (Slot 38): Raw Salmon (salmon) x1
    Hotbar #3 (Slot 39): Arrow (arrow) x4
    Hotbar #4 (Slot 40): Stick (stick) x64
    Hotbar #5 (Slot 41): Oak Sapling (oak_sapling) x64
    Hotbar #6 (Slot 42): Bone (bone) x5
    Hotbar #7 (Slot 43): Spider Eye (spider_eye) x3
    Hotbar #8 (Slot 44): String (string) x3
==============================


=== [DEBUG: SCOREBOARD] ===
=============================


=== [DEBUG: ACTIVE BOSSBARS] ===
No active bossbars.

=== [DEBUG: NEARBY ENTITIES / NPCs] ===
  - [PLAYER] ayushi_ds_2026 | Dist: 0.0m | Pos: (645, 64, 259)
========================================


=== [DEBUG: CURRENT OPEN WINDOW] ===
No active Container UI / Chest window open.
########################################################

########################################################

[WorldDetector] Classifying world (attempt 1)...
[WorldDetector] World classified as: survival (confidence: 20%, scoreboard: "none", gamemode: creative)
[Connection] Initial classification: survival (confidence: 20%)
[Connection] State: proxy -> survival
[Connection] Connected to survival world!
[Agent] Connection ready: world=survival, server=unknown
[ServerCapabilities] Detecting server capabilities...
[ServerCapabilities] Detected: break=true, compass=false, npcs=false, gui=undefined
[TaskQueue] Loaded 0 pending tasks from disk
[Agent] Already in survival (gameMode=creative, state=survival) — proceeding directly
Unpausing mode cowardice
Unpausing mode cowardice
Unpausing mode cowardice
[ServerAnalyzer] Boot phase 2: Command discovery running
[Agent] At (636, 62, 265). Trying to join survival via commands...
[CHAT:messagestr] Unknown or incomplete command. See below for error
[CHAT:messagestr] survival<--[HERE]
[CHAT:messagestr] Unknown or incomplete command. See below for error
[CHAT:messagestr] server survival<--[HERE]
[CHAT:messagestr] Unknown or incomplete command. See below for error
[CHAT:messagestr] join survival<--[HERE]
[Agent] Joined survival via "/join survival" (moved 5m)
[Ayushi OS] ✅ All systems online. ayushi_ds_2026 is awake.
[ServerAnalyzer] [CMD] Passive mode — observe only, no probing.
[AyushiOS] Brain booted — knowledge pipeline + advisors online.
[defendSelf] chase follow: The goal was changed before it could be completed!
[MotorCortex DIAG] runGoal called: task=avoid_hazard steps=2 force=false busy=false
[Ayushi OS] 🧠 Executive Brain initiated task: avoid_hazard
[TaskRunner] Starting task with 2 steps...
[TaskRunner] Step 1/2: go_surface {"destination":"surface"}
[defendSelf] chase follow: Path was stopped before it could be completed! Thus, the desired goal was not reached.
  [Skill] Path not found, but attempting to navigate anyway using destructive movements.
Pathfinding stopped: The goal was changed before it could be completed!.
Going to the surface at y=63.
[TaskRunner] Step 2/2: wait {"ms":2000}
[ServerAnalyzer] Boot phase 3: World scan starting
[defendSelf] chase follow: Path was stopped before it could be completed! Thus, the desired goal was not reached.
[defendSelf] chase follow: Path was stopped before it could be completed! Thus, the desired goal was not reached.
[TaskRunner] Task complete!
[MotorCortex DIAG] runGoal called: task=build_base steps=5 force=false busy=false
[Ayushi OS] 🧠 Executive Brain initiated task: build_base
[TaskRunner] Starting task with 5 steps...
[TaskRunner] Step 1/5: collect {"item":"oak_log","count":12}
[defendSelf] chase follow: Path was stopped before it could be completed! Thus, the desired goal was not reached.
[defendSelf] chase follow: The goal was changed before it could be completed!
[defendSelf] chase follow: The goal was changed before it could be completed!
Unpausing mode cowardice
Unpausing mode self_defense
[ServerAnalyzer] Boot complete. Server analysis fully active.
[ServerAnalyzer] === Server Analysis Summary ===
[ServerAnalyzer] Server: Unknown | Claims: factions | PvP: true
[ServerAnalyzer] Plugins: VotingPlugin(80%), WorldGuard(30%)
[ServerAnalyzer] Economy: unknown
[ServerAnalyzer] Commands discovered: 9
[ServerAnalyzer] Locations mapped: 5
[ServerAnalyzer] Dangers: 3
[ServerAnalyzer] Players tracked: 5
[ServerAnalyzer] Rules: 1
[ServerAnalyzer] ================================
  [Skill] tems.
Picked up 0 items.
Picked up 0 items.
Picked up 0 items.
Picked up 0 items.
Picked up 0 items.
Collected 0 oak_log.
[TaskRunner] Step 2/5: craft {"item":"oak_planks","count":16}
[TaskRunner] Step 2 (craft) failed: Missing resources to craft oak_planks. Need: oak_log: 1
[TaskRunner] Failed step 2 (craft): Missing resources to craft oak_planks. Need: oak_log: 1
[MotorCortex DIAG] runGoal called: task=avoid_hazard steps=2 force=false busy=false
[Ayushi OS] 🧠 Executive Brain initiated task: avoid_hazard
[TaskRunner] Starting task with 2 steps...
[TaskRunner] Step 1/2: go_surface {"destination":"surface"}
  [Skill] Found non-destructive path.
You have reached at 635, 72, 244.
Going to the surface at y=72.
[TaskRunner] Step 2/2: wait {"ms":2000}
  [Skill] Picked up 0 items.
Picked up 0 items.
[TaskRunner] Task complete!
[MotorCortex DIAG] runGoal called: task=build_base steps=5 force=false busy=false
[Ayushi OS] 🧠 Executive Brain initiated task: build_base
[TaskRunner] Starting task with 5 steps...
[TaskRunner] Step 1/5: collect {"item":"oak_log","count":12}
  [Skill] Picked up 0 items.
Picked up 0 items.
Picked up 0 items.
Picked up 0 items.
Picked up 0 items.
Picked up 0 items.
Picked up 0 items.
Picked up 0 items.
Picked up 0 items.
Collected 0 birch_log.
Picked up 0 items.
Picked up 0 items.
Picked up 0 items.
Picked up 0 items.
Picked up 0 items.
Picked up 0 items.
Picked up 0 items.
Picked up 0 items.
Collected 0 oak_log.
[TaskRunner] Step 2/5: craft {"item":"oak_planks","count":16}
[TaskRunner] Step 2 (craft) failed: Missing resources to craft oak_planks. Need: oak_log: 1
[TaskRunner] Failed step 2 (craft): Missing resources to craft oak_planks. Need: oak_log: 1
[MotorCortex DIAG] runGoal called: task=avoid_hazard steps=2 force=false busy=false
[Ayushi OS] 🧠 Executive Brain initiated task: avoid_hazard
[TaskRunner] Starting task with 2 steps...
[TaskRunner] Step 1/2: go_surface {"destination":"surface"}
  [Skill] Path not found, but attempting to navigate anyway using destructive movements.
Found non-destructive path.
Pathfinding stopped: The goal was changed before it could be completed!.
Going to the surface at y=77.
[TaskRunner] Step 2/2: wait {"ms":2000}
[TaskRunner] Task complete!
[MotorCortex DIAG] runGoal called: task=explore_unknown steps=2 force=false busy=false
[Ayushi OS] 🧠 Executive Brain initiated task: explore_unknown
[TaskRunner] Starting task with 2 steps...
[TaskRunner] Step 1/2: move_to {"x":650,"y":66,"z":258,"range":5}
  [Skill] Found non-destructive path.
Failed to collect oak_log: GoalChanged: The goal was changed before it could be completed!.
You have reached at 650, 66, 258.
[TaskRunner] Step 2/2: wait {"ms":4000}
[TaskRunner] Task complete!
[Modes] Picking up item!
[MotorCortex DIAG] runGoal called: task=avoid_hazard steps=2 force=false busy=false
[Ayushi OS] 🧠 Executive Brain initiated task: avoid_hazard
[TaskRunner] Starting task with 2 steps...
[TaskRunner] Step 1/2: go_surface {"destination":"surface"}
  [Skill] s stopped before it could be completed! Thus, the desired goal was not reached..
Going to the surface at y=75.
[TaskRunner] Step 2/2: wait {"ms":2000}
[TaskRunner] Task complete!
Unpausing mode cowardice
[MotorCortex DIAG] runGoal called: task=build_base steps=5 force=false busy=false
[Ayushi OS] 🧠 Executive Brain initiated task: build_base
[TaskRunner] Starting task with 5 steps...
[TaskRunner] Step 1/5: collect {"item":"oak_log","count":12}
  [Skill] Picked up 0 items.
Picked up 0 items.
Picked up 0 items.
Picked up 0 items.
Picked up 0 items.
Picked up 0 items.
Picked up 0 items.
Picked up 0 items.
Picked up 0 items.
Picked up 0 items.
Picked up 0 items.
Picked up 0 items.
Collected 0 oak_log.
[TaskRunner] Step 2/5: craft {"item":"oak_planks","count":16}
[TaskRunner] Step 2 (craft) failed: Missing resources to craft oak_planks. Need: oak_log: 1
[TaskRunner] Failed step 2 (craft): Missing resources to craft oak_planks. Need: oak_log: 1
[MotorCortex DIAG] runGoal called: task=avoid_hazard steps=2 force=false busy=false
[Ayushi OS] 🧠 Executive Brain initiated task: avoid_hazard
[TaskRunner] Starting task with 2 steps...
[TaskRunner] Step 1/2: go_surface {"destination":"surface"}
  [Skill] Path not found, but attempting to navigate anyway using destructive movements.
Unable to reach 658, 75, 269, you are 9 blocks away.
Going to the surface at y=75.
[TaskRunner] Step 2/2: wait {"ms":2000}
[TaskRunner] Task complete!
Unpausing mode cowardice
Unpausing mode cowardice
[MotorCortex DIAG] runGoal called: task=seek_safety steps=2 force=false busy=false
[Ayushi OS] 🧠 Executive Brain initiated task: seek_safety
[TaskRunner] Starting task with 2 steps...
[TaskRunner] Step 1/2: go_surface {"destination":"surface"}
  [Skill] Found non-destructive path.
You have reached at 663, 69, 274.
Going to the surface at y=69.
[TaskRunner] Step 2/2: wait {"ms":2000}
[TaskRunner] Task complete!
Unpausing mode cowardice
[MotorCortex DIAG] runGoal called: task=build_base steps=5 force=false busy=false
[Ayushi OS] 🧠 Executive Brain initiated task: build_base
[TaskRunner] Starting task with 5 steps...
[TaskRunner] Step 1/5: collect {"item":"oak_log","count":12}
[defendSelf] chase follow: The goal was changed before it could be completed!
[defendSelf] chase follow: The goal was changed before it could be completed!
[TaskRunner] Step 2/5: craft {"item":"oak_planks","count":16}
[TaskRunner] Step 2 (craft) failed: Missing resources to craft oak_planks. Need: oak_log: 1
[TaskRunner] Failed step 2 (craft): Missing resources to craft oak_planks. Need: oak_log: 1
[MotorCortex DIAG] runGoal called: task=avoid_hazard steps=2 force=false busy=false
[Ayushi OS] 🧠 Executive Brain initiated task: avoid_hazard
[TaskRunner] Starting task with 2 steps...
[TaskRunner] Step 1/2: go_surface {"destination":"surface"}
[defendSelf] chase follow: The goal was changed before it could be completed!
  [Skill] Found non-destructive path.
You have reached at 667, 66, 269.
Going to the surface at y=66.
[TaskRunner] Step 2/2: wait {"ms":2000}
[TaskRunner] Task complete!
[MotorCortex DIAG] runGoal called: task=seek_safety steps=2 force=false busy=false
[Ayushi OS] 🧠 Executive Brain initiated task: seek_safety
[TaskRunner] Starting task with 2 steps...
[TaskRunner] Step 1/2: go_surface {"destination":"surface"}
  [Skill] Found non-destructive path.
You have reached at 669, 66, 268.
Going to the surface at y=66.
[TaskRunner] Step 2/2: wait {"ms":2000}
[TaskRunner] Task complete!
[MotorCortex DIAG] runGoal called: task=eat steps=1 force=false busy=false
[Ayushi OS] 🧠 Executive Brain initiated task: eat
[TaskRunner] Starting task with 1 steps...
[TaskRunner] Step 1/1: eat {"minFoodLevel":20}
[TaskRunner] Food level 20/20, skipping eat.
[TaskRunner] Task complete!
[MotorCortex DIAG] runGoal called: task=idle steps=0 force=false busy=false
[MotorCortex DIAG] runGoal SKIPPED — no steps
[MotorCortex DIAG] runGoal called: task=idle steps=0 force=false busy=false
[MotorCortex DIAG] runGoal SKIPPED — no steps
[MotorCortex DIAG] runGoal called: task=seek_safety steps=2 force=false busy=false
[Ayushi OS] 🧠 Executive Brain initiated task: seek_safety
[TaskRunner] Starting task with 2 steps...
[TaskRunner] Step 1/2: go_surface {"destination":"surface"}
  [Skill] Found non-destructive path.
You have reached at 669, 66, 268.
Going to the surface at y=66.
[TaskRunner] Step 2/2: wait {"ms":2000}
[TaskRunner] Task complete!
[MotorCortex DIAG] runGoal called: task=avoid_hazard steps=2 force=false busy=false
[Ayushi OS] 🧠 Executive Brain initiated task: avoid_hazard
[TaskRunner] Starting task with 2 steps...
[TaskRunner] Step 1/2: go_surface {"destination":"surface"}
Unpausing mode cowardice
Unpausing mode self_defense
[TaskRunner] Step 2/2: wait {"ms":2000}
[TaskRunner] Task complete!
Unpausing mode cowardice
[MotorCortex DIAG] runGoal called: task=build_base steps=5 force=false busy=false
[Ayushi OS] 🧠 Executive Brain initiated task: build_base
[TaskRunner] Starting task with 5 steps...
[TaskRunner] Step 1/5: collect {"item":"oak_log","count":12}
  [Skill] Found destructive path.
Picked up 1 items.
Picked up 0 items.
Picked up 0 items.
Picked up 0 items.
Picked up 0 items.
Picked up 0 items.
Picked up 0 items.
Picked up 0 items.
Picked up 0 items.
Picked up 0 items.
Picked up 0 items.
Picked up 0 items.
Collected 0 oak_log.
[TaskRunner] Step 2/5: craft {"item":"oak_planks","count":16}
[TaskRunner] Step 2 (craft) failed: Missing resources to craft oak_planks. Need: oak_log: 1
[TaskRunner] Failed step 2 (craft): Missing resources to craft oak_planks. Need: oak_log: 1
Unpausing mode cowardice
[MotorCortex DIAG] runGoal called: task=avoid_hazard steps=2 force=false busy=false
[Ayushi OS] 🧠 Executive Brain initiated task: avoid_hazard
[TaskRunner] Starting task with 2 steps...
[TaskRunner] Step 1/2: go_surface {"destination":"surface"}
  [Skill] Found non-destructive path.
You have reached at 663, 71, 272.
Going to the surface at y=71.
[TaskRunner] Step 2/2: wait {"ms":2000}
[TaskRunner] Task complete!
[MotorCortex DIAG] runGoal called: task=build_base steps=5 force=false busy=false
[Ayushi OS] 🧠 Executive Brain initiated task: build_base
[TaskRunner] Starting task with 5 steps...
[TaskRunner] Step 1/5: collect {"item":"oak_log","count":12}
[Modes] I'm stuck!
[TaskRunner] Step 1 (collect) failed: Cannot read properties of null (reading 'x')
[TaskRunner] Failed step 1 (collect): Cannot read properties of null (reading 'x')
[MotorCortex DIAG] runGoal called: task=avoid_hazard steps=2 force=false busy=false
[Ayushi OS] 🧠 Executive Brain initiated task: avoid_hazard
[TaskRunner] Starting task with 2 steps...
[TaskRunner] Step 1/2: go_surface {"destination":"surface"}
[TaskRunner] Step 2/2: wait {"ms":2000}
[TaskRunner] Task complete!
Unpausing mode cowardice
Unpausing mode cowardice
[MotorCortex DIAG] runGoal called: task=build_base steps=5 force=false busy=false
[Ayushi OS] 🧠 Executive Brain initiated task: build_base
[TaskRunner] Starting task with 5 steps...
[TaskRunner] Step 1/5: collect {"item":"oak_log","count":12}
[Agent] Exiting.
Agent ayushi_ds_2026 disconnected
Agent process exited with code 1 and signal null
Restart #7 — waiting 17.5s before reconnecting...
Restarting agent...
Failed to load model module: cerebras.js Cannot find package '@cerebras/cerebras_cloud_sdk' imported from C:\Users\updes\mindcraft\src\models\cerebras.js
Failed to load model module: claude.js Cannot find package '@anthropic-ai/sdk' imported from C:\Users\updes\mindcraft\src\models\claude.js
Failed to load model module: gemini.js Cannot find package '@google/genai' imported from C:\Users\updes\mindcraft\src\models\gemini.js
Failed to load model module: groq.js Cannot find package 'groq-sdk' imported from C:\Users\updes\mindcraft\src\models\groq.js
Failed to load model module: huggingface.js Cannot find package '@huggingface/inference' imported from C:\Users\updes\mindcraft\src\models\huggingface.js
Failed to load model module: mistral.js Cannot find package '@mistralai/mistralai' imported from C:\Users\updes\mindcraft\src\models\mistral.js
Failed to load model module: replicate.js Cannot find package 'replicate' imported from C:\Users\updes\mindcraft\src\models\replicate.js
Connecting to MindServer
Client connected
ayushi_ds_2026 connected to MindServer
Starting agent
Initializing agent ayushi_ds_2026...
[BTMemory] Loaded from ./bots/ayushi_ds_2026/bt_memory.json
Examples initialized.
No task.
ayushi_ds_2026 logging into minecraft...
[AuthHandler] Offline mode — skipping auth for ayushi_ds_2026.
ayushi_ds_2026 updating available agents
ayushi_ds_2026 logged in!
Initializing vision intepreter...
[ServerAnalyzer] [CMD] Passive mode — observe only, no probing.
[ServerAnalyzer] Starting server analysis...
[ServerAnalyzer] [CMD] Skipping active discovery (passive mode).
ayushi_ds_2026 updating available agents
ayushi_ds_2026 spawned.
[Connection] Bot spawned.
[Connection] State: unknown -> proxy
[Connection] Classifying world...
[ServerAnalyzer] Boot phase 1: Chat listeners active

########################################################
##         RUNTIME ENVIRONMENT REPORT (INITIAL)       ##
########################################################

########################################################
##               RUNTIME ENVIRONMENT REPORT           ##
########################################################

=== [DEBUG: PLAYER HOTBAR] ===
    Hotbar #0 (Slot 36): Leaf Litter (leaf_litter) x42
    Hotbar #1 (Slot 37): Gunpowder (gunpowder) x2
    Hotbar #2 (Slot 38): Rotten Flesh (rotten_flesh) x1
    Hotbar #3 (Slot 39): Raw Salmon (salmon) x1
    Hotbar #4 (Slot 40): Arrow (arrow) x4
    Hotbar #5 (Slot 41): Stick (stick) x64
    Hotbar #6 (Slot 42): Bone (bone) x7
    Hotbar #7 (Slot 43): Spider Eye (spider_eye) x3
    Hotbar #8 (Slot 44): String (string) x3
==============================


=== [DEBUG: SCOREBOARD] ===
=============================


=== [DEBUG: ACTIVE BOSSBARS] ===
No active bossbars.

=== [DEBUG: NEARBY ENTITIES / NPCs] ===
  - [PLAYER] ayushi_ds_2026 | Dist: 0.0m | Pos: (660, 73, 269)
========================================


=== [DEBUG: CURRENT OPEN WINDOW] ===
No active Container UI / Chest window open.
########################################################

########################################################

[WorldDetector] Classifying world (attempt 1)...
[WorldDetector] World classified as: survival (confidence: 20%, scoreboard: "none", gamemode: creative)
[Connection] Initial classification: survival (confidence: 20%)
[Connection] State: proxy -> survival
[Connection] Connected to survival world!
[Agent] Connection ready: world=survival, server=unknown
[ServerCapabilities] Detecting server capabilities...
[ServerCapabilities] Detected: break=true, compass=false, npcs=false, gui=undefined
[TaskQueue] Loaded 0 pending tasks from disk
[Agent] Already in survival (gameMode=creative, state=survival) — proceeding directly
[Modes] Picking up item!
[ServerAnalyzer] Boot phase 2: Command discovery running
[Agent] At (654, 78, 275). Trying to join survival via commands...
[CHAT:messagestr] Unknown or incomplete command. See below for error
[CHAT:messagestr] survival<--[HERE]
Unpausing mode cowardice
Unpausing mode cowardice
Unpausing mode cowardice
Unpausing mode cowardice
Unpausing mode cowardice
Unpausing mode cowardice
[Agent] Joined survival via "/survival" (moved 3m)
[Ayushi OS] ✅ All systems online. ayushi_ds_2026 is awake.
[ServerAnalyzer] [CMD] Passive mode — observe only, no probing.
[AyushiOS] Brain booted — knowledge pipeline + advisors online.
Unpausing mode cowardice
Unpausing mode cowardice
Unpausing mode cowardice
[MotorCortex DIAG] runGoal called: task=avoid_hazard steps=2 force=false busy=false
[Ayushi OS] 🧠 Executive Brain initiated task: avoid_hazard
[TaskRunner] Starting task with 2 steps...
[TaskRunner] Step 1/2: go_surface {"destination":"surface"}
  [Skill] Found non-destructive path.
You have reached at 653, 75, 274.
Going to the surface at y=75.
[TaskRunner] Step 2/2: wait {"ms":2000}
[TaskRunner] Task complete!
Unpausing mode cowardice
[MotorCortex DIAG] runGoal called: task=build_base steps=5 force=false busy=false
[Ayushi OS] 🧠 Executive Brain initiated task: build_base
[TaskRunner] Starting task with 5 steps...
[TaskRunner] Step 1/5: collect {"item":"oak_log","count":12}
[ServerAnalyzer] Boot phase 3: World scan starting
[ServerAnalyzer] Boot complete. Server analysis fully active.
[ServerAnalyzer] === Server Analysis Summary ===
[ServerAnalyzer] Server: Unknown | Claims: factions | PvP: true
[ServerAnalyzer] Plugins: VotingPlugin(80%), WorldGuard(30%)
[ServerAnalyzer] Economy: unknown
[ServerAnalyzer] Commands discovered: 9
[ServerAnalyzer] Locations mapped: 5
[ServerAnalyzer] Dangers: 3
[ServerAnalyzer] Players tracked: 5
[ServerAnalyzer] Rules: 1
[ServerAnalyzer] ================================
  [Skill] Picked up 0 items.
Picked up 0 items.
Found non-destructive path.
Found non-destructive path.
Picked up 2 items.
Picked up 0 items.
Picked up 0 items.
Picked up 0 items.
Picked up 0 items.
Picked up 0 items.
Picked up 0 items.
Picked up 0 items.
Found destructive path.
Found non-destructive path.
Found non-destructive path.
Found non-destructive path.
Picked up 4 items.
Picked up 0 items.
Collected 0 oak_log.
[TaskRunner] Step 2/5: craft {"item":"oak_planks","count":16}
[TaskRunner] Step 2 (craft) failed: Missing resources to craft oak_planks. Need: oak_log: 1
[TaskRunner] Failed step 2 (craft): Missing resources to craft oak_planks. Need: oak_log: 1
[MotorCortex DIAG] runGoal called: task=avoid_hazard steps=2 force=false busy=false
[Ayushi OS] 🧠 Executive Brain initiated task: avoid_hazard
[TaskRunner] Starting task with 2 steps...
[TaskRunner] Step 1/2: go_surface {"destination":"surface"}
  [Skill] Path not found, but attempting to navigate anyway using destructive movements.
You have reached at 684, 73, 270.
Going to the surface at y=73.
[TaskRunner] Step 2/2: wait {"ms":2000}
[TaskRunner] Task complete!
[MotorCortex DIAG] runGoal called: task=build_base steps=5 force=false busy=false
[Ayushi OS] 🧠 Executive Brain initiated task: build_base
[TaskRunner] Starting task with 5 steps...
[TaskRunner] Step 1/5: collect {"item":"oak_log","count":12}
  [Skill] Picked up 0 items.
Picked up 0 items.
Picked up 0 items.
Picked up 0 items.
Picked up 0 items.
Picked up 0 items.
Picked up 0 items.
Picked up 0 items.
Picked up 0 items.
Picked up 0 items.
Picked up 0 items.
Picked up 0 items.
Picked up 0 items.
Picked up 0 items.
Picked up 0 items.
Collected 0 oak_log.
Found non-destructive path.
Path not found, but attempting to navigate anyway using destructive movements.
Picked up 1 items.
Path not found, but attempting to navigate anyway using destructive movements.
Picked up 1 items.
Picked up 0 items.
Picked up 0 items.
Picked up 0 items.
Collected 0 oak_log.
[TaskRunner] Step 2/5: craft {"item":"oak_planks","count":16}
[TaskRunner] Step 2 (craft) failed: Missing resources to craft oak_planks. Need: oak_log: 1
[TaskRunner] Failed step 2 (craft): Missing resources to craft oak_planks. Need: oak_log: 1
[Modes] Hunting pig!
[MotorCortex DIAG] runGoal called: task=avoid_hazard steps=2 force=false busy=false
[Ayushi OS] 🧠 Executive Brain initiated task: avoid_hazard
[TaskRunner] Starting task with 2 steps...
[TaskRunner] Step 1/2: go_surface {"destination":"surface"}
  [Skill] Found non-destructive path.
Unable to reach 674, 66, 264, you are 1 blocks away.
Going to the surface at y=66.
[TaskRunner] Step 2/2: wait {"ms":2000}
[TaskRunner] Task complete!
[MotorCortex DIAG] runGoal called: task=seek_safety steps=2 force=false busy=false
[Ayushi OS] 🧠 Executive Brain initiated task: seek_safety
[TaskRunner] Starting task with 2 steps...
[TaskRunner] Step 1/2: go_surface {"destination":"surface"}
  [Skill] Found non-destructive path.
You have reached at 674, 66, 264.
Going to the surface at y=66.
[TaskRunner] Step 2/2: wait {"ms":2000}
[TaskRunner] Task complete!
[MotorCortex DIAG] runGoal called: task=build_base steps=5 force=false busy=false
[Ayushi OS] 🧠 Executive Brain initiated task: build_base
[TaskRunner] Starting task with 5 steps...
[TaskRunner] Step 1/5: collect {"item":"oak_log","count":12}
  [Skill] Picked up 0 items.
Collected 0 oak_log.
[TaskRunner] Step 2/5: craft {"item":"oak_planks","count":16}
[TaskRunner] Step 2 (craft) failed: Missing resources to craft oak_planks. Need: oak_log: 1
[TaskRunner] Failed step 2 (craft): Missing resources to craft oak_planks. Need: oak_log: 1
[MotorCortex DIAG] runGoal called: task=avoid_hazard steps=2 force=false busy=false
[Ayushi OS] 🧠 Executive Brain initiated task: avoid_hazard
[TaskRunner] Starting task with 2 steps...
[TaskRunner] Step 1/2: go_surface {"destination":"surface"}
Unpausing mode cowardice
Unpausing mode self_defense
[TaskRunner] Step 2/2: wait {"ms":2000}
[TaskRunner] Task complete!
[MotorCortex DIAG] runGoal called: task=seek_safety steps=2 force=false busy=false
[Ayushi OS] 🧠 Executive Brain initiated task: seek_safety
[TaskRunner] Starting task with 2 steps...
[TaskRunner] Step 1/2: go_surface {"destination":"surface"}
  [Skill] Found non-destructive path.
Unable to reach 684, 72, 268, you are 1 blocks away.
Going to the surface at y=72.
[TaskRunner] Step 2/2: wait {"ms":2000}
  [Skill] Picked up 0 items.
[TaskRunner] Task complete!
[MotorCortex DIAG] runGoal called: task=eat steps=1 force=false busy=false
[Ayushi OS] 🧠 Executive Brain initiated task: eat
[TaskRunner] Starting task with 1 steps...
[TaskRunner] Step 1/1: eat {"minFoodLevel":20}
[TaskRunner] Food level 20/20, skipping eat.
[TaskRunner] Task complete!
[MotorCortex DIAG] runGoal called: task=idle steps=0 force=false busy=false
[MotorCortex DIAG] runGoal SKIPPED — no steps
[MotorCortex DIAG] runGoal called: task=avoid_hazard steps=2 force=false busy=false
[Ayushi OS] 🧠 Executive Brain initiated task: avoid_hazard
[TaskRunner] Starting task with 2 steps...
[TaskRunner] Step 1/2: go_surface {"destination":"surface"}
  [Skill] Found non-destructive path.
You have reached at 684, 69, 264.
Going to the surface at y=69.
[TaskRunner] Step 2/2: wait {"ms":2000}
  [Skill] Picked up 0 items.
Picked up 0 items.
Picked up 0 items.
[TaskRunner] Task complete!
[MotorCortex DIAG] runGoal called: task=seek_safety steps=2 force=false busy=false
[Ayushi OS] 🧠 Executive Brain initiated task: seek_safety
[TaskRunner] Starting task with 2 steps...
[TaskRunner] Step 1/2: go_surface {"destination":"surface"}
  [Skill] Found non-destructive path.
You have reached at 685, 67, 261.
Going to the surface at y=67.
[TaskRunner] Step 2/2: wait {"ms":2000}
  [Skill] Picked up 0 items.
Collected 0 birch_log.
[TaskRunner] Task complete!
[MotorCortex DIAG] runGoal called: task=idle steps=0 force=false busy=false
[MotorCortex DIAG] runGoal SKIPPED — no steps
[Modes] Hunting pig!
[MotorCortex DIAG] runGoal called: task=idle steps=0 force=false busy=false
[MotorCortex DIAG] runGoal SKIPPED — no steps
[MotorCortex DIAG] runGoal called: task=idle steps=0 force=false busy=false
[MotorCortex DIAG] runGoal SKIPPED — no steps
[MotorCortex DIAG] runGoal called: task=idle steps=0 force=false busy=false
[MotorCortex DIAG] runGoal SKIPPED — no steps
[MotorCortex DIAG] runGoal called: task=avoid_hazard steps=2 force=false busy=false
[Ayushi OS] 🧠 Executive Brain initiated task: avoid_hazard
[TaskRunner] Starting task with 2 steps...
[TaskRunner] Step 1/2: go_surface {"destination":"surface"}
  [Skill] Pathfinding stopped: Path was stopped before it could be completed! Thus, the desired goal was not reached..
Going to the surface at y=74.
[TaskRunner] Step 2/2: wait {"ms":2000}
[TaskRunner] Task complete!
[MotorCortex DIAG] runGoal called: task=seek_safety steps=2 force=false busy=false
[Ayushi OS] 🧠 Executive Brain initiated task: seek_safety
[TaskRunner] Starting task with 2 steps...
[TaskRunner] Step 1/2: go_surface {"destination":"surface"}
  [Skill] Found non-destructive path.
You have reached at 682, 64, 269.
Going to the surface at y=64.
[TaskRunner] Step 2/2: wait {"ms":2000}
[TaskRunner] Task complete!
[MotorCortex DIAG] runGoal called: task=build_base steps=5 force=false busy=false
[Ayushi OS] 🧠 Executive Brain initiated task: build_base
[TaskRunner] Starting task with 5 steps...
[TaskRunner] Step 1/5: collect {"item":"oak_log","count":12}
Unpausing mode cowardice
Unpausing mode self_defense
[TaskRunner] Step 2/5: craft {"item":"oak_planks","count":16}
[TaskRunner] Step 2 (craft) failed: Missing resources to craft oak_planks. Need: oak_log: 1
[TaskRunner] Failed step 2 (craft): Missing resources to craft oak_planks. Need: oak_log: 1
[MotorCortex DIAG] runGoal called: task=avoid_hazard steps=2 force=false busy=false
[Ayushi OS] 🧠 Executive Brain initiated task: avoid_hazard
[TaskRunner] Starting task with 2 steps...
[TaskRunner] Step 1/2: go_surface {"destination":"surface"}
  [Skill] Path not found, but attempting to navigate anyway using destructive movements.
Unable to reach 697, 73, 253, you are 5 blocks away.
Going to the surface at y=73.
[TaskRunner] Step 2/2: wait {"ms":2000}
[TaskRunner] Task complete!
[MotorCortex DIAG] runGoal called: task=seek_safety steps=2 force=false busy=false
[Ayushi OS] 🧠 Executive Brain initiated task: seek_safety
[TaskRunner] Starting task with 2 steps...
[TaskRunner] Step 1/2: go_surface {"destination":"surface"}
Unpausing mode cowardice
Unpausing mode self_defense
[TaskRunner] Step 2/2: wait {"ms":2000}
[TaskRunner] Task complete!
[MotorCortex DIAG] runGoal called: task=avoid_hazard steps=2 force=false busy=false
[Ayushi OS] 🧠 Executive Brain initiated task: avoid_hazard
[TaskRunner] Starting task with 2 steps...
[TaskRunner] Step 1/2: go_surface {"destination":"surface"}
  [Skill] Path not found, but attempting to navigate anyway using destructive movements.
Unable to reach 687, 71, 264, you are 4 blocks away.
Going to the surface at y=71.
[TaskRunner] Step 2/2: wait {"ms":2000}
  [Skill] Found non-destructive path.
[TaskRunner] Task complete!
[Modes] Picking up item!
[MotorCortex DIAG] runGoal called: task=seek_safety steps=2 force=false busy=false
[Ayushi OS] 🧠 Executive Brain initiated task: seek_safety
[TaskRunner] Starting task with 2 steps...
[TaskRunner] Step 1/2: go_surface {"destination":"surface"}
[TaskRunner] Step 2/2: wait {"ms":2000}
[TaskRunner] Task complete!
[MotorCortex DIAG] runGoal called: task=build_base steps=5 force=false busy=false
[Ayushi OS] 🧠 Executive Brain initiated task: build_base
[TaskRunner] Starting task with 5 steps...
[TaskRunner] Step 1/5: collect {"item":"oak_log","count":12}
[Modes] I'm stuck!
[TaskRunner] Step 1 (collect) failed: Cannot read properties of null (reading 'x')
[TaskRunner] Failed step 1 (collect): Cannot read properties of null (reading 'x')
[Modes] I'm free.
Unpausing mode cowardice
Unpausing mode cowardice
[MotorCortex DIAG] runGoal called: task=avoid_hazard steps=2 force=false busy=false
[Ayushi OS] 🧠 Executive Brain initiated task: avoid_hazard
[TaskRunner] Starting task with 2 steps...
[TaskRunner] Step 1/2: go_surface {"destination":"surface"}
  [Skill] Found non-destructive path.
You have reached at 667, 67, 266.
Going to the surface at y=67.
[TaskRunner] Step 2/2: wait {"ms":2000}
[TaskRunner] Task complete!
Unpausing mode cowardice
Unpausing mode cowardice
[MotorCortex DIAG] runGoal called: task=build_base steps=5 force=false busy=false
[Ayushi OS] 🧠 Executive Brain initiated task: build_base
[TaskRunner] Starting task with 5 steps...
[TaskRunner] Step 1/5: collect {"item":"oak_log","count":12}
[defendSelf] chase follow: The goal was changed before it could be completed!
[defendSelf] chase follow: The goal was changed before it could be completed!
[defendSelf] chase follow: The goal was changed before it could be completed!
[defendSelf] chase follow: The goal was changed before it could be completed!
  [Skill] s.
Picked up 0 items.
Picked up 0 items.
Picked up 0 items.
Picked up 0 items.
Collected 0 oak_log.
[TaskRunner] Step 2/5: craft {"item":"oak_planks","count":16}
[defendSelf] chase follow: Path was stopped before it could be completed! Thus, the desired goal was not reached.
[TaskRunner] Step 2 (craft) failed: Missing resources to craft oak_planks. Need: oak_log: 1
[TaskRunner] Failed step 2 (craft): Missing resources to craft oak_planks. Need: oak_log: 1
[MotorCortex DIAG] runGoal called: task=avoid_hazard steps=2 force=false busy=false
[Ayushi OS] 🧠 Executive Brain initiated task: avoid_hazard
[TaskRunner] Starting task with 2 steps...
[TaskRunner] Step 1/2: go_surface {"destination":"surface"}
  [Skill] Path not found, but attempting to navigate anyway using destructive movements.
Pathfinding stopped: Path was stopped before it could be completed! Thus, the desired goal was not reached..
Going to the surface at y=63.
[TaskRunner] Step 2/2: wait {"ms":2000}
[TaskRunner] Task complete!
[MotorCortex DIAG] runGoal called: task=build_base steps=5 force=false busy=false
[Ayushi OS] 🧠 Executive Brain initiated task: build_base
[TaskRunner] Starting task with 5 steps...
[TaskRunner] Step 1/5: collect {"item":"oak_log","count":12}
[TaskRunner] Step 1 (collect) failed: Cannot read properties of null (reading 'x')
[TaskRunner] Failed step 1 (collect): Cannot read properties of null (reading 'x')
[MotorCortex DIAG] runGoal called: task=explore_unknown steps=2 force=false busy=false
[Ayushi OS] 🧠 Executive Brain initiated task: explore_unknown
[TaskRunner] Starting task with 2 steps...
[TaskRunner] Step 1/2: move_to {"x":651,"y":63,"z":300,"range":5}
[defendSelf] chase follow: The goal was changed before it could be completed!
[TaskRunner] Move retry 1/3 — attempting recovery...
[TaskRunner] Move retry 2/3 — attempting recovery...
[TaskRunner] Step 1 (move_to) failed: Failed to reach 651, 63, 300 after 3 attempts
[TaskRunner] Failed step 1 (move_to): Failed to reach 651, 63, 300 after 3 attempts
[MotorCortex DIAG] runGoal called: task=explore_unknown steps=2 force=false busy=false
[Ayushi OS] 🧠 Executive Brain initiated task: explore_unknown
[TaskRunner] Starting task with 2 steps...
[TaskRunner] Step 1/2: move_to {"x":649,"y":63,"z":298,"range":5}
[defendSelf] chase follow: The goal was changed before it could be completed!
[TaskRunner] Move retry 1/3 — attempting recovery...
[defendSelf] chase follow: The goal was changed before it could be completed!
[defendSelf] chase follow: The goal was changed before it could be completed!
[TaskRunner] Move retry 2/3 — attempting recovery...
[TaskRunner] Step 1 (move_to) failed: Failed to reach 649, 63, 298 after 3 attempts
[TaskRunner] Failed step 1 (move_to): Failed to reach 649, 63, 298 after 3 attempts
[MotorCortex DIAG] runGoal called: task=avoid_hazard steps=2 force=false busy=false
[Ayushi OS] 🧠 Executive Brain initiated task: avoid_hazard
[TaskRunner] Starting task with 2 steps...
[TaskRunner] Step 1/2: go_surface {"destination":"surface"}
[defendSelf] chase follow: The goal was changed before it could be completed!
  [Skill] Path not found, but attempting to navigate anyway using destructive movements.
You have reached at 633, 63, 286.
Going to the surface at y=63.
[TaskRunner] Step 2/2: wait {"ms":2000}
[TaskRunner] Task complete!
[MotorCortex DIAG] runGoal called: task=explore_unknown steps=2 force=false busy=false
[Ayushi OS] 🧠 Executive Brain initiated task: explore_unknown
[TaskRunner] Starting task with 2 steps...
[TaskRunner] Step 1/2: move_to {"x":643,"y":63,"z":298,"range":5}
[defendSelf] chase follow: The goal was changed before it could be completed!
[TaskRunner] Move retry 1/3 — attempting recovery...
[defendSelf] chase follow: The goal was changed before it could be completed!
[TaskRunner] Move retry 2/3 — attempting recovery...
[defendSelf] chase follow: The goal was changed before it could be completed!
Unpausing mode cowardice
Unpausing mode self_defense
[TaskRunner] Step 1 (move_to) failed: Failed to reach 643, 63, 298 after 3 attempts
[TaskRunner] Failed step 1 (move_to): Failed to reach 643, 63, 298 after 3 attempts
Unpausing mode cowardice
Unpausing mode cowardice
Unpausing mode cowardice
[MotorCortex DIAG] runGoal called: task=explore_unknown steps=2 force=false busy=false
[Ayushi OS] 🧠 Executive Brain initiated task: explore_unknown
[TaskRunner] Starting task with 2 steps...
[TaskRunner] Step 1/2: move_to {"x":645,"y":63,"z":299,"range":5}
[TaskRunner] Move retry 1/3 — attempting recovery...
[defendSelf] chase follow: The goal was changed before it could be completed!
[TaskRunner] Move retry 2/3 — attempting recovery...
[defendSelf] chase follow: The goal was changed before it could be completed!
Unpausing mode cowardice
Unpausing mode self_defense
[TaskRunner] Step 1 (move_to) failed: Failed to reach 645, 63, 299 after 3 attempts
[TaskRunner] Failed step 1 (move_to): Failed to reach 645, 63, 299 after 3 attempts
Unpausing mode cowardice
Unpausing mode cowardice
[MotorCortex DIAG] runGoal called: task=avoid_hazard steps=2 force=false busy=false
[Ayushi OS] 🧠 Executive Brain initiated task: avoid_hazard
[TaskRunner] Starting task with 2 steps...
[TaskRunner] Step 1/2: go_surface {"destination":"surface"}
  [Skill] Path not found, but attempting to navigate anyway using destructive movements.
You have reached at 640, 63, 285.
Going to the surface at y=63.
[TaskRunner] Step 2/2: wait {"ms":2000}
[TaskRunner] Task complete!
Unpausing mode cowardice
[MotorCortex DIAG] runGoal called: task=explore_unknown steps=2 force=false busy=false
[Ayushi OS] 🧠 Executive Brain initiated task: explore_unknown
[TaskRunner] Starting task with 2 steps...
[TaskRunner] Step 1/2: move_to {"x":653,"y":62,"z":298,"range":5}
  [Skill] Found non-destructive path.
You have reached at 653, 62, 298.
[TaskRunner] Step 2/2: wait {"ms":4000}
[TaskRunner] Task complete!
Unpausing mode cowardice
Unpausing mode cowardice
[MotorCortex DIAG] runGoal called: task=avoid_hazard steps=2 force=false busy=false
[Ayushi OS] 🧠 Executive Brain initiated task: avoid_hazard
[TaskRunner] Starting task with 2 steps...
[TaskRunner] Step 1/2: go_surface {"destination":"surface"}
  [Skill] Path not found, but attempting to navigate anyway using destructive movements.
Unable to reach 649, 63, 296, you are 1 blocks away.
Going to the surface at y=63.
[TaskRunner] Step 2/2: wait {"ms":2000}
[TaskRunner] Task complete!
[MotorCortex DIAG] runGoal called: task=build_base steps=5 force=false busy=false
[Ayushi OS] 🧠 Executive Brain initiated task: build_base
[TaskRunner] Starting task with 5 steps...
[TaskRunner] Step 1/5: collect {"item":"oak_log","count":12}
[defendSelf] chase follow: The goal was changed before it could be completed!
[defendSelf] chase follow: The goal was changed before it could be completed!
[defendSelf] chase follow: The goal was changed before it could be completed!
[defendSelf] chase follow: The goal was changed before it could be completed!
[defendSelf] chase follow: The goal was changed before it could be completed!
[defendSelf] chase follow: The goal was changed before it could be completed!
[defendSelf] chase follow: The goal was changed before it could be completed!
[defendSelf] chase follow: The goal was changed before it could be completed!
[defendSelf] chase follow: The goal was changed before it could be completed!
[defendSelf] chase follow: The goal was changed before it could be completed!
[defendSelf] chase follow: The goal was changed before it could be completed!
  [Skill] Picked up 0 items.
Picked up 0 items.
Picked up 0 items.
Picked up 0 items.
Picked up 0 items.
Picked up 0 items.
Picked up 0 items.
Picked up 0 items.
Picked up 0 items.
Picked up 0 items.
Picked up 0 items.
Picked up 0 items.
Collected 0 oak_log.
[TaskRunner] Step 2/5: craft {"item":"oak_planks","count":16}
[TaskRunner] Step 2 (craft) failed: Missing resources to craft oak_planks. Need: oak_log: 1
[TaskRunner] Failed step 2 (craft): Missing resources to craft oak_planks. Need: oak_log: 1
[MotorCortex DIAG] runGoal called: task=avoid_hazard steps=2 force=false busy=false
[Ayushi OS] 🧠 Executive Brain initiated task: avoid_hazard
[TaskRunner] Starting task with 2 steps...
[TaskRunner] Step 1/2: go_surface {"destination":"surface"}
[defendSelf] chase follow: The goal was changed before it could be completed!
  [Skill] Path not found, but attempting to navigate anyway using destructive movements.
Unable to reach 650, 63, 293, you are 1 blocks away.
Going to the surface at y=63.
[TaskRunner] Step 2/2: wait {"ms":2000}
[TaskRunner] Task complete!
[MotorCortex DIAG] runGoal called: task=explore_unknown steps=2 force=false busy=false
[Ayushi OS] 🧠 Executive Brain initiated task: explore_unknown
[TaskRunner] Starting task with 2 steps...
[TaskRunner] Step 1/2: move_to {"x":664,"y":62,"z":303,"range":5}
[TaskRunner] Move retry 1/3 — attempting recovery...
[defendSelf] chase follow: Path was stopped before it could be completed! Thus, the desired goal was not reached.
[TaskRunner] Move retry 2/3 — attempting recovery...
[TaskRunner] Step 1 (move_to) failed: Failed to reach 664, 62, 303 after 3 attempts
[TaskRunner] Failed step 1 (move_to): Failed to reach 664, 62, 303 after 3 attempts
[MotorCortex DIAG] runGoal called: task=explore_unknown steps=2 force=false busy=false
[Ayushi OS] 🧠 Executive Brain initiated task: explore_unknown
[TaskRunner] Starting task with 2 steps...
[TaskRunner] Step 1/2: move_to {"x":666,"y":62,"z":303,"range":5}
[TaskRunner] Move retry 1/3 — attempting recovery...
[defendSelf] chase follow: Path was stopped before it could be completed! Thus, the desired goal was not reached.
[TaskRunner] Move retry 2/3 — attempting recovery...
Unpausing mode cowardice
Unpausing mode self_defense
[TaskRunner] Step 1 (move_to) failed: Failed to reach 666, 62, 303 after 3 attempts
[TaskRunner] Failed step 1 (move_to): Failed to reach 666, 62, 303 after 3 attempts
[MotorCortex DIAG] runGoal called: task=avoid_hazard steps=2 force=false busy=false
[Ayushi OS] 🧠 Executive Brain initiated task: avoid_hazard
[TaskRunner] Starting task with 2 steps...
[TaskRunner] Step 1/2: go_surface {"destination":"surface"}
[defendSelf] chase follow: The goal was changed before it could be completed!
  [Skill] Path not found, but attempting to navigate anyway using destructive movements.
Unable to reach 661, 63, 298, you are 1 blocks away.
Going to the surface at y=63.
[TaskRunner] Step 2/2: wait {"ms":2000}
[TaskRunner] Task complete!
[MotorCortex DIAG] runGoal called: task=build_base steps=5 force=false busy=false
[Ayushi OS] 🧠 Executive Brain initiated task: build_base
[TaskRunner] Starting task with 5 steps...
[TaskRunner] Step 1/5: collect {"item":"oak_log","count":12}
[defendSelf] chase follow: The goal was changed before it could be completed!
[defendSelf] chase follow: The goal was changed before it could be completed!
[defendSelf] chase follow: The goal was changed before it could be completed!
[defendSelf] chase follow: The goal was changed before it could be completed!
[defendSelf] chase follow: The goal was changed before it could be completed!
[defendSelf] chase follow: The goal was changed before it could be completed!
[defendSelf] chase follow: The goal was changed before it could be completed!
Unpausing mode cowardice
Unpausing mode self_defense
[TaskRunner] Step 2/5: craft {"item":"oak_planks","count":16}
[TaskRunner] Step 2 (craft) failed: Missing resources to craft oak_planks. Need: oak_log: 1
[TaskRunner] Failed step 2 (craft): Missing resources to craft oak_planks. Need: oak_log: 1
Unpausing mode cowardice
Unpausing mode cowardice
[MotorCortex DIAG] runGoal called: task=avoid_hazard steps=2 force=false busy=false
[Ayushi OS] 🧠 Executive Brain initiated task: avoid_hazard
[TaskRunner] Starting task with 2 steps...
[TaskRunner] Step 1/2: go_surface {"destination":"surface"}
  [Skill] Path not found, but attempting to navigate anyway using destructive movements.
Unable to reach 649, 71, 302, you are 6 blocks away.
Going to the surface at y=71.
[TaskRunner] Step 2/2: wait {"ms":2000}
[TaskRunner] Task complete!
Unpausing mode cowardice
[MotorCortex DIAG] runGoal called: task=explore_unknown steps=2 force=false busy=false
[Ayushi OS] 🧠 Executive Brain initiated task: explore_unknown
[TaskRunner] Starting task with 2 steps...
[TaskRunner] Step 1/2: move_to {"x":656,"y":65,"z":319,"range":5}
  [Skill] Path not found, but attempting to navigate anyway using destructive movements.
You have reached at 656, 65, 319.
[TaskRunner] Step 2/2: wait {"ms":4000}
[TaskRunner] Task complete!
[MotorCortex DIAG] runGoal called: task=build_base steps=5 force=false busy=false
[Ayushi OS] 🧠 Executive Brain initiated task: build_base
[TaskRunner] Starting task with 5 steps...
[TaskRunner] Step 1/5: collect {"item":"oak_log","count":12}
  [Skill] Picked up 0 items.
Picked up 0 items.
Picked up 0 items.
Picked up 0 items.
Picked up 0 items.
Picked up 0 items.
Picked up 0 items.
Picked up 0 items.
Picked up 0 items.
Picked up 0 items.
Picked up 0 items.
Picked up 0 items.
Collected 0 oak_log.
[TaskRunner] Step 2/5: craft {"item":"oak_planks","count":16}
[TaskRunner] Step 2 (craft) failed: Missing resources to craft oak_planks. Need: oak_log: 1
[TaskRunner] Failed step 2 (craft): Missing resources to craft oak_planks. Need: oak_log: 1
Unpausing mode cowardice
Unpausing mode cowardice
[MotorCortex DIAG] runGoal called: task=avoid_hazard steps=2 force=false busy=false
[Ayushi OS] 🧠 Executive Brain initiated task: avoid_hazard
[TaskRunner] Starting task with 2 steps...
[TaskRunner] Step 1/2: go_surface {"destination":"surface"}
  [Skill] Path not found, but attempting to navigate anyway using destructive movements.
Unable to reach 648, 70, 301, you are 5 blocks away.
Going to the surface at y=70.
[TaskRunner] Step 2/2: wait {"ms":2000}
[TaskRunner] Task complete!
[MotorCortex DIAG] runGoal called: task=build_base steps=5 force=false busy=false
[Ayushi OS] 🧠 Executive Brain initiated task: build_base
[TaskRunner] Starting task with 5 steps...
[TaskRunner] Step 1/5: collect {"item":"oak_log","count":12}
  [Skill] Found non-destructive path.
Found non-destructive path.
Failed to collect birch_log: GoalChanged: The goal was changed before it could be completed!.
Picked up 0 items.
Found non-destructive path.
Picked up 0 items.
Found non-destructive path.
Picked up 0 items.
Found non-destructive path.
Found non-destructive path.
Found non-destructive path.
Path not found, but attempting to navigate anyway using destructive movements.
Found non-destructive path.
Picked up 5 items.
Picked up 0 items.
Picked up 0 items.
Picked up 0 items.
Picked up 0 items.
Picked up 0 items.
Picked up 0 items.
Found non-destructive path.
Picked up 1 items.
Picked up 0 items.
Collected 0 oak_log.
[TaskRunner] Step 2/5: craft {"item":"oak_planks","count":16}
[TaskRunner] Step 2 (craft) failed: Missing resources to craft oak_planks. Need: oak_log: 1
[TaskRunner] Failed step 2 (craft): Missing resources to craft oak_planks. Need: oak_log: 1
Unpausing mode cowardice
[MotorCortex DIAG] runGoal called: task=avoid_hazard steps=2 force=false busy=false
[Ayushi OS] 🧠 Executive Brain initiated task: avoid_hazard
[TaskRunner] Starting task with 2 steps...
[TaskRunner] Step 1/2: go_surface {"destination":"surface"}
  [Skill] Found non-destructive path.
You have reached at 649, 71, 302.
Going to the surface at y=71.
[TaskRunner] Step 2/2: wait {"ms":2000}
[TaskRunner] Task complete!
Unpausing mode cowardice
Unpausing mode cowardice
[AyushiOS DIAG] tick=50 motorBusy=false taskRunnerBusy=false motorCtx=completed
[MotorCortex DIAG] runGoal called: task=build_base steps=5 force=false busy=false
[Ayushi OS] 🧠 Executive Brain initiated task: build_base
[TaskRunner] Starting task with 5 steps...
[TaskRunner] Step 1/5: collect {"item":"oak_log","count":12}
  [Skill] Picked up 0 items.
Picked up 0 items.
Picked up 0 items.
Picked up 0 items.
Picked up 0 items.
Picked up 0 items.
Picked up 0 items.
Picked up 0 items.
Picked up 0 items.
Picked up 0 items.
Picked up 0 items.
Picked up 0 items.
Collected 0 oak_log.
[TaskRunner] Step 2/5: craft {"item":"oak_planks","count":16}
[TaskRunner] Step 2 (craft) failed: Missing resources to craft oak_planks. Need: oak_log: 1
[TaskRunner] Failed step 2 (craft): Missing resources to craft oak_planks. Need: oak_log: 1
[MotorCortex DIAG] runGoal called: task=avoid_hazard steps=2 force=false busy=false
[Ayushi OS] 🧠 Executive Brain initiated task: avoid_hazard
[TaskRunner] Starting task with 2 steps...
[TaskRunner] Step 1/2: go_surface {"destination":"surface"}
  [Skill] Found non-destructive path.
You have reached at 633, 70, 307.
Going to the surface at y=70.
[TaskRunner] Step 2/2: wait {"ms":2000}
  [Skill] Picked up 0 items.
[TaskRunner] Task complete!
[MotorCortex DIAG] runGoal called: task=build_base steps=5 force=false busy=false
[Ayushi OS] 🧠 Executive Brain initiated task: build_base
[TaskRunner] Starting task with 5 steps...
[TaskRunner] Step 1/5: collect {"item":"oak_log","count":12}
  [Skill] Picked up 0 items.
Picked up 0 items.
Picked up 0 items.
Picked up 0 items.
Picked up 0 items.
Picked up 0 items.
Picked up 0 items.
Picked up 0 items.
Found non-destructive path.
Found non-destructive path.
Failed to collect oak_log: GoalChanged: The goal was changed before it could be completed!.
Found non-destructive path.
Picked up 2 items.
Found non-destructive path.
Picked up 0 items.
Found non-destructive path.
Found non-destructive path.
Found non-destructive path.
Picked up 3 items.
Found non-destructive path.
Picked up 1 items.
Picked up 0 items.
Picked up 0 items.
Picked up 0 items.
Picked up 0 items.
Collected 0 oak_log.
[TaskRunner] Step 2/5: craft {"item":"oak_planks","count":16}
[TaskRunner] Step 2 (craft) failed: Missing resources to craft oak_planks. Need: oak_log: 1
[TaskRunner] Failed step 2 (craft): Missing resources to craft oak_planks. Need: oak_log: 1
[Modes] Picking up item!
[MotorCortex DIAG] runGoal called: task=avoid_hazard steps=2 force=false busy=false
[Ayushi OS] 🧠 Executive Brain initiated task: avoid_hazard
[TaskRunner] Starting task with 2 steps...
[TaskRunner] Step 1/2: go_surface {"destination":"surface"}
  [Skill] Found non-destructive path.
Path not found, but attempting to navigate anyway using destructive movements.
Pathfinding stopped: The goal was changed before it could be completed!.
Going to the surface at y=66.
[TaskRunner] Step 2/2: wait {"ms":2000}
[TaskRunner] Task complete!
[MotorCortex DIAG] runGoal called: task=build_base steps=5 force=false busy=false
[Ayushi OS] 🧠 Executive Brain initiated task: build_base
[TaskRunner] Starting task with 5 steps...
[TaskRunner] Step 1/5: collect {"item":"oak_log","count":12}
[TaskRunner] Step 1 (collect) failed: Cannot read properties of null (reading 'x')
[TaskRunner] Failed step 1 (collect): Cannot read properties of null (reading 'x')
[MotorCortex DIAG] runGoal called: task=explore_unknown steps=2 force=false busy=false
[Ayushi OS] 🧠 Executive Brain initiated task: explore_unknown
[TaskRunner] Starting task with 2 steps...
[TaskRunner] Step 1/2: move_to {"x":654,"y":66,"z":320,"range":5}
  [Skill] Found non-destructive path.
Failed to collect birch_log: GoalChanged: The goal was changed before it could be completed!.
You have reached at 654, 66, 320.
[TaskRunner] Step 2/2: wait {"ms":4000}
[TaskRunner] Task complete!
[MotorCortex DIAG] runGoal called: task=avoid_hazard steps=2 force=false busy=false
[Ayushi OS] 🧠 Executive Brain initiated task: avoid_hazard
[TaskRunner] Starting task with 2 steps...
[TaskRunner] Step 1/2: go_surface {"destination":"surface"}
  [Skill] Found non-destructive path.
You have reached at 651, 64, 317.
Going to the surface at y=64.
[TaskRunner] Step 2/2: wait {"ms":2000}
[TaskRunner] Task complete!
[MotorCortex DIAG] runGoal called: task=explore_unknown steps=2 force=false busy=false
[Ayushi OS] 🧠 Executive Brain initiated task: explore_unknown
[TaskRunner] Starting task with 2 steps...
[TaskRunner] Step 1/2: move_to {"x":663,"y":64,"z":330,"range":5}
[TaskRunner] Move retry 1/3 — attempting recovery...
[TaskRunner] Move retry 2/3 — attempting recovery...
[TaskRunner] Step 1 (move_to) failed: Failed to reach 663, 64, 330 after 3 attempts
[TaskRunner] Failed step 1 (move_to): Failed to reach 663, 64, 330 after 3 attempts
[MotorCortex DIAG] runGoal called: task=explore_unknown steps=2 force=false busy=false
[Ayushi OS] 🧠 Executive Brain initiated task: explore_unknown
[TaskRunner] Starting task with 2 steps...
[TaskRunner] Step 1/2: move_to {"x":664,"y":63,"z":327,"range":5}
[TaskRunner] Move retry 1/3 — attempting recovery...
  [Skill] Found non-destructive path.
Path not found, but attempting to navigate anyway using destructive movements.
Pathfinding stopped: The goal was changed before it could be completed!.
Found non-destructive path.
Failed to collect birch_log: GoalChanged: The goal was changed before it could be completed!.
You have reached at 664, 63, 327.
[TaskRunner] Step 2/2: wait {"ms":4000}
[TaskRunner] Task complete!
Unpausing mode cowardice
Unpausing mode cowardice
[MotorCortex DIAG] runGoal called: task=avoid_hazard steps=2 force=false busy=false
[Ayushi OS] 🧠 Executive Brain initiated task: avoid_hazard
[TaskRunner] Starting task with 2 steps...
[TaskRunner] Step 1/2: go_surface {"destination":"surface"}
  [Skill] Found non-destructive path.
You have reached at 661, 64, 324.
Going to the surface at y=64.
[TaskRunner] Step 2/2: wait {"ms":2000}
[TaskRunner] Task complete!
Unpausing mode cowardice
[MotorCortex DIAG] runGoal called: task=build_base steps=5 force=false busy=false
[Ayushi OS] 🧠 Executive Brain initiated task: build_base
[TaskRunner] Starting task with 5 steps...
[TaskRunner] Step 1/5: collect {"item":"oak_log","count":12}
  [Skill] Picked up 0 items.
Picked up 0 items.
Picked up 0 items.
Picked up 0 items.
Picked up 0 items.
Picked up 0 items.
Picked up 0 items.
Picked up 0 items.
Picked up 0 items.
Picked up 0 items.
Picked up 0 items.
Picked up 0 items.
Collected 0 oak_log.
[TaskRunner] Step 2/5: craft {"item":"oak_planks","count":16}
[TaskRunner] Step 2 (craft) failed: Missing resources to craft oak_planks. Need: oak_log: 1
[TaskRunner] Failed step 2 (craft): Missing resources to craft oak_planks. Need: oak_log: 1
[MotorCortex DIAG] runGoal called: task=avoid_hazard steps=2 force=false busy=false
[Ayushi OS] 🧠 Executive Brain initiated task: avoid_hazard
[TaskRunner] Starting task with 2 steps...
[TaskRunner] Step 1/2: go_surface {"destination":"surface"}
  [Skill] Path not found, but attempting to navigate anyway using destructive movements.
Pathfinding stopped: Took to long to decide path to goal!.
Going to the surface at y=82.
[TaskRunner] Step 2/2: wait {"ms":2000}
[TaskRunner] Task complete!
[MotorCortex DIAG] runGoal called: task=avoid_hazard steps=2 force=false busy=false
[Ayushi OS] 🧠 Executive Brain initiated task: avoid_hazard
[TaskRunner] Starting task with 2 steps...
[TaskRunner] Step 1/2: go_surface {"destination":"surface"}
  [Skill] Found non-destructive path.
You have reached at 658, 73, 331.
Going to the surface at y=73.
[TaskRunner] Step 2/2: wait {"ms":2000}
  [Skill] Picked up 0 items.
Picked up 0 items.
[TaskRunner] Task complete!
[MotorCortex DIAG] runGoal called: task=build_base steps=5 force=false busy=false
[Ayushi OS] 🧠 Executive Brain initiated task: build_base
[TaskRunner] Starting task with 5 steps...
[TaskRunner] Step 1/5: collect {"item":"oak_log","count":12}
  [Skill] Picked up 0 items.
Picked up 0 items.
Picked up 0 items.
Picked up 0 items.
Picked up 0 items.
Picked up 0 items.
Picked up 0 items.
Collected 0 birch_log.
Picked up 0 items.
Picked up 0 items.
Picked up 0 items.
Path not found, but attempting to navigate anyway using destructive movements.
Picked up 0 items.
Found non-destructive path.
Picked up 1 items.
Picked up 0 items.
Picked up 0 items.
Picked up 0 items.
Picked up 0 items.
Collected 0 oak_log.
[TaskRunner] Step 2/5: craft {"item":"oak_planks","count":16}
[TaskRunner] Step 2 (craft) failed: Missing resources to craft oak_planks. Need: oak_log: 1
[TaskRunner] Failed step 2 (craft): Missing resources to craft oak_planks. Need: oak_log: 1
[MotorCortex DIAG] runGoal called: task=avoid_hazard steps=2 force=false busy=false
[Ayushi OS] 🧠 Executive Brain initiated task: avoid_hazard
[TaskRunner] Starting task with 2 steps...
[TaskRunner] Step 1/2: go_surface {"destination":"surface"}
  [Skill] Path not found, but attempting to navigate anyway using destructive movements.
Picked up 0 items.
Pathfinding stopped: The goal was changed before it could be completed!.
Going to the surface at y=77.
[TaskRunner] Step 2/2: wait {"ms":2000}
  [Skill] Picked up 0 items.
[TaskRunner] Task complete!
[MotorCortex DIAG] runGoal called: task=build_base steps=5 force=false busy=false
[Ayushi OS] 🧠 Executive Brain initiated task: build_base
[TaskRunner] Starting task with 5 steps...
[TaskRunner] Step 1/5: collect {"item":"oak_log","count":12}
  [Skill] Picked up 0 items.
Picked up 0 items.
Picked up 0 items.
Picked up 0 items.
Picked up 0 items.
Picked up 0 items.
Picked up 0 items.
Picked up 0 items.
Picked up 0 items.
Picked up 0 items.
Picked up 0 items.
Collected 0 oak_log.
Picked up 0 items.
Found non-destructive path.
Picked up 1 items.
Found non-destructive path.
Picked up 1 items.
Picked up 0 items.
Picked up 0 items.
Picked up 0 items.
Found non-destructive path.
Picked up 1 items.
Collected 0 oak_log.
[TaskRunner] Step 2/5: craft {"item":"oak_planks","count":16}
[TaskRunner] Step 2 (craft) failed: Missing resources to craft oak_planks. Need: oak_log: 1
[TaskRunner] Failed step 2 (craft): Missing resources to craft oak_planks. Need: oak_log: 1
[MotorCortex DIAG] runGoal called: task=avoid_hazard steps=2 force=false busy=false
[Ayushi OS] 🧠 Executive Brain initiated task: avoid_hazard
[TaskRunner] Starting task with 2 steps...
[TaskRunner] Step 1/2: go_surface {"destination":"surface"}
  [Skill] Path not found, but attempting to navigate anyway using destructive movements.
Picked up 0 items.
Pathfinding stopped: The goal was changed before it could be completed!.
Going to the surface at y=79.
[TaskRunner] Step 2/2: wait {"ms":2000}
  [Skill] Picked up 0 items.
[TaskRunner] Task complete!
[MotorCortex DIAG] runGoal called: task=build_base steps=5 force=false busy=false
[Ayushi OS] 🧠 Executive Brain initiated task: build_base
[TaskRunner] Starting task with 5 steps...
[TaskRunner] Step 1/5: collect {"item":"oak_log","count":12}
[TaskRunner] Step 1 (collect) failed: Cannot read properties of null (reading 'x')
[TaskRunner] Failed step 1 (collect): Cannot read properties of null (reading 'x')
[MotorCortex DIAG] runGoal called: task=avoid_hazard steps=2 force=false busy=false
[Ayushi OS] 🧠 Executive Brain initiated task: avoid_hazard
[TaskRunner] Starting task with 2 steps...
[TaskRunner] Step 1/2: go_surface {"destination":"surface"}
  [Skill] Path not found, but attempting to navigate anyway using destructive movements.
Failed to collect oak_log: GoalChanged: The goal was changed before it could be completed!.
Unable to reach 668, 70, 329, you are 6 blocks away.
Going to the surface at y=70.
[TaskRunner] Step 2/2: wait {"ms":2000}
[TaskRunner] Task complete!
[MotorCortex DIAG] runGoal called: task=explore_unknown steps=2 force=false busy=false
[Ayushi OS] 🧠 Executive Brain initiated task: explore_unknown
[TaskRunner] Starting task with 2 steps...
[TaskRunner] Step 1/2: move_to {"x":681,"y":70,"z":341,"range":5}
  [Skill] Path not found, but attempting to navigate anyway using destructive movements.
You have reached at 681, 70, 341.
[TaskRunner] Step 2/2: wait {"ms":4000}
[TaskRunner] Task complete!
[MotorCortex DIAG] runGoal called: task=avoid_hazard steps=2 force=false busy=false
[Ayushi OS] 🧠 Executive Brain initiated task: avoid_hazard
[TaskRunner] Starting task with 2 steps...
[TaskRunner] Step 1/2: go_surface {"destination":"surface"}
  [Skill] Found non-destructive path.
You have reached at 679, 68, 337.
Going to the surface at y=68.
[TaskRunner] Step 2/2: wait {"ms":2000}
[TaskRunner] Task complete!
Unpausing mode cowardice
[MotorCortex DIAG] runGoal called: task=build_base steps=5 force=false busy=false
[Ayushi OS] 🧠 Executive Brain initiated task: build_base
[TaskRunner] Starting task with 5 steps...
[TaskRunner] Step 1/5: collect {"item":"oak_log","count":12}
[SPINAL CORD] ⚠️ Reflex fired: SURFACE_FOR_AIR {}
[SPINAL CORD] ⚠️ Reflex fired: SURFACE_FOR_AIR {}
[SPINAL CORD] ⚠️ Reflex fired: SURFACE_FOR_AIR {}
[SPINAL CORD] ⚠️ Reflex fired: SURFACE_FOR_AIR {}
  [Skill] Picked up 0 items.
Picked up 0 items.
Picked up 0 items.
Picked up 0 items.
Picked up 0 items.
Picked up 0 items.
Picked up 0 items.
Picked up 0 items.
Picked up 0 items.
Picked up 0 items.
Picked up 0 items.
Picked up 0 items.
Collected 0 oak_log.
[TaskRunner] Step 2/5: craft {"item":"oak_planks","count":16}
[TaskRunner] Step 2 (craft) failed: Missing resources to craft oak_planks. Need: oak_log: 1
[TaskRunner] Failed step 2 (craft): Missing resources to craft oak_planks. Need: oak_log: 1
[MotorCortex DIAG] runGoal called: task=avoid_hazard steps=2 force=false busy=false
[Ayushi OS] 🧠 Executive Brain initiated task: avoid_hazard
[TaskRunner] Starting task with 2 steps...
[TaskRunner] Step 1/2: go_surface {"destination":"surface"}
  [Skill] Found non-destructive path.
You have reached at 678, 69, 349.
Going to the surface at y=69.
[TaskRunner] Step 2/2: wait {"ms":2000}
[TaskRunner] Task complete!
[MotorCortex DIAG] runGoal called: task=build_base steps=5 force=false busy=false
[Ayushi OS] 🧠 Executive Brain initiated task: build_base
[TaskRunner] Starting task with 5 steps...
[TaskRunner] Step 1/5: collect {"item":"oak_log","count":12}
  [Skill] Picked up 0 items.
Picked up 0 items.
Picked up 0 items.
Picked up 0 items.
Picked up 0 items.
Picked up 0 items.
Picked up 0 items.
Picked up 0 items.
Picked up 0 items.
Picked up 0 items.
Picked up 0 items.
Picked up 0 items.
Picked up 0 items.
Picked up 0 items.
Picked up 0 items.
Collected 0 oak_log.
Picked up 0 items.
Picked up 0 items.
Picked up 0 items.
Picked up 0 items.
Picked up 0 items.
Collected 0 oak_log.
[TaskRunner] Step 2/5: craft {"item":"oak_planks","count":16}
[TaskRunner] Step 2 (craft) failed: Missing resources to craft oak_planks. Need: oak_log: 1
[TaskRunner] Failed step 2 (craft): Missing resources to craft oak_planks. Need: oak_log: 1
[MotorCortex DIAG] runGoal called: task=avoid_hazard steps=2 force=false busy=false
[Ayushi OS] 🧠 Executive Brain initiated task: avoid_hazard
[TaskRunner] Starting task with 2 steps...
[TaskRunner] Step 1/2: go_surface {"destination":"surface"}
  [Skill] Path not found, but attempting to navigate anyway using destructive movements.
Unable to reach 670, 80, 350, you are 8 blocks away.
Going to the surface at y=80.
[TaskRunner] Step 2/2: wait {"ms":2000}
  [Skill] Picked up 0 items.
[TaskRunner] Task complete!
[MotorCortex DIAG] runGoal called: task=build_base steps=5 force=false busy=false
[Ayushi OS] 🧠 Executive Brain initiated task: build_base
[TaskRunner] Starting task with 5 steps...
[TaskRunner] Step 1/5: collect {"item":"oak_log","count":12}
[TaskRunner] Step 1 (collect) failed: Cannot read properties of null (reading 'x')
[TaskRunner] Failed step 1 (collect): Cannot read properties of null (reading 'x')
[MotorCortex DIAG] runGoal called: task=avoid_hazard steps=2 force=false busy=false
[Ayushi OS] 🧠 Executive Brain initiated task: avoid_hazard
[TaskRunner] Starting task with 2 steps...
[TaskRunner] Step 1/2: go_surface {"destination":"surface"}
  [Skill] Found non-destructive path.
Path not found, but attempting to navigate anyway using destructive movements.
You have reached at 669, 78, 357.
Going to the surface at y=78.
[TaskRunner] Step 2/2: wait {"ms":2000}
  [Skill] Picked up 0 items.
Path not found, but attempting to navigate anyway using destructive movements.
[TaskRunner] Task complete!
[MotorCortex DIAG] runGoal called: task=build_base steps=5 force=false busy=false
[Ayushi OS] 🧠 Executive Brain initiated task: build_base
[TaskRunner] Starting task with 5 steps...
[TaskRunner] Step 1/5: collect {"item":"oak_log","count":12}
[TaskRunner] Step 1 (collect) failed: Cannot read properties of null (reading 'x')
[TaskRunner] Failed step 1 (collect): Cannot read properties of null (reading 'x')
[MotorCortex DIAG] runGoal called: task=explore_unknown steps=2 force=false busy=false
[Ayushi OS] 🧠 Executive Brain initiated task: explore_unknown
[TaskRunner] Starting task with 2 steps...
[TaskRunner] Step 1/2: move_to {"x":682,"y":74,"z":371,"range":5}
[TaskRunner] Move retry 1/3 — attempting recovery...
  [Skill] Path not found, but attempting to navigate anyway using destructive movements.
Path not found, but attempting to navigate anyway using destructive movements.
Pathfinding stopped: The goal was changed before it could be completed!.
Path not found, but attempting to navigate anyway using destructive movements.
Failed to collect oak_log: GoalChanged: The goal was changed before it could be completed!.
You have reached at 682, 74, 371.
[TaskRunner] Step 2/2: wait {"ms":4000}
[TaskRunner] Task complete!
[MotorCortex DIAG] runGoal called: task=avoid_hazard steps=2 force=false busy=false
[Ayushi OS] 🧠 Executive Brain initiated task: avoid_hazard
[TaskRunner] Starting task with 2 steps...
[TaskRunner] Step 1/2: go_surface {"destination":"surface"}
  [Skill] Path not found, but attempting to navigate anyway using destructive movements.
Unable to reach 680, 74, 368, you are 3 blocks away.
Going to the surface at y=74.
[TaskRunner] Step 2/2: wait {"ms":2000}
[TaskRunner] Task complete!
[MotorCortex DIAG] runGoal called: task=seek_safety steps=2 force=false busy=false
[Ayushi OS] 🧠 Executive Brain initiated task: seek_safety
[TaskRunner] Starting task with 2 steps...
[TaskRunner] Step 1/2: go_surface {"destination":"surface"}
  [Skill] Found non-destructive path.
You have reached at 680, 74, 377.
Going to the surface at y=74.
[TaskRunner] Step 2/2: wait {"ms":2000}
  [Skill] Picked up 0 items.
[TaskRunner] Task complete!
[MotorCortex DIAG] runGoal called: task=eat steps=1 force=false busy=false
[Ayushi OS] 🧠 Executive Brain initiated task: eat
[TaskRunner] Starting task with 1 steps...
[TaskRunner] Step 1/1: eat {"minFoodLevel":20}
[TaskRunner] Food level 20/20, skipping eat.
[TaskRunner] Task complete!
[MotorCortex DIAG] runGoal called: task=seek_safety steps=2 force=false busy=false
[Ayushi OS] 🧠 Executive Brain initiated task: seek_safety
[TaskRunner] Starting task with 2 steps...
[TaskRunner] Step 1/2: go_surface {"destination":"surface"}
  [Skill] Found non-destructive path.
You have reached at 681, 69, 378.
Going to the surface at y=69.
[TaskRunner] Step 2/2: wait {"ms":2000}
  [Skill] Picked up 0 items.
Picked up 0 items.
[TaskRunner] Task complete!
[MotorCortex DIAG] runGoal called: task=avoid_hazard steps=2 force=false busy=false
[Ayushi OS] 🧠 Executive Brain initiated task: avoid_hazard
[TaskRunner] Starting task with 2 steps...
[TaskRunner] Step 1/2: go_surface {"destination":"surface"}
  [Skill] Path not found, but attempting to navigate anyway using destructive movements.
Picked up 0 items.
Pathfinding stopped: The goal was changed before it could be completed!.
Going to the surface at y=73.
[TaskRunner] Step 2/2: wait {"ms":2000}
[TaskRunner] Task complete!
[MotorCortex DIAG] runGoal called: task=build_base steps=5 force=false busy=false
[Ayushi OS] 🧠 Executive Brain initiated task: build_base
[TaskRunner] Starting task with 5 steps...
[TaskRunner] Step 1/5: collect {"item":"oak_log","count":12}
  [Skill] Picked up 0 items.
Picked up 0 items.
Picked up 0 items.
Picked up 0 items.
Found non-destructive path.
Found non-destructive path.
Failed to collect oak_log: GoalChanged: The goal was changed before it could be completed!.
Picked up 1 items.
Picked up 0 items.
Picked up 0 items.
Picked up 0 items.
Picked up 0 items.
Picked up 0 items.
Picked up 0 items.
Picked up 0 items.
Picked up 0 items.
Picked up 0 items.
Collected 0 oak_log.
[TaskRunner] Step 2/5: craft {"item":"oak_planks","count":16}
[TaskRunner] Step 2 (craft) failed: Missing resources to craft oak_planks. Need: oak_log: 1
[TaskRunner] Failed step 2 (craft): Missing resources to craft oak_planks. Need: oak_log: 1
[MotorCortex DIAG] runGoal called: task=avoid_hazard steps=2 force=false busy=false
[Ayushi OS] 🧠 Executive Brain initiated task: avoid_hazard
[TaskRunner] Starting task with 2 steps...
[TaskRunner] Step 1/2: go_surface {"destination":"surface"}
  [Skill] Found non-destructive path.
You have reached at 677, 72, 370.
Going to the surface at y=72.
[TaskRunner] Step 2/2: wait {"ms":2000}
  [Skill] Found non-destructive path.
Picked up 1 items.
[TaskRunner] Task complete!
[MotorCortex DIAG] runGoal called: task=seek_safety steps=2 force=false busy=false
[Ayushi OS] 🧠 Executive Brain initiated task: seek_safety
[TaskRunner] Starting task with 2 steps...
[TaskRunner] Step 1/2: go_surface {"destination":"surface"}
  [Skill] Found non-destructive path.
You have reached at 673, 70, 372.
Going to the surface at y=70.
[TaskRunner] Step 2/2: wait {"ms":2000}
  [Skill] Path not found, but attempting to navigate anyway using destructive movements.
[TaskRunner] Task complete!
[MotorCortex DIAG] runGoal called: task=build_base steps=5 force=false busy=false
[Ayushi OS] 🧠 Executive Brain initiated task: build_base
[TaskRunner] Starting task with 5 steps...
[TaskRunner] Step 1/5: collect {"item":"oak_log","count":12}
[TaskRunner] Step 1 (collect) failed: Cannot read properties of null (reading 'x')
[TaskRunner] Failed step 1 (collect): Cannot read properties of null (reading 'x')
[MotorCortex DIAG] runGoal called: task=eat steps=1 force=false busy=false
[Ayushi OS] 🧠 Executive Brain initiated task: eat
[TaskRunner] Starting task with 1 steps...
[TaskRunner] Step 1/1: eat {"minFoodLevel":20}
[TaskRunner] Food level 20/20, skipping eat.
[TaskRunner] Task complete!
[MotorCortex DIAG] runGoal called: task=idle steps=0 force=false busy=false
[MotorCortex DIAG] runGoal SKIPPED — no steps
[MotorCortex DIAG] runGoal called: task=avoid_hazard steps=2 force=false busy=false
[Ayushi OS] 🧠 Executive Brain initiated task: avoid_hazard
[TaskRunner] Starting task with 2 steps...
[TaskRunner] Step 1/2: go_surface {"destination":"surface"}
  [Skill] Path not found, but attempting to navigate anyway using destructive movements.
Unable to reach 682, 73, 385, you are 4 blocks away.
Going to the surface at y=73.
[TaskRunner] Step 2/2: wait {"ms":2000}
Unpausing mode cowardice
Unpausing mode self_defense
[TaskRunner] Task complete!
[Modes] Picking up item!
[MotorCortex DIAG] runGoal called: task=seek_safety steps=2 force=false busy=false
[Ayushi OS] 🧠 Executive Brain initiated task: seek_safety
[TaskRunner] Starting task with 2 steps...
[TaskRunner] Step 1/2: go_surface {"destination":"surface"}
  [Skill] s stopped before it could be completed! Thus, the desired goal was not reached..
Going to the surface at y=73.
[TaskRunner] Step 2/2: wait {"ms":2000}
[TaskRunner] Task complete!
[MotorCortex DIAG] runGoal called: task=idle steps=0 force=false busy=false
[MotorCortex DIAG] runGoal SKIPPED — no steps
[MotorCortex DIAG] runGoal called: task=idle steps=0 force=false busy=false
[MotorCortex DIAG] runGoal SKIPPED — no steps
[MotorCortex DIAG] runGoal called: task=idle steps=0 force=false busy=false
[MotorCortex DIAG] runGoal SKIPPED — no steps
[MotorCortex DIAG] runGoal called: task=idle steps=0 force=false busy=false
[MotorCortex DIAG] runGoal SKIPPED — no steps
[Modes] Picking up item!
[MotorCortex DIAG] runGoal called: task=avoid_hazard steps=2 force=false busy=false
[Ayushi OS] 🧠 Executive Brain initiated task: avoid_hazard
[TaskRunner] Starting task with 2 steps...
[TaskRunner] Step 1/2: go_surface {"destination":"surface"}
[TaskRunner] Step 2/2: wait {"ms":2000}
[SPINAL CORD] ⚠️ Reflex fired: SURFACE_FOR_AIR {}
[TaskRunner] Task complete!
[SPINAL CORD] ⚠️ Reflex fired: SURFACE_FOR_AIR {}
[MotorCortex DIAG] runGoal called: task=seek_safety steps=2 force=false busy=false
[Ayushi OS] 🧠 Executive Brain initiated task: seek_safety
[TaskRunner] Starting task with 2 steps...
[TaskRunner] Step 1/2: go_surface {"destination":"surface"}
  [Skill] Found non-destructive path.
Found non-destructive path.
Pathfinding stopped: The goal was changed before it could be completed!.
Going to the surface at y=70.
[TaskRunner] Step 2/2: wait {"ms":2000}
[SPINAL CORD] ⚠️ Reflex fired: SURFACE_FOR_AIR {}
  [Skill] Picked up 1 items.
[TaskRunner] Task complete!
[MotorCortex DIAG] runGoal called: task=eat steps=1 force=false busy=false
[Ayushi OS] 🧠 Executive Brain initiated task: eat
[TaskRunner] Starting task with 1 steps...
[TaskRunner] Step 1/1: eat {"minFoodLevel":20}
[TaskRunner] Food level 20/20, skipping eat.
[TaskRunner] Task complete!
[MotorCortex DIAG] runGoal called: task=idle steps=0 force=false busy=false
[MotorCortex DIAG] runGoal SKIPPED — no steps
[SPINAL CORD] ⚠️ Reflex fired: SURFACE_FOR_AIR {}
[AyushiOS DIAG] tick=100 motorBusy=false taskRunnerBusy=false motorCtx=completed
[MotorCortex DIAG] runGoal called: task=idle steps=0 force=false busy=false
[MotorCortex DIAG] runGoal SKIPPED — no steps
[MotorCortex DIAG] runGoal called: task=seek_safety steps=2 force=false busy=false
[Ayushi OS] 🧠 Executive Brain initiated task: seek_safety
[TaskRunner] Starting task with 2 steps...
[TaskRunner] Step 1/2: go_surface {"destination":"surface"}
  [Skill] Found non-destructive path.
You have reached at 674, 71, 371.
Going to the surface at y=71.
[TaskRunner] Step 2/2: wait {"ms":2000}
  [Skill] Picked up 0 items.
[TaskRunner] Task complete!
[MotorCortex DIAG] runGoal called: task=avoid_hazard steps=2 force=false busy=false
[Ayushi OS] 🧠 Executive Brain initiated task: avoid_hazard
[TaskRunner] Starting task with 2 steps...
[TaskRunner] Step 1/2: go_surface {"destination":"surface"}
[TaskRunner] Step 2/2: wait {"ms":2000}
[defendSelf] chase follow: The goal was changed before it could be completed!
  [Skill] Path not found, but attempting to navigate anyway using destructive movements.
Failed to collect oak_log: GoalChanged: The goal was changed before it could be completed!.
Collected 0 oak_log.
[TaskRunner] Task complete!
[MotorCortex DIAG] runGoal called: task=build_base steps=5 force=false busy=false
[Ayushi OS] 🧠 Executive Brain initiated task: build_base
[TaskRunner] Starting task with 5 steps...
[TaskRunner] Step 1/5: collect {"item":"oak_log","count":12}
[defendSelf] chase follow: The goal was changed before it could be completed!
[defendSelf] chase follow: The goal was changed before it could be completed!
[defendSelf] chase follow: The goal was changed before it could be completed!
[defendSelf] chase follow: The goal was changed before it could be completed!
[defendSelf] chase follow: The goal was changed before it could be completed!
[defendSelf] chase follow: The goal was changed before it could be completed!
[defendSelf] chase follow: The goal was changed before it could be completed!
Unpausing mode cowardice
Unpausing mode self_defense
[TaskRunner] Step 2/5: craft {"item":"oak_planks","count":16}
[TaskRunner] Step 2 (craft) failed: Missing resources to craft oak_planks. Need: oak_log: 1
[TaskRunner] Failed step 2 (craft): Missing resources to craft oak_planks. Need: oak_log: 1
[MotorCortex DIAG] runGoal called: task=avoid_hazard steps=2 force=false busy=false
[Ayushi OS] 🧠 Executive Brain initiated task: avoid_hazard
[TaskRunner] Starting task with 2 steps...
[TaskRunner] Step 1/2: go_surface {"destination":"surface"}
  [Skill] Found non-destructive path.
You have reached at 666, 72, 378.
Going to the surface at y=72.
[TaskRunner] Step 2/2: wait {"ms":2000}
  [Skill] Picked up 0 items.
[TaskRunner] Task complete!
[MotorCortex DIAG] runGoal called: task=seek_safety steps=2 force=false busy=false
[Ayushi OS] 🧠 Executive Brain initiated task: seek_safety
[TaskRunner] Starting task with 2 steps...
[TaskRunner] Step 1/2: go_surface {"destination":"surface"}
  [Skill] Found non-destructive path.
You have reached at 667, 70, 376.
Going to the surface at y=70.
[TaskRunner] Step 2/2: wait {"ms":2000}
  [Skill] Picked up 0 items.
Found non-destructive path.
[TaskRunner] Task complete!
[MotorCortex DIAG] runGoal called: task=eat steps=1 force=false busy=false
[Ayushi OS] 🧠 Executive Brain initiated task: eat
[TaskRunner] Starting task with 1 steps...
[TaskRunner] Step 1/1: eat {"minFoodLevel":20}
[TaskRunner] Food level 20/20, skipping eat.
[TaskRunner] Task complete!
[MotorCortex DIAG] runGoal called: task=idle steps=0 force=false busy=false
[MotorCortex DIAG] runGoal SKIPPED — no steps
[MotorCortex DIAG] runGoal called: task=idle steps=0 force=false busy=false
[MotorCortex DIAG] runGoal SKIPPED — no steps
[MotorCortex DIAG] runGoal called: task=idle steps=0 force=false busy=false
[MotorCortex DIAG] runGoal SKIPPED — no steps
[MotorCortex DIAG] runGoal called: task=avoid_hazard steps=2 force=false busy=false
[Ayushi OS] 🧠 Executive Brain initiated task: avoid_hazard
[TaskRunner] Starting task with 2 steps...
[TaskRunner] Step 1/2: go_surface {"destination":"surface"}
[defendSelf] chase follow: The goal was changed before it could be completed!
  [Skill] Path not found, but attempting to navigate anyway using destructive movements.
Unable to reach 663, 71, 391, you are 4 blocks away.
Going to the surface at y=71.
[TaskRunner] Step 2/2: wait {"ms":2000}
[TaskRunner] Task complete!
[MotorCortex DIAG] runGoal called: task=seek_safety steps=2 force=false busy=false
[Ayushi OS] 🧠 Executive Brain initiated task: seek_safety
[TaskRunner] Starting task with 2 steps...
[TaskRunner] Step 1/2: go_surface {"destination":"surface"}
  [Skill] Path not found, but attempting to navigate anyway using destructive movements.
Unable to reach 660, 71, 393, you are 5 blocks away.
Going to the surface at y=71.
[TaskRunner] Step 2/2: wait {"ms":2000}
[TaskRunner] Task complete!
[MotorCortex DIAG] runGoal called: task=build_base steps=5 force=false busy=false
[Ayushi OS] 🧠 Executive Brain initiated task: build_base
[TaskRunner] Starting task with 5 steps...
[TaskRunner] Step 1/5: collect {"item":"oak_log","count":12}
[defendSelf] chase follow: The goal was changed before it could be completed!
[defendSelf] chase follow: The goal was changed before it could be completed!
[defendSelf] chase follow: The goal was changed before it could be completed!
Unpausing mode cowardice
Unpausing mode self_defense
[TaskRunner] Step 1 (collect) failed: Cannot read properties of null (reading 'x')
[TaskRunner] Failed step 1 (collect): Cannot read properties of null (reading 'x')
[MotorCortex DIAG] runGoal called: task=avoid_hazard steps=2 force=false busy=false
[Ayushi OS] 🧠 Executive Brain initiated task: avoid_hazard
[TaskRunner] Starting task with 2 steps...
[TaskRunner] Step 1/2: go_surface {"destination":"surface"}
[defendSelf] chase follow: The goal was changed before it could be completed!
  [Skill] Path not found, but attempting to navigate anyway using destructive movements.
Pathfinding stopped: The goal was changed before it could be completed!.
Going to the surface at y=74.
[TaskRunner] Step 2/2: wait {"ms":2000}
[TaskRunner] Task complete!
[MotorCortex DIAG] runGoal called: task=seek_safety steps=2 force=false busy=false
[Ayushi OS] 🧠 Executive Brain initiated task: seek_safety
[TaskRunner] Starting task with 2 steps...
[TaskRunner] Step 1/2: go_surface {"destination":"surface"}
  [Skill] Path not found, but attempting to navigate anyway using destructive movements.
Unable to reach 642, 74, 384, you are 6 blocks away.
Going to the surface at y=74.
[TaskRunner] Step 2/2: wait {"ms":2000}
[TaskRunner] Task complete!
[MotorCortex DIAG] runGoal called: task=eat steps=1 force=false busy=false
[Ayushi OS] 🧠 Executive Brain initiated task: eat
[TaskRunner] Starting task with 1 steps...
[TaskRunner] Step 1/1: eat {"minFoodLevel":20}
[TaskRunner] Food level 20/20, skipping eat.
[TaskRunner] Task complete!
[MotorCortex DIAG] runGoal called: task=idle steps=0 force=false busy=false
[MotorCortex DIAG] runGoal SKIPPED — no steps
[MotorCortex DIAG] runGoal called: task=idle steps=0 force=false busy=false
[MotorCortex DIAG] runGoal SKIPPED — no steps
[MotorCortex DIAG] runGoal called: task=avoid_hazard steps=2 force=false busy=false
[Ayushi OS] 🧠 Executive Brain initiated task: avoid_hazard
[TaskRunner] Starting task with 2 steps...
[TaskRunner] Step 1/2: go_surface {"destination":"surface"}
  [Skill] Found non-destructive path.
You have reached at 639, 67, 387.
Going to the surface at y=67.
[TaskRunner] Step 2/2: wait {"ms":2000}
[TaskRunner] Task complete!
[MotorCortex DIAG] runGoal called: task=seek_safety steps=2 force=false busy=false
[Ayushi OS] 🧠 Executive Brain initiated task: seek_safety
[TaskRunner] Starting task with 2 steps...
[TaskRunner] Step 1/2: go_surface {"destination":"surface"}
  [Skill] Path not found, but attempting to navigate anyway using destructive movements.
Pathfinding stopped: The goal was changed before it could be completed!.
Going to the surface at y=68.
[TaskRunner] Step 2/2: wait {"ms":2000}
[TaskRunner] Task complete!
[MotorCortex DIAG] runGoal called: task=build_base steps=5 force=false busy=false
[Ayushi OS] 🧠 Executive Brain initiated task: build_base
[TaskRunner] Starting task with 5 steps...
[TaskRunner] Step 1/5: collect {"item":"oak_log","count":12}
[defendSelf] chase follow: The goal was changed before it could be completed!
[defendSelf] chase follow: The goal was changed before it could be completed!
Unpausing mode cowardice
Unpausing mode self_defense
[TaskRunner] Step 2/5: craft {"item":"oak_planks","count":16}
[TaskRunner] Step 2 (craft) failed: Missing resources to craft oak_planks. Need: oak_log: 1
[TaskRunner] Failed step 2 (craft): Missing resources to craft oak_planks. Need: oak_log: 1
[MotorCortex DIAG] runGoal called: task=avoid_hazard steps=2 force=false busy=false
[Ayushi OS] 🧠 Executive Brain initiated task: avoid_hazard
[TaskRunner] Starting task with 2 steps...
[TaskRunner] Step 1/2: go_surface {"destination":"surface"}
  [Skill] Found non-destructive path.
Picked up 0 items.
Pathfinding stopped: The goal was changed before it could be completed!.
Going to the surface at y=75.
[TaskRunner] Step 2/2: wait {"ms":2000}
[TaskRunner] Task complete!
[MotorCortex DIAG] runGoal called: task=seek_safety steps=2 force=false busy=false
[Ayushi OS] 🧠 Executive Brain initiated task: seek_safety
[TaskRunner] Starting task with 2 steps...
[TaskRunner] Step 1/2: go_surface {"destination":"surface"}
  [Skill] Path not found, but attempting to navigate anyway using destructive movements.
Picked up 0 items.
Pathfinding stopped: The goal was changed before it could be completed!.
Going to the surface at y=68.
[TaskRunner] Step 2/2: wait {"ms":2000}
[TaskRunner] Task complete!
[MotorCortex DIAG] runGoal called: task=build_base steps=5 force=false busy=false
[Ayushi OS] 🧠 Executive Brain initiated task: build_base
[TaskRunner] Starting task with 5 steps...
[TaskRunner] Step 1/5: collect {"item":"oak_log","count":12}
  [Skill] Found non-destructive path.
Found non-destructive path.
Failed to collect oak_log: GoalChanged: The goal was changed before it could be completed!.
Picked up 1 items.
Found non-destructive path.
Picked up 1 items.
Picked up 0 items.
Picked up 0 items.
Picked up 0 items.
Found non-destructive path.
Picked up 0 items.
Picked up 0 items.
Found non-destructive path.
Picked up 1 items.
Picked up 0 items.
Picked up 0 items.
Picked up 0 items.
Picked up 0 items.
Collected 0 oak_log.
[TaskRunner] Step 2/5: craft {"item":"oak_planks","count":16}
[TaskRunner] Step 2 (craft) failed: Missing resources to craft oak_planks. Need: oak_log: 1
[TaskRunner] Failed step 2 (craft): Missing resources to craft oak_planks. Need: oak_log: 1
[MotorCortex DIAG] runGoal called: task=avoid_hazard steps=2 force=false busy=false
[Ayushi OS] 🧠 Executive Brain initiated task: avoid_hazard
[TaskRunner] Starting task with 2 steps...
[TaskRunner] Step 1/2: go_surface {"destination":"surface"}
  [Skill] Path not found, but attempting to navigate anyway using destructive movements.
Unable to reach 630, 68, 387, you are 1 blocks away.
Going to the surface at y=68.
[TaskRunner] Step 2/2: wait {"ms":2000}
[defendSelf] chase follow: The goal was changed before it could be completed!
[TaskRunner] Task complete!
[defendSelf] chase follow: The goal was changed before it could be completed!
[MotorCortex DIAG] runGoal called: task=seek_safety steps=2 force=false busy=false
[Ayushi OS] 🧠 Executive Brain initiated task: seek_safety
[TaskRunner] Starting task with 2 steps...
[TaskRunner] Step 1/2: go_surface {"destination":"surface"}
  [Skill] Path not found, but attempting to navigate anyway using destructive movements.
Unable to reach 632, 68, 381, you are 1 blocks away.
Going to the surface at y=68.
[TaskRunner] Step 2/2: wait {"ms":2000}
[defendSelf] chase follow: The goal was changed before it could be completed!
  [Skill] Picked up 0 items.
Picked up 0 items.
[TaskRunner] Task complete!
[MotorCortex DIAG] runGoal called: task=build_base steps=5 force=false busy=false
[Ayushi OS] 🧠 Executive Brain initiated task: build_base
[TaskRunner] Starting task with 5 steps...
[TaskRunner] Step 1/5: collect {"item":"oak_log","count":12}
[defendSelf] chase follow: The goal was changed before it could be completed!
[defendSelf] chase follow: The goal was changed before it could be completed!
[defendSelf] chase follow: The goal was changed before it could be completed!
[defendSelf] chase follow: The goal was changed before it could be completed!
[defendSelf] chase follow: The goal was changed before it could be completed!
Unpausing mode cowardice
Unpausing mode self_defense
[TaskRunner] Step 2/5: craft {"item":"oak_planks","count":16}
[TaskRunner] Step 2 (craft) failed: Missing resources to craft oak_planks. Need: oak_log: 1
[TaskRunner] Failed step 2 (craft): Missing resources to craft oak_planks. Need: oak_log: 1
[MotorCortex DIAG] runGoal called: task=avoid_hazard steps=2 force=false busy=false
[Ayushi OS] 🧠 Executive Brain initiated task: avoid_hazard
[TaskRunner] Starting task with 2 steps...
[TaskRunner] Step 1/2: go_surface {"destination":"surface"}
  [Skill] Path not found, but attempting to navigate anyway using destructive movements.
Unable to reach 631, 73, 373, you are 5 blocks away.
Going to the surface at y=73.
[TaskRunner] Step 2/2: wait {"ms":2000}
  [Skill] Picked up 0 items.
Picked up 0 items.
[TaskRunner] Task complete!
[MotorCortex DIAG] runGoal called: task=seek_safety steps=2 force=false busy=false
[Ayushi OS] 🧠 Executive Brain initiated task: seek_safety
[TaskRunner] Starting task with 2 steps...
[TaskRunner] Step 1/2: go_surface {"destination":"surface"}
  [Skill] Path not found, but attempting to navigate anyway using destructive movements.
Unable to reach 632, 75, 371, you are 7 blocks away.
Going to the surface at y=75.
[TaskRunner] Step 2/2: wait {"ms":2000}
  [Skill] Picked up 0 items.
[TaskRunner] Task complete!
[MotorCortex DIAG] runGoal called: task=eat steps=1 force=false busy=false
[Ayushi OS] 🧠 Executive Brain initiated task: eat
[TaskRunner] Starting task with 1 steps...
[TaskRunner] Step 1/1: eat {"minFoodLevel":20}
[TaskRunner] Food level 20/20, skipping eat.
[TaskRunner] Task complete!
[MotorCortex DIAG] runGoal called: task=idle steps=0 force=false busy=false
[MotorCortex DIAG] runGoal SKIPPED — no steps
[MotorCortex DIAG] runGoal called: task=idle steps=0 force=false busy=false
[MotorCortex DIAG] runGoal SKIPPED — no steps
[MotorCortex DIAG] runGoal called: task=idle steps=0 force=false busy=false
[MotorCortex DIAG] runGoal SKIPPED — no steps
[MotorCortex DIAG] runGoal called: task=avoid_hazard steps=2 force=false busy=false
[Ayushi OS] 🧠 Executive Brain initiated task: avoid_hazard
[TaskRunner] Starting task with 2 steps...
[TaskRunner] Step 1/2: go_surface {"destination":"surface"}
  [Skill] Path not found, but attempting to navigate anyway using destructive movements.
Unable to reach 631, 70, 364, you are 1 blocks away.
Going to the surface at y=70.
[TaskRunner] Step 2/2: wait {"ms":2000}
  [Skill] Picked up 0 items.
Collected 0 oak_log.
[TaskRunner] Task complete!
[MotorCortex DIAG] runGoal called: task=seek_safety steps=2 force=false busy=false
[Ayushi OS] 🧠 Executive Brain initiated task: seek_safety
[TaskRunner] Starting task with 2 steps...
[TaskRunner] Step 1/2: go_surface {"destination":"surface"}
  [Skill] Found non-destructive path.
You have reached at 631, 70, 364.
Going to the surface at y=70.
[TaskRunner] Step 2/2: wait {"ms":2000}
  [Skill] Picked up 0 items.
Picked up 0 items.
[TaskRunner] Task complete!
[MotorCortex DIAG] runGoal called: task=build_base steps=5 force=false busy=false
[Ayushi OS] 🧠 Executive Brain initiated task: build_base
[TaskRunner] Starting task with 5 steps...
[TaskRunner] Step 1/5: collect {"item":"oak_log","count":12}
  [Skill] Picked up 0 items.
Picked up 0 items.
Picked up 0 items.
Picked up 0 items.
Picked up 0 items.
Picked up 0 items.
Picked up 0 items.
Picked up 0 items.
Picked up 0 items.
Picked up 0 items.
Picked up 0 items.
Collected 0 oak_log.
Picked up 0 items.
Picked up 0 items.
Found non-destructive path.
Picked up 1 items.
Picked up 0 items.
Picked up 0 items.
Picked up 0 items.
Picked up 0 items.
Collected 0 oak_log.
[TaskRunner] Step 2/5: craft {"item":"oak_planks","count":16}
[TaskRunner] Step 2 (craft) failed: Missing resources to craft oak_planks. Need: oak_log: 1
[TaskRunner] Failed step 2 (craft): Missing resources to craft oak_planks. Need: oak_log: 1
[MotorCortex DIAG] runGoal called: task=avoid_hazard steps=2 force=false busy=false
[Ayushi OS] 🧠 Executive Brain initiated task: avoid_hazard
[TaskRunner] Starting task with 2 steps...
[TaskRunner] Step 1/2: go_surface {"destination":"surface"}
  [Skill] Path not found, but attempting to navigate anyway using destructive movements.
Unable to reach 618, 74, 370, you are 6 blocks away.
Going to the surface at y=74.
[TaskRunner] Step 2/2: wait {"ms":2000}
[TaskRunner] Task complete!
[MotorCortex DIAG] runGoal called: task=seek_safety steps=2 force=false busy=false
[Ayushi OS] 🧠 Executive Brain initiated task: seek_safety
[TaskRunner] Starting task with 2 steps...
[TaskRunner] Step 1/2: go_surface {"destination":"surface"}
  [Skill] Path not found, but attempting to navigate anyway using destructive movements.
Unable to reach 616, 69, 373, you are 1 blocks away.
Going to the surface at y=69.
[TaskRunner] Step 2/2: wait {"ms":2000}
Unpausing mode cowardice
Unpausing mode self_defense
[TaskRunner] Task complete!
[MotorCortex DIAG] runGoal called: task=build_base steps=5 force=false busy=false
[Ayushi OS] 🧠 Executive Brain initiated task: build_base
[TaskRunner] Starting task with 5 steps...
[TaskRunner] Step 1/5: collect {"item":"oak_log","count":12}
  [Skill] Found non-destructive path.
Found non-destructive path.
Failed to collect oak_log: GoalChanged: The goal was changed before it could be completed!.
Picked up 1 items.
Picked up 0 items.
Picked up 0 items.
Picked up 0 items.
Picked up 0 items.
Picked up 0 items.
Picked up 0 items.
Found non-destructive path.
Picked up 1 items.
Picked up 0 items.
Picked up 0 items.
Picked up 0 items.
Picked up 0 items.
Collected 0 oak_log.
[TaskRunner] Step 2/5: craft {"item":"oak_planks","count":16}
[TaskRunner] Step 2 (craft) failed: Missing resources to craft oak_planks. Need: oak_log: 1
[TaskRunner] Failed step 2 (craft): Missing resources to craft oak_planks. Need: oak_log: 1
[Modes] Picking up item!
[MotorCortex DIAG] runGoal called: task=avoid_hazard steps=2 force=false busy=false
[Ayushi OS] 🧠 Executive Brain initiated task: avoid_hazard
[TaskRunner] Starting task with 2 steps...
[TaskRunner] Step 1/2: go_surface {"destination":"surface"}
  [Skill] Path not found, but attempting to navigate anyway using destructive movements.
Unable to reach 615, 72, 372, you are 4 blocks away.
Going to the surface at y=72.
[TaskRunner] Step 2/2: wait {"ms":2000}
[TaskRunner] Task complete!
[MotorCortex DIAG] runGoal called: task=build_base steps=5 force=false busy=false
[Ayushi OS] 🧠 Executive Brain initiated task: build_base
[TaskRunner] Starting task with 5 steps...
[TaskRunner] Step 1/5: collect {"item":"oak_log","count":12}
  [Skill] Picked up 0 items.
Picked up 0 items.
Picked up 0 items.
Picked up 0 items.
Picked up 0 items.
Picked up 0 items.
Picked up 0 items.
Picked up 0 items.
Picked up 0 items.
Picked up 0 items.
Picked up 0 items.
Picked up 0 items.
Picked up 0 items.
Picked up 0 items.
Picked up 0 items.
Collected 0 oak_log.
Path not found, but attempting to navigate anyway using destructive movements.
Picked up 1 items.
Picked up 0 items.
Picked up 0 items.
Picked up 0 items.
Picked up 0 items.
Collected 0 oak_log.
[TaskRunner] Step 2/5: craft {"item":"oak_planks","count":16}
[TaskRunner] Step 2 (craft) failed: Missing resources to craft oak_planks. Need: oak_log: 1
[TaskRunner] Failed step 2 (craft): Missing resources to craft oak_planks. Need: oak_log: 1
[MotorCortex DIAG] runGoal called: task=avoid_hazard steps=2 force=false busy=false
[Ayushi OS] 🧠 Executive Brain initiated task: avoid_hazard
[TaskRunner] Starting task with 2 steps...
[TaskRunner] Step 1/2: go_surface {"destination":"surface"}
  [Skill] Found non-destructive path.
You have reached at 610, 71, 380.
Going to the surface at y=71.
[TaskRunner] Step 2/2: wait {"ms":2000}
  [Skill] Picked up 0 items.
Picked up 0 items.
[TaskRunner] Task complete!
[Modes] Hunting pig!
[MotorCortex DIAG] runGoal called: task=build_base steps=5 force=false busy=false
[Ayushi OS] 🧠 Executive Brain initiated task: build_base
[TaskRunner] Starting task with 5 steps...
[TaskRunner] Step 1/5: collect {"item":"oak_log","count":12}
  [Skill] Picked up 0 items.
Picked up 0 items.
Picked up 0 items.
Picked up 0 items.
Picked up 0 items.
Picked up 0 items.
Picked up 0 items.
Picked up 0 items.
Picked up 0 items.
Collected 0 oak_log.
Picked up 0 items.
Picked up 0 items.
Picked up 0 items.
Picked up 0 items.
Picked up 0 items.
Picked up 0 items.
Picked up 0 items.
Picked up 0 items.
Collected 0 oak_log.
[TaskRunner] Step 2/5: craft {"item":"oak_planks","count":16}
[TaskRunner] Step 2 (craft) failed: Missing resources to craft oak_planks. Need: oak_log: 1
[TaskRunner] Failed step 2 (craft): Missing resources to craft oak_planks. Need: oak_log: 1
[MotorCortex DIAG] runGoal called: task=avoid_hazard steps=2 force=false busy=false
[Ayushi OS] 🧠 Executive Brain initiated task: avoid_hazard
[TaskRunner] Starting task with 2 steps...
[TaskRunner] Step 1/2: go_surface {"destination":"surface"}
  [Skill] Found non-destructive path.
You have reached at 605, 74, 373.
Going to the surface at y=74.
[TaskRunner] Step 2/2: wait {"ms":2000}
[TaskRunner] Task complete!
[MotorCortex DIAG] runGoal called: task=build_base steps=5 force=false busy=false
[Ayushi OS] 🧠 Executive Brain initiated task: build_base
[TaskRunner] Starting task with 5 steps...
[TaskRunner] Step 1/5: collect {"item":"oak_log","count":12}
[TaskRunner] Step 2/5: craft {"item":"oak_planks","count":16}
[TaskRunner] Step 2 (craft) failed: Missing resources to craft oak_planks. Need: oak_log: 1
[TaskRunner] Failed step 2 (craft): Missing resources to craft oak_planks. Need: oak_log: 1
[MotorCortex DIAG] runGoal called: task=avoid_hazard steps=2 force=false busy=false
[Ayushi OS] 🧠 Executive Brain initiated task: avoid_hazard
[TaskRunner] Starting task with 2 steps...
[TaskRunner] Step 1/2: go_surface {"destination":"surface"}
  [Skill] Found non-destructive path.
You have reached at 627, 69, 360.
Going to the surface at y=69.
[TaskRunner] Step 2/2: wait {"ms":2000}
  [Skill] Picked up 0 items.
Picked up 0 items.
[TaskRunner] Task complete!
[MotorCortex DIAG] runGoal called: task=build_base steps=5 force=false busy=false
[Ayushi OS] 🧠 Executive Brain initiated task: build_base
[TaskRunner] Starting task with 5 steps...
[TaskRunner] Step 1/5: collect {"item":"oak_log","count":12}
  [Skill] Picked up 0 items.
Picked up 0 items.
Picked up 0 items.
Picked up 0 items.
Picked up 0 items.
Picked up 0 items.
Picked up 0 items.
Picked up 0 items.
Picked up 0 items.
Picked up 0 items.
Picked up 0 items.
Collected 0 oak_log.
Picked up 0 items.
Picked up 0 items.
Picked up 0 items.
Picked up 0 items.
Picked up 0 items.
Picked up 0 items.
Path not found, but attempting to navigate anyway using destructive movements.
Picked up 1 items.
Collected 0 oak_log.
[TaskRunner] Step 2/5: craft {"item":"oak_planks","count":16}
[TaskRunner] Step 2 (craft) failed: Missing resources to craft oak_planks. Need: oak_log: 1
[TaskRunner] Failed step 2 (craft): Missing resources to craft oak_planks. Need: oak_log: 1
[MotorCortex DIAG] runGoal called: task=avoid_hazard steps=2 force=false busy=false
[Ayushi OS] 🧠 Executive Brain initiated task: avoid_hazard
[TaskRunner] Starting task with 2 steps...
[TaskRunner] Step 1/2: go_surface {"destination":"surface"}
  [Skill] Path not found, but attempting to navigate anyway using destructive movements.
Unable to reach 628, 76, 354, you are 7 blocks away.
Going to the surface at y=76.
[TaskRunner] Step 2/2: wait {"ms":2000}
[TaskRunner] Task complete!
[MotorCortex DIAG] runGoal called: task=build_base steps=5 force=false busy=false
[Ayushi OS] 🧠 Executive Brain initiated task: build_base
[TaskRunner] Starting task with 5 steps...
[TaskRunner] Step 1/5: collect {"item":"oak_log","count":12}
  [Skill] Found destructive path.
Found destructive path.
Failed to collect birch_log: GoalChanged: The goal was changed before it could be completed!.
Picked up 1 items.
Picked up 0 items.
Picked up 0 items.
Picked up 0 items.
Picked up 0 items.
Picked up 0 items.
Picked up 0 items.
Picked up 0 items.
Picked up 0 items.
Picked up 0 items.
Picked up 0 items.
Picked up 0 items.
Collected 0 oak_log.
[TaskRunner] Step 2/5: craft {"item":"oak_planks","count":16}
[TaskRunner] Step 2 (craft) failed: Missing resources to craft oak_planks. Need: oak_log: 1
[TaskRunner] Failed step 2 (craft): Missing resources to craft oak_planks. Need: oak_log: 1
[MotorCortex DIAG] runGoal called: task=avoid_hazard steps=2 force=false busy=false
[Ayushi OS] 🧠 Executive Brain initiated task: avoid_hazard
[TaskRunner] Starting task with 2 steps...
[TaskRunner] Step 1/2: go_surface {"destination":"surface"}
  [Skill] Found non-destructive path.
You have reached at 651, 72, 359.
Going to the surface at y=72.
[TaskRunner] Step 2/2: wait {"ms":2000}
[TaskRunner] Task complete!
[AyushiOS DIAG] tick=150 motorBusy=false taskRunnerBusy=false motorCtx=completed
[MotorCortex DIAG] runGoal called: task=build_base steps=5 force=false busy=false
[Ayushi OS] 🧠 Executive Brain initiated task: build_base
[TaskRunner] Starting task with 5 steps...
[TaskRunner] Step 1/5: collect {"item":"oak_log","count":12}
[TaskRunner] Step 1 (collect) failed: Cannot read properties of null (reading 'x')
[TaskRunner] Failed step 1 (collect): Cannot read properties of null (reading 'x')
[MotorCortex DIAG] runGoal called: task=avoid_hazard steps=2 force=false busy=false
[Ayushi OS] 🧠 Executive Brain initiated task: avoid_hazard
[TaskRunner] Starting task with 2 steps...
[TaskRunner] Step 1/2: go_surface {"destination":"surface"}
  [Skill] Found non-destructive path.
Failed to collect oak_log: GoalChanged: The goal was changed before it could be completed!.
You have reached at 652, 72, 357.
Going to the surface at y=72.
[TaskRunner] Step 2/2: wait {"ms":2000}
[TaskRunner] Task complete!
[Modes] Picking up item!
[MotorCortex DIAG] runGoal called: task=explore_unknown steps=2 force=false busy=false
[Ayushi OS] 🧠 Executive Brain initiated task: explore_unknown
[TaskRunner] Starting task with 2 steps...
[TaskRunner] Step 1/2: move_to {"x":662,"y":72,"z":371,"range":5}
[TaskRunner] Move retry 1/3 — attempting recovery...
  [Skill] s stopped before it could be completed! Thus, the desired goal was not reached..
Found non-destructive path.
You have reached at 662, 72, 371.
[TaskRunner] Step 2/2: wait {"ms":4000}
[TaskRunner] Task complete!
[MotorCortex DIAG] runGoal called: task=avoid_hazard steps=2 force=false busy=false
[Ayushi OS] 🧠 Executive Brain initiated task: avoid_hazard
[TaskRunner] Starting task with 2 steps...
[TaskRunner] Step 1/2: go_surface {"destination":"surface"}
  [Skill] Found non-destructive path.
You have reached at 658, 70, 371.
Going to the surface at y=70.
[TaskRunner] Step 2/2: wait {"ms":2000}
  [Skill] Picked up 0 items.
Picked up 0 items.
[TaskRunner] Task complete!
[MotorCortex DIAG] runGoal called: task=explore_unknown steps=2 force=false busy=false
[Ayushi OS] 🧠 Executive Brain initiated task: explore_unknown
[TaskRunner] Starting task with 2 steps...
[TaskRunner] Step 1/2: move_to {"x":673,"y":71,"z":381,"range":5}
[TaskRunner] Move retry 1/3 — attempting recovery...
[TaskRunner] Move retry 2/3 — attempting recovery...
[TaskRunner] Step 1 (move_to) failed: Failed to reach 673, 71, 381 after 3 attempts
[TaskRunner] Failed step 1 (move_to): Failed to reach 673, 71, 381 after 3 attempts
[MotorCortex DIAG] runGoal called: task=build_base steps=5 force=false busy=false
[Ayushi OS] 🧠 Executive Brain initiated task: build_base
[TaskRunner] Starting task with 5 steps...
[TaskRunner] Step 1/5: collect {"item":"oak_log","count":12}
  [Skill] Picked up 0 items.
Picked up 0 items.
Picked up 0 items.
Picked up 0 items.
Picked up 0 items.
Collected 0 oak_log.
Picked up 0 items.
Picked up 0 items.
Picked up 0 items.
Picked up 0 items.
Picked up 0 items.
Picked up 0 items.
Picked up 0 items.
Picked up 0 items.
Picked up 0 items.
Picked up 0 items.
Collected 0 oak_log.
[TaskRunner] Step 2/5: craft {"item":"oak_planks","count":16}
[TaskRunner] Step 2 (craft) failed: Missing resources to craft oak_planks. Need: oak_log: 1
[TaskRunner] Failed step 2 (craft): Missing resources to craft oak_planks. Need: oak_log: 1
[MotorCortex DIAG] runGoal called: task=avoid_hazard steps=2 force=false busy=false
[Ayushi OS] 🧠 Executive Brain initiated task: avoid_hazard
[TaskRunner] Starting task with 2 steps...
[TaskRunner] Step 1/2: go_surface {"destination":"surface"}
  [Skill] Found non-destructive path.
You have reached at 665, 72, 363.
Going to the surface at y=72.
[TaskRunner] Step 2/2: wait {"ms":2000}
  [Skill] Picked up 0 items.
Picked up 0 items.
[TaskRunner] Task complete!
[Modes] Hunting pig!
[MotorCortex DIAG] runGoal called: task=build_base steps=5 force=false busy=false
[Ayushi OS] 🧠 Executive Brain initiated task: build_base
[TaskRunner] Starting task with 5 steps...
[TaskRunner] Step 1/5: collect {"item":"oak_log","count":12}
  [Skill] Failed to collect oak_log: GoalChanged: The goal was changed before it could be completed!.
Found destructive path.
Picked up 0 items.
Found non-destructive path.
Picked up 0 items.
Found non-destructive path.
Found non-destructive path.
Picked up 2 items.
Picked up 0 items.
Picked up 0 items.
Picked up 0 items.
Picked up 0 items.
Picked up 0 items.
Picked up 0 items.
Picked up 0 items.
Path not found, but attempting to navigate anyway using destructive movements.
Picked up 1 items.
Picked up 0 items.
Collected 0 oak_log.
[TaskRunner] Step 2/5: craft {"item":"oak_planks","count":16}
[TaskRunner] Step 2 (craft) failed: Missing resources to craft oak_planks. Need: oak_log: 1
[TaskRunner] Failed step 2 (craft): Missing resources to craft oak_planks. Need: oak_log: 1
[MotorCortex DIAG] runGoal called: task=avoid_hazard steps=2 force=false busy=false
[Ayushi OS] 🧠 Executive Brain initiated task: avoid_hazard
[TaskRunner] Starting task with 2 steps...
[TaskRunner] Step 1/2: go_surface {"destination":"surface"}
  [Skill] Path not found, but attempting to navigate anyway using destructive movements.
Unable to reach 660, 75, 360, you are 3 blocks away.
Going to the surface at y=75.
[TaskRunner] Step 2/2: wait {"ms":2000}
[TaskRunner] Task complete!
[MotorCortex DIAG] runGoal called: task=build_base steps=5 force=false busy=false
[Ayushi OS] 🧠 Executive Brain initiated task: build_base
[TaskRunner] Starting task with 5 steps...
[TaskRunner] Step 1/5: collect {"item":"oak_log","count":12}
[TaskRunner] Step 1 (collect) failed: Cannot read properties of null (reading 'x')
[TaskRunner] Failed step 1 (collect): Cannot read properties of null (reading 'x')
[MotorCortex DIAG] runGoal called: task=explore_unknown steps=2 force=false busy=false
[Ayushi OS] 🧠 Executive Brain initiated task: explore_unknown
[TaskRunner] Starting task with 2 steps...
[TaskRunner] Step 1/2: move_to {"x":669,"y":71,"z":372,"range":5}
[TaskRunner] Move retry 1/3 — attempting recovery...
[TaskRunner] Step 2/2: wait {"ms":4000}
[TaskRunner] Task complete!
[MotorCortex DIAG] runGoal called: task=avoid_hazard steps=2 force=false busy=false
[Ayushi OS] 🧠 Executive Brain initiated task: avoid_hazard
[TaskRunner] Starting task with 2 steps...
[TaskRunner] Step 1/2: go_surface {"destination":"surface"}
  [Skill] Path not found, but attempting to navigate anyway using destructive movements.
Unable to reach 666, 72, 369, you are 1 blocks away.
Going to the surface at y=72.
[TaskRunner] Step 2/2: wait {"ms":2000}
  [Skill] Found non-destructive path.
Found non-destructive path.
[TaskRunner] Task complete!
[Modes] Picking up item!
[MotorCortex DIAG] runGoal called: task=explore_unknown steps=2 force=false busy=false
[Ayushi OS] 🧠 Executive Brain initiated task: explore_unknown
[TaskRunner] Starting task with 2 steps...
[TaskRunner] Step 1/2: move_to {"x":673,"y":70,"z":388,"range":5}
[TaskRunner] Move retry 1/3 — attempting recovery...
  [Skill] 73, 70, 388.
[TaskRunner] Step 2/2: wait {"ms":4000}
[TaskRunner] Task complete!
[MotorCortex DIAG] runGoal called: task=avoid_hazard steps=2 force=false busy=false
[Ayushi OS] 🧠 Executive Brain initiated task: avoid_hazard
[TaskRunner] Starting task with 2 steps...
[TaskRunner] Step 1/2: go_surface {"destination":"surface"}
  [Skill] Found non-destructive path.
You have reached at 670, 69, 385.
Going to the surface at y=69.
[TaskRunner] Step 2/2: wait {"ms":2000}
[TaskRunner] Task complete!
[Modes] Hunting pig!
[MotorCortex DIAG] runGoal called: task=explore_unknown steps=2 force=false busy=false
[Ayushi OS] 🧠 Executive Brain initiated task: explore_unknown
[TaskRunner] Starting task with 2 steps...
[TaskRunner] Step 1/2: move_to {"x":680,"y":69,"z":396,"range":5}
  [Skill] Found non-destructive path.
You have reached at 680, 69, 396.
[TaskRunner] Step 2/2: wait {"ms":4000}
[TaskRunner] Task complete!
[MotorCortex DIAG] runGoal called: task=build_base steps=5 force=false busy=false
[Ayushi OS] 🧠 Executive Brain initiated task: build_base
[TaskRunner] Starting task with 5 steps...
[TaskRunner] Step 1/5: collect {"item":"oak_log","count":12}
[TaskRunner] Step 2/5: craft {"item":"oak_planks","count":16}
[TaskRunner] Step 2 (craft) failed: Missing resources to craft oak_planks. Need: oak_log: 1
[TaskRunner] Failed step 2 (craft): Missing resources to craft oak_planks. Need: oak_log: 1
[Modes] Hunting cow!
[MotorCortex DIAG] runGoal called: task=avoid_hazard steps=2 force=false busy=false
[Ayushi OS] 🧠 Executive Brain initiated task: avoid_hazard
[TaskRunner] Starting task with 2 steps...
[TaskRunner] Step 1/2: go_surface {"destination":"surface"}
  [Skill] Found non-destructive path.
You have reached at 677, 65, 406.
Going to the surface at y=65.
[TaskRunner] Step 2/2: wait {"ms":2000}
[TaskRunner] Task complete!
[MotorCortex DIAG] runGoal called: task=build_base steps=5 force=false busy=false
[Ayushi OS] 🧠 Executive Brain initiated task: build_base
[TaskRunner] Starting task with 5 steps...
[TaskRunner] Step 1/5: collect {"item":"oak_log","count":12}
  [Skill] s.
Picked up 0 items.
Found non-destructive path.
Picked up 1 items.
Collected 0 oak_log.
[TaskRunner] Step 2/5: craft {"item":"oak_planks","count":16}
[TaskRunner] Step 2 (craft) failed: Missing resources to craft oak_planks. Need: oak_log: 1
[TaskRunner] Failed step 2 (craft): Missing resources to craft oak_planks. Need: oak_log: 1
Unpausing mode cowardice
Unpausing mode cowardice
[MotorCortex DIAG] runGoal called: task=avoid_hazard steps=2 force=false busy=false
[Ayushi OS] 🧠 Executive Brain initiated task: avoid_hazard
[TaskRunner] Starting task with 2 steps...
[TaskRunner] Step 1/2: go_surface {"destination":"surface"}
  [Skill] Found non-destructive path.
You have reached at 677, 66, 408.
Going to the surface at y=66.
[TaskRunner] Step 2/2: wait {"ms":2000}
[TaskRunner] Task complete!
Unpausing mode cowardice
[MotorCortex DIAG] runGoal called: task=build_base steps=5 force=false busy=false
[Ayushi OS] 🧠 Executive Brain initiated task: build_base
[TaskRunner] Starting task with 5 steps...
[TaskRunner] Step 1/5: collect {"item":"oak_log","count":12}
  [Skill] Picked up 0 items.
Picked up 0 items.
Picked up 0 items.
Picked up 0 items.
Picked up 0 items.
Picked up 0 items.
Picked up 0 items.
Picked up 0 items.
Picked up 0 items.
Picked up 0 items.
Picked up 0 items.
Picked up 0 items.
Collected 0 oak_log.
[TaskRunner] Step 2/5: craft {"item":"oak_planks","count":16}
[TaskRunner] Step 2 (craft) failed: Missing resources to craft oak_planks. Need: oak_log: 1
[TaskRunner] Failed step 2 (craft): Missing resources to craft oak_planks. Need: oak_log: 1
[MotorCortex DIAG] runGoal called: task=avoid_hazard steps=2 force=false busy=false
[Ayushi OS] 🧠 Executive Brain initiated task: avoid_hazard
[TaskRunner] Starting task with 2 steps...
[TaskRunner] Step 1/2: go_surface {"destination":"surface"}
  [Skill] Found non-destructive path.
You have reached at 680, 67, 410.
Going to the surface at y=67.
[TaskRunner] Step 2/2: wait {"ms":2000}
[TaskRunner] Task complete!
[Modes] Hunting cow!
[MotorCortex DIAG] runGoal called: task=build_base steps=5 force=false busy=false
[Ayushi OS] 🧠 Executive Brain initiated task: build_base
[TaskRunner] Starting task with 5 steps...
[TaskRunner] Step 1/5: collect {"item":"oak_log","count":12}
[ServerAnalyzer] === Server Analysis Summary ===
[ServerAnalyzer] Server: Unknown | Claims: factions | PvP: true
[ServerAnalyzer] Plugins: VotingPlugin(80%), WorldGuard(30%)
[ServerAnalyzer] Economy: unknown
[ServerAnalyzer] Commands discovered: 9
[ServerAnalyzer] Locations mapped: 5
[ServerAnalyzer] Dangers: 3
[ServerAnalyzer] Players tracked: 5
[ServerAnalyzer] Rules: 1
[ServerAnalyzer] ================================
  [Skill] Picked up 0 items.
Picked up 0 items.
Picked up 0 items.
Picked up 0 items.
Picked up 0 items.
Picked up 0 items.
Picked up 0 items.
Picked up 0 items.
Found non-destructive path.
Picked up 0 items.
Found non-destructive path.
Picked up 0 items.
Found non-destructive path.
Picked up 0 items.
Found non-destructive path.
Picked up 0 items.
Collected 0 oak_log.
[TaskRunner] Step 2/5: craft {"item":"oak_planks","count":16}
[TaskRunner] Step 2 (craft) failed: Missing resources to craft oak_planks. Need: oak_log: 1
[TaskRunner] Failed step 2 (craft): Missing resources to craft oak_planks. Need: oak_log: 1
[MotorCortex DIAG] runGoal called: task=avoid_hazard steps=2 force=false busy=false
[Ayushi OS] 🧠 Executive Brain initiated task: avoid_hazard
[TaskRunner] Starting task with 2 steps...
[TaskRunner] Step 1/2: go_surface {"destination":"surface"}
  [Skill] Found non-destructive path.
You have reached at 677, 67, 395.
Going to the surface at y=67.
[TaskRunner] Step 2/2: wait {"ms":2000}
[TaskRunner] Task complete!
[MotorCortex DIAG] runGoal called: task=build_base steps=5 force=false busy=false
[Ayushi OS] 🧠 Executive Brain initiated task: build_base
[TaskRunner] Starting task with 5 steps...
[TaskRunner] Step 1/5: collect {"item":"oak_log","count":12}
[TaskRunner] Step 1 (collect) failed: Cannot read properties of null (reading 'x')
[TaskRunner] Failed step 1 (collect): Cannot read properties of null (reading 'x')
[MotorCortex DIAG] runGoal called: task=explore_unknown steps=2 force=false busy=false
[Ayushi OS] 🧠 Executive Brain initiated task: explore_unknown
[TaskRunner] Starting task with 2 steps...
[TaskRunner] Step 1/2: move_to {"x":681,"y":67,"z":405,"range":5}
  [Skill] Found non-destructive path.
You have reached at 681, 67, 405.
[TaskRunner] Step 2/2: wait {"ms":4000}
[TaskRunner] Task complete!
[MotorCortex DIAG] runGoal called: task=avoid_hazard steps=2 force=false busy=false
[Ayushi OS] 🧠 Executive Brain initiated task: avoid_hazard
[TaskRunner] Starting task with 2 steps...
[TaskRunner] Step 1/2: go_surface {"destination":"surface"}
  [Skill] Path not found, but attempting to navigate anyway using destructive movements.
Unable to reach 680, 66, 402, you are 1 blocks away.
Going to the surface at y=66.
[TaskRunner] Step 2/2: wait {"ms":2000}
  [Skill] Found non-destructive path.
Found non-destructive path.
[TaskRunner] Task complete!
[MotorCortex DIAG] runGoal called: task=explore_unknown steps=2 force=false busy=false
[Ayushi OS] 🧠 Executive Brain initiated task: explore_unknown
[TaskRunner] Starting task with 2 steps...
[TaskRunner] Step 1/2: move_to {"x":688,"y":65,"z":416,"range":5}
[TaskRunner] Move retry 1/3 — attempting recovery...
[TaskRunner] Move retry 2/3 — attempting recovery...
[TaskRunner] Step 1 (move_to) failed: Failed to reach 688, 65, 416 after 3 attempts
[TaskRunner] Failed step 1 (move_to): Failed to reach 688, 65, 416 after 3 attempts
[MotorCortex DIAG] runGoal called: task=explore_unknown steps=2 force=false busy=false
[Ayushi OS] 🧠 Executive Brain initiated task: explore_unknown
[TaskRunner] Starting task with 2 steps...
[TaskRunner] Step 1/2: move_to {"x":680,"y":65,"z":417,"range":5}
[TaskRunner] Move retry 1/3 — attempting recovery...
[TaskRunner] Move retry 2/3 — attempting recovery...
[TaskRunner] Step 1 (move_to) failed: Failed to reach 680, 65, 417 after 3 attempts
[TaskRunner] Failed step 1 (move_to): Failed to reach 680, 65, 417 after 3 attempts
[MotorCortex DIAG] runGoal called: task=avoid_hazard steps=2 force=false busy=false
[Ayushi OS] 🧠 Executive Brain initiated task: avoid_hazard
[TaskRunner] Starting task with 2 steps...
[TaskRunner] Step 1/2: go_surface {"destination":"surface"}
  [Skill] Found non-destructive path.
Unable to reach 666, 66, 406, you are 1 blocks away.
Going to the surface at y=66.
[TaskRunner] Step 2/2: wait {"ms":2000}
  [Skill] Picked up 0 items.
[TaskRunner] Task complete!
[MotorCortex DIAG] runGoal called: task=explore_unknown steps=2 force=false busy=false
[Ayushi OS] 🧠 Executive Brain initiated task: explore_unknown
[TaskRunner] Starting task with 2 steps...
[TaskRunner] Step 1/2: move_to {"x":676,"y":68,"z":419,"range":5}
  [Skill] Found non-destructive path.
You have reached at 676, 68, 419.
[TaskRunner] Step 2/2: wait {"ms":4000}
[ServerAnalyzer] === Server Analysis Summary ===
[ServerAnalyzer] Server: Unknown | Claims: factions | PvP: true
[ServerAnalyzer] Plugins: VotingPlugin(80%), WorldGuard(30%)
[ServerAnalyzer] Economy: unknown
[ServerAnalyzer] Commands discovered: 9
[ServerAnalyzer] Locations mapped: 5
[ServerAnalyzer] Dangers: 3
[ServerAnalyzer] Players tracked: 5
[ServerAnalyzer] Rules: 1
[ServerAnalyzer] ================================
[TaskRunner] Task complete!
[Modes] Hunting cow!
[MotorCortex DIAG] runGoal called: task=build_base steps=5 force=false busy=false
[Ayushi OS] 🧠 Executive Brain initiated task: build_base
[TaskRunner] Starting task with 5 steps...
[TaskRunner] Step 1/5: collect {"item":"oak_log","count":12}
[SPINAL CORD] ⚠️ Reflex fired: SURFACE_FOR_AIR {}
[SPINAL CORD] ⚠️ Reflex fired: SURFACE_FOR_AIR {}
[SPINAL CORD] ⚠️ Reflex fired: SURFACE_FOR_AIR {}
[SPINAL CORD] ⚠️ Reflex fired: SURFACE_FOR_AIR {}
  [Skill] Picked up 0 items.
Picked up 0 items.
Picked up 0 items.
Picked up 0 items.
Picked up 0 items.
Picked up 0 items.
Picked up 0 items.
Picked up 0 items.
Picked up 0 items.
Picked up 0 items.
Picked up 0 items.
Picked up 0 items.
Collected 0 oak_log.
[TaskRunner] Step 2/5: craft {"item":"oak_planks","count":16}
[TaskRunner] Step 2 (craft) failed: Missing resources to craft oak_planks. Need: oak_log: 1
[TaskRunner] Failed step 2 (craft): Missing resources to craft oak_planks. Need: oak_log: 1
[MotorCortex DIAG] runGoal called: task=avoid_hazard steps=2 force=false busy=false
[Ayushi OS] 🧠 Executive Brain initiated task: avoid_hazard
[TaskRunner] Starting task with 2 steps...
[TaskRunner] Step 1/2: go_surface {"destination":"surface"}
  [Skill] Path not found, but attempting to navigate anyway using destructive movements.
Unable to reach 692, 73, 411, you are 9 blocks away.
Going to the surface at y=73.
[TaskRunner] Step 2/2: wait {"ms":2000}
[TaskRunner] Task complete!
[MotorCortex DIAG] runGoal called: task=build_base steps=5 force=false busy=false
[Ayushi OS] 🧠 Executive Brain initiated task: build_base
[TaskRunner] Starting task with 5 steps...
[TaskRunner] Step 1/5: collect {"item":"oak_log","count":12}
[ServerAnalyzer] === Server Analysis Summary ===
[ServerAnalyzer] Server: Unknown | Claims: factions | PvP: true
[ServerAnalyzer] Plugins: VotingPlugin(80%), WorldGuard(30%)
[ServerAnalyzer] Economy: unknown
[ServerAnalyzer] Commands discovered: 9
[ServerAnalyzer] Locations mapped: 5
[ServerAnalyzer] Dangers: 3
[ServerAnalyzer] Players tracked: 5
[ServerAnalyzer] Rules: 1
[ServerAnalyzer] ================================
[TaskRunner] Step 2/5: craft {"item":"oak_planks","count":16}
[TaskRunner] Step 2 (craft) failed: Missing resources to craft oak_planks. Need: oak_log: 1
[TaskRunner] Failed step 2 (craft): Missing resources to craft oak_planks. Need: oak_log: 1
[Modes] Hunting cow!
[MotorCortex DIAG] runGoal called: task=avoid_hazard steps=2 force=false busy=false
[Ayushi OS] 🧠 Executive Brain initiated task: avoid_hazard
[TaskRunner] Starting task with 2 steps...
[TaskRunner] Step 1/2: go_surface {"destination":"surface"}
  [Skill] Path not found, but attempting to navigate anyway using destructive movements.
Unable to reach 699, 74, 410, you are 6 blocks away.
Going to the surface at y=74.
[TaskRunner] Step 2/2: wait {"ms":2000}
[TaskRunner] Task complete!
[MotorCortex DIAG] runGoal called: task=explore_unknown steps=2 force=false busy=false
[Ayushi OS] 🧠 Executive Brain initiated task: explore_unknown
[TaskRunner] Starting task with 2 steps...
[TaskRunner] Step 1/2: move_to {"x":711,"y":68,"z":423,"range":5}
  [Skill] Found non-destructive path.
You have reached at 711, 68, 423.
[TaskRunner] Step 2/2: wait {"ms":4000}
[TaskRunner] Task complete!
[MotorCortex DIAG] runGoal called: task=avoid_hazard steps=2 force=false busy=false
[Ayushi OS] 🧠 Executive Brain initiated task: avoid_hazard
[TaskRunner] Starting task with 2 steps...
[TaskRunner] Step 1/2: go_surface {"destination":"surface"}
  [Skill] Path not found, but attempting to navigate anyway using destructive movements.
Unable to reach 707, 74, 421, you are 7 blocks away.
Going to the surface at y=74.
[TaskRunner] Step 2/2: wait {"ms":2000}
[TaskRunner] Task complete!
[MotorCortex DIAG] runGoal called: task=build_base steps=5 force=false busy=false
[Ayushi OS] 🧠 Executive Brain initiated task: build_base
[TaskRunner] Starting task with 5 steps...
[TaskRunner] Step 1/5: collect {"item":"oak_log","count":12}
[TaskRunner] Step 2/5: craft {"item":"oak_planks","count":16}
[TaskRunner] Step 2 (craft) failed: Missing resources to craft oak_planks. Need: oak_log: 1
[TaskRunner] Failed step 2 (craft): Missing resources to craft oak_planks. Need: oak_log: 1
[Modes] Hunting pig!
[MotorCortex DIAG] runGoal called: task=avoid_hazard steps=2 force=false busy=false
[Ayushi OS] 🧠 Executive Brain initiated task: avoid_hazard
[TaskRunner] Starting task with 2 steps...
[TaskRunner] Step 1/2: go_surface {"destination":"surface"}
  [Skill] Path not found, but attempting to navigate anyway using destructive movements.
You have reached at 708, 72, 419.
Going to the surface at y=72.
[TaskRunner] Step 2/2: wait {"ms":2000}
[TaskRunner] Task complete!
[MotorCortex DIAG] runGoal called: task=avoid_hazard steps=2 force=false busy=false
[Ayushi OS] 🧠 Executive Brain initiated task: avoid_hazard
[TaskRunner] Starting task with 2 steps...
[TaskRunner] Step 1/2: go_surface {"destination":"surface"}
  [Skill] Found non-destructive path.
You have reached at 708, 72, 419.
Going to the surface at y=72.
[TaskRunner] Step 2/2: wait {"ms":2000}
[TaskRunner] Task complete!
[MotorCortex DIAG] runGoal called: task=seek_safety steps=2 force=false busy=false
[Ayushi OS] 🧠 Executive Brain initiated task: seek_safety
[TaskRunner] Starting task with 2 steps...
[TaskRunner] Step 1/2: go_surface {"destination":"surface"}
  [Skill] Found non-destructive path.
You have reached at 708, 72, 419.
Going to the surface at y=72.
[TaskRunner] Step 2/2: wait {"ms":2000}
[TaskRunner] Task complete!
[MotorCortex DIAG] runGoal called: task=build_base steps=5 force=false busy=false
[Ayushi OS] 🧠 Executive Brain initiated task: build_base
[TaskRunner] Starting task with 5 steps...
[TaskRunner] Step 1/5: collect {"item":"oak_log","count":12}
  [Skill] Picked up 0 items.
Picked up 0 items.
Picked up 0 items.
Picked up 0 items.
Picked up 0 items.
Picked up 0 items.
Picked up 0 items.
Picked up 0 items.
Found non-destructive path.
Picked up 1 items.
Picked up 0 items.
Picked up 0 items.
Picked up 0 items.
Collected 0 oak_log.
[TaskRunner] Step 2/5: craft {"item":"oak_planks","count":16}
[TaskRunner] Step 2 (craft) failed: Missing resources to craft oak_planks. Need: oak_log: 1
[TaskRunner] Failed step 2 (craft): Missing resources to craft oak_planks. Need: oak_log: 1
[MotorCortex DIAG] runGoal called: task=avoid_hazard steps=2 force=false busy=false
[Ayushi OS] 🧠 Executive Brain initiated task: avoid_hazard
[TaskRunner] Starting task with 2 steps...
[TaskRunner] Step 1/2: go_surface {"destination":"surface"}
  [Skill] Path not found, but attempting to navigate anyway using destructive movements.
Unable to reach 718, 73, 413, you are 5 blocks away.
Going to the surface at y=73.
[TaskRunner] Step 2/2: wait {"ms":2000}
[TaskRunner] Task complete!
[MotorCortex DIAG] runGoal called: task=seek_safety steps=2 force=false busy=false
[Ayushi OS] 🧠 Executive Brain initiated task: seek_safety
[TaskRunner] Starting task with 2 steps...
[TaskRunner] Step 1/2: go_surface {"destination":"surface"}
  [Skill] Found non-destructive path.
You have reached at 722, 68, 411.
Going to the surface at y=68.
[TaskRunner] Step 2/2: wait {"ms":2000}
  [Skill] Successfully killed pig.
Found non-destructive path.
[TaskRunner] Task complete!
[MotorCortex DIAG] runGoal called: task=build_base steps=5 force=false busy=false
[Ayushi OS] 🧠 Executive Brain initiated task: build_base
[TaskRunner] Starting task with 5 steps...
[TaskRunner] Step 1/5: collect {"item":"oak_log","count":12}
[ServerAnalyzer] === Server Analysis Summary ===
[ServerAnalyzer] Server: Unknown | Claims: factions | PvP: true
[ServerAnalyzer] Plugins: VotingPlugin(80%), WorldGuard(30%)
[ServerAnalyzer] Economy: unknown
[ServerAnalyzer] Commands discovered: 9
[ServerAnalyzer] Locations mapped: 5
[ServerAnalyzer] Dangers: 3
[ServerAnalyzer] Players tracked: 5
[ServerAnalyzer] Rules: 1
[ServerAnalyzer] ================================
[defendSelf] chase follow: The goal was changed before it could be completed!
[defendSelf] chase follow: The goal was changed before it could be completed!
  [Skill] Picked up 0 items.
Picked up 0 items.
Collected 0 oak_log.
Picked up 0 items.
Picked up 0 items.
Picked up 0 items.
Picked up 0 items.
Picked up 0 items.
Collected 0 oak_log.
[TaskRunner] Step 2/5: craft {"item":"oak_planks","count":16}
[TaskRunner] Step 2 (craft) failed: Missing resources to craft oak_planks. Need: oak_log: 1
[TaskRunner] Failed step 2 (craft): Missing resources to craft oak_planks. Need: oak_log: 1
[MotorCortex DIAG] runGoal called: task=avoid_hazard steps=2 force=false busy=false
[Ayushi OS] 🧠 Executive Brain initiated task: avoid_hazard
[TaskRunner] Starting task with 2 steps...
[TaskRunner] Step 1/2: go_surface {"destination":"surface"}
  [Skill] Path not found, but attempting to navigate anyway using destructive movements.
Unable to reach 711, 73, 409, you are 5 blocks away.
Going to the surface at y=73.
[TaskRunner] Step 2/2: wait {"ms":2000}
[TaskRunner] Task complete!
[MotorCortex DIAG] runGoal called: task=seek_safety steps=2 force=false busy=false
[Ayushi OS] 🧠 Executive Brain initiated task: seek_safety
[TaskRunner] Starting task with 2 steps...
[TaskRunner] Step 1/2: go_surface {"destination":"surface"}
[defendSelf] chase follow: The goal was changed before it could be completed!
  [Skill] Path not found, but attempting to navigate anyway using destructive movements.
Pathfinding stopped: The goal was changed before it could be completed!.
Going to the surface at y=73.
[TaskRunner] Step 2/2: wait {"ms":2000}
[TaskRunner] Task complete!
[MotorCortex DIAG] runGoal called: task=eat steps=1 force=false busy=false
[Ayushi OS] 🧠 Executive Brain initiated task: eat
[TaskRunner] Starting task with 1 steps...
[TaskRunner] Step 1/1: eat {"minFoodLevel":20}
[TaskRunner] Food level 20/20, skipping eat.
[TaskRunner] Task complete!
[MotorCortex DIAG] runGoal called: task=idle steps=0 force=false busy=false
[MotorCortex DIAG] runGoal SKIPPED — no steps
[MotorCortex DIAG] runGoal called: task=build_base steps=5 force=false busy=false
[Ayushi OS] 🧠 Executive Brain initiated task: build_base
[TaskRunner] Starting task with 5 steps...
[TaskRunner] Step 1/5: collect {"item":"oak_log","count":12}
[defendSelf] chase follow: The goal was changed before it could be completed!
[TaskRunner] Step 1 (collect) failed: Cannot read properties of null (reading 'x')
[TaskRunner] Failed step 1 (collect): Cannot read properties of null (reading 'x')
[MotorCortex DIAG] runGoal called: task=idle steps=0 force=false busy=false
[MotorCortex DIAG] runGoal SKIPPED — no steps
[AyushiOS DIAG] tick=200 motorBusy=false taskRunnerBusy=false motorCtx=completed
[MotorCortex DIAG] runGoal called: task=avoid_hazard steps=2 force=false busy=false
[Ayushi OS] 🧠 Executive Brain initiated task: avoid_hazard
[TaskRunner] Starting task with 2 steps...
[TaskRunner] Step 1/2: go_surface {"destination":"surface"}
  [Skill] Found non-destructive path.
You have reached at 716, 67, 419.
Going to the surface at y=67.
[TaskRunner] Step 2/2: wait {"ms":2000}
[TaskRunner] Task complete!
[MotorCortex DIAG] runGoal called: task=seek_safety steps=2 force=false busy=false
[Ayushi OS] 🧠 Executive Brain initiated task: seek_safety
[TaskRunner] Starting task with 2 steps...
[TaskRunner] Step 1/2: go_surface {"destination":"surface"}
  [Skill] Path not found, but attempting to navigate anyway using destructive movements.
Unable to reach 721, 68, 421, you are 1 blocks away.
Going to the surface at y=68.
[TaskRunner] Step 2/2: wait {"ms":2000}
[TaskRunner] Task complete!
[MotorCortex DIAG] runGoal called: task=idle steps=0 force=false busy=false
[MotorCortex DIAG] runGoal SKIPPED — no steps
[MotorCortex DIAG] runGoal called: task=eat steps=1 force=false busy=false
[Ayushi OS] 🧠 Executive Brain initiated task: eat
[TaskRunner] Starting task with 1 steps...
[TaskRunner] Step 1/1: eat {"minFoodLevel":20}
[TaskRunner] Food level 20/20, skipping eat.
[TaskRunner] Task complete!
[MotorCortex DIAG] runGoal called: task=seek_safety steps=2 force=false busy=false
[Ayushi OS] 🧠 Executive Brain initiated task: seek_safety
[TaskRunner] Starting task with 2 steps...
[TaskRunner] Step 1/2: go_surface {"destination":"surface"}
  [Skill] Path not found, but attempting to navigate anyway using destructive movements.
Unable to reach 724, 72, 424, you are 5 blocks away.
Going to the surface at y=72.
[TaskRunner] Step 2/2: wait {"ms":2000}
[TaskRunner] Task complete!
[MotorCortex DIAG] runGoal called: task=avoid_hazard steps=2 force=false busy=false
[Ayushi OS] 🧠 Executive Brain initiated task: avoid_hazard
[TaskRunner] Starting task with 2 steps...
[TaskRunner] Step 1/2: go_surface {"destination":"surface"}
  [Skill] Path not found, but attempting to navigate anyway using destructive movements.
Unable to reach 724, 72, 424, you are 5 blocks away.
Going to the surface at y=72.
[TaskRunner] Step 2/2: wait {"ms":2000}
Unpausing mode cowardice
Unpausing mode self_defense
[TaskRunner] Task complete!
[MotorCortex DIAG] runGoal called: task=explore_unknown steps=2 force=false busy=false
[Ayushi OS] 🧠 Executive Brain initiated task: explore_unknown
[TaskRunner] Starting task with 2 steps...
[TaskRunner] Step 1/2: move_to {"x":736,"y":67,"z":436,"range":5}
[TaskRunner] Move retry 1/3 — attempting recovery...
[TaskRunner] Move retry 2/3 — attempting recovery...
[TaskRunner] Step 1 (move_to) failed: Failed to reach 736, 67, 436 after 3 attempts
[TaskRunner] Failed step 1 (move_to): Failed to reach 736, 67, 436 after 3 attempts
[MotorCortex DIAG] runGoal called: task=explore_unknown steps=2 force=false busy=false
[Ayushi OS] 🧠 Executive Brain initiated task: explore_unknown
[TaskRunner] Starting task with 2 steps...
[TaskRunner] Step 1/2: move_to {"x":740,"y":68,"z":439,"range":5}
[TaskRunner] Move retry 1/3 — attempting recovery...
[TaskRunner] Move retry 2/3 — attempting recovery...
[TaskRunner] Step 1 (move_to) failed: Failed to reach 740, 68, 439 after 3 attempts
[TaskRunner] Failed step 1 (move_to): Failed to reach 740, 68, 439 after 3 attempts
[MotorCortex DIAG] runGoal called: task=avoid_hazard steps=2 force=false busy=false
[Ayushi OS] 🧠 Executive Brain initiated task: avoid_hazard
[TaskRunner] Starting task with 2 steps...
[TaskRunner] Step 1/2: go_surface {"destination":"surface"}
  [Skill] Path not found, but attempting to navigate anyway using destructive movements.
Unable to reach 732, 74, 428, you are 6 blocks away.
Going to the surface at y=74.
[TaskRunner] Step 2/2: wait {"ms":2000}
[TaskRunner] Task complete!
[MotorCortex DIAG] runGoal called: task=build_base steps=5 force=false busy=false
[Ayushi OS] 🧠 Executive Brain initiated task: build_base
[TaskRunner] Starting task with 5 steps...
[TaskRunner] Step 1/5: collect {"item":"oak_log","count":12}
[ServerAnalyzer] === Server Analysis Summary ===
[ServerAnalyzer] Server: Unknown | Claims: factions | PvP: true
[ServerAnalyzer] Plugins: VotingPlugin(80%), WorldGuard(30%)
[ServerAnalyzer] Economy: unknown
[ServerAnalyzer] Commands discovered: 9
[ServerAnalyzer] Locations mapped: 5
[ServerAnalyzer] Dangers: 3
[ServerAnalyzer] Players tracked: 5
[ServerAnalyzer] Rules: 1
[ServerAnalyzer] ================================
  [Skill] Picked up 0 items.
Picked up 0 items.
Picked up 0 items.
Picked up 0 items.
Picked up 0 items.
Picked up 0 items.
Picked up 0 items.
Picked up 0 items.
Picked up 0 items.
Picked up 0 items.
Picked up 0 items.
Picked up 0 items.
Picked up 0 items.
Picked up 0 items.
Picked up 0 items.
Collected 0 oak_log.
Picked up 0 items.
Picked up 0 items.
Picked up 0 items.
Picked up 0 items.
Picked up 0 items.
Collected 0 oak_log.
[TaskRunner] Step 2/5: craft {"item":"oak_planks","count":16}
[TaskRunner] Step 2 (craft) failed: Missing resources to craft oak_planks. Need: oak_log: 1
[TaskRunner] Failed step 2 (craft): Missing resources to craft oak_planks. Need: oak_log: 1
[MotorCortex DIAG] runGoal called: task=avoid_hazard steps=2 force=false busy=false
[Ayushi OS] 🧠 Executive Brain initiated task: avoid_hazard
[TaskRunner] Starting task with 2 steps...
[TaskRunner] Step 1/2: go_surface {"destination":"surface"}
  [Skill] Found non-destructive path.
Unable to reach 726, 68, 419, you are 1 blocks away.
Going to the surface at y=68.
[TaskRunner] Step 2/2: wait {"ms":2000}
[TaskRunner] Task complete!
[MotorCortex DIAG] runGoal called: task=explore_unknown steps=2 force=false busy=false
[Ayushi OS] 🧠 Executive Brain initiated task: explore_unknown
[TaskRunner] Starting task with 2 steps...
[TaskRunner] Step 1/2: move_to {"x":740,"y":68,"z":432,"range":5}
[TaskRunner] Move retry 1/3 — attempting recovery...
[TaskRunner] Move retry 2/3 — attempting recovery...
[TaskRunner] Step 1 (move_to) failed: Failed to reach 740, 68, 432 after 3 attempts
[TaskRunner] Failed step 1 (move_to): Failed to reach 740, 68, 432 after 3 attempts
[MotorCortex DIAG] runGoal called: task=build_base steps=5 force=false busy=false
[Ayushi OS] 🧠 Executive Brain initiated task: build_base
[TaskRunner] Starting task with 5 steps...
[TaskRunner] Step 1/5: collect {"item":"oak_log","count":12}
[ServerAnalyzer] === Server Analysis Summary ===
[ServerAnalyzer] Server: Unknown | Claims: factions | PvP: true
[ServerAnalyzer] Plugins: VotingPlugin(80%), WorldGuard(30%)
[ServerAnalyzer] Economy: unknown
[ServerAnalyzer] Commands discovered: 9
[ServerAnalyzer] Locations mapped: 5
[ServerAnalyzer] Dangers: 3
[ServerAnalyzer] Players tracked: 5
[ServerAnalyzer] Rules: 1
[ServerAnalyzer] ================================
  [Skill] Picked up 0 items.
Picked up 0 items.
Picked up 0 items.
Picked up 0 items.
Picked up 0 items.
Picked up 0 items.
Picked up 0 items.
Picked up 0 items.
Picked up 0 items.
Collected 0 birch_log.
Picked up 0 items.
Picked up 0 items.
Picked up 0 items.
Found non-destructive path.
Found destructive path.
Picked up 2 items.
Picked up 0 items.
Found non-destructive path.
Found non-destructive path.
Found non-destructive path.
Found non-destructive path.
Picked up 3 items.
Found non-destructive path.
Found non-destructive path.
Found non-destructive path.
Found non-destructive path.
Picked up 4 items.
Found non-destructive path.
Found non-destructive path.
Found non-destructive path.
Found non-destructive path.
Picked up 3 items.
Collected 0 oak_log.
[TaskRunner] Step 2/5: craft {"item":"oak_planks","count":16}
[TaskRunner] Step 2 (craft) failed: Missing resources to craft oak_planks. Need: oak_log: 1
[TaskRunner] Failed step 2 (craft): Missing resources to craft oak_planks. Need: oak_log: 1
[MotorCortex DIAG] runGoal called: task=avoid_hazard steps=2 force=false busy=false
[Ayushi OS] 🧠 Executive Brain initiated task: avoid_hazard
[TaskRunner] Starting task with 2 steps...
[TaskRunner] Step 1/2: go_surface {"destination":"surface"}
  [Skill] Found non-destructive path.
You have reached at 699, 65, 412.
Going to the surface at y=65.
[TaskRunner] Step 2/2: wait {"ms":2000}
[TaskRunner] Task complete!
[MotorCortex DIAG] runGoal called: task=build_base steps=5 force=false busy=false
[Ayushi OS] 🧠 Executive Brain initiated task: build_base
[TaskRunner] Starting task with 5 steps...
[TaskRunner] Step 1/5: collect {"item":"oak_log","count":12}
[ServerAnalyzer] === Server Analysis Summary ===
[ServerAnalyzer] Server: Unknown | Claims: factions | PvP: true
[ServerAnalyzer] Plugins: VotingPlugin(80%), WorldGuard(30%)
[ServerAnalyzer] Economy: unknown
[ServerAnalyzer] Commands discovered: 9
[ServerAnalyzer] Locations mapped: 5
[ServerAnalyzer] Dangers: 3
[ServerAnalyzer] Players tracked: 5
[ServerAnalyzer] Rules: 1
[ServerAnalyzer] ================================
  [Skill] Found non-destructive path.
Found non-destructive path.
Failed to collect oak_log: GoalChanged: The goal was changed before it could be completed!.
Picked up 0 items.
Found non-destructive path.
Found non-destructive path.
Found non-destructive path.
Found non-destructive path.
Picked up 4 items.
Picked up 0 items.
Picked up 0 items.
Picked up 0 items.
Picked up 0 items.
Picked up 0 items.
Picked up 0 items.
Picked up 0 items.
Found non-destructive path.
Found non-destructive path.
Found non-destructive path.
Picked up 2 items.
Found non-destructive path.
Found non-destructive path.
Found non-destructive path.
Found non-destructive path.
Found non-destructive path.
Found non-destructive path.
Picked up 6 items.
Picked up 0 items.
Collected 0 oak_log.
[TaskRunner] Step 2/5: craft {"item":"oak_planks","count":16}
[TaskRunner] Step 2 (craft) failed: Missing resources to craft oak_planks. Need: oak_log: 1
[TaskRunner] Failed step 2 (craft): Missing resources to craft oak_planks. Need: oak_log: 1
[Modes] Hunting sheep!
[MotorCortex DIAG] runGoal called: task=avoid_hazard steps=2 force=false busy=false
[Ayushi OS] 🧠 Executive Brain initiated task: avoid_hazard
[TaskRunner] Starting task with 2 steps...
[TaskRunner] Step 1/2: go_surface {"destination":"surface"}
  [Skill] Found non-destructive path.
You have reached at 721, 68, 408.
Going to the surface at y=68.
[TaskRunner] Step 2/2: wait {"ms":2000}
[TaskRunner] Task complete!
[MotorCortex DIAG] runGoal called: task=build_base steps=5 force=false busy=false
[Ayushi OS] 🧠 Executive Brain initiated task: build_base
[TaskRunner] Starting task with 5 steps...
[TaskRunner] Step 1/5: collect {"item":"oak_log","count":12}
  [Skill] Picked up 0 items.
Picked up 0 items.
Picked up 0 items.
Picked up 0 items.
Picked up 0 items.
Picked up 0 items.
Picked up 0 items.
Picked up 0 items.
Picked up 0 items.
Picked up 0 items.
Picked up 0 items.
Picked up 0 items.
Collected 0 oak_log.
[TaskRunner] Step 2/5: craft {"item":"oak_planks","count":16}
[TaskRunner] Step 2 (craft) failed: Missing resources to craft oak_planks. Need: oak_log: 1
[TaskRunner] Failed step 2 (craft): Missing resources to craft oak_planks. Need: oak_log: 1
[MotorCortex DIAG] runGoal called: task=avoid_hazard steps=2 force=false busy=false
[Ayushi OS] 🧠 Executive Brain initiated task: avoid_hazard
[TaskRunner] Starting task with 2 steps...
[TaskRunner] Step 1/2: go_surface {"destination":"surface"}
  [Skill] Found destructive path.
You have reached at 727, 78, 410.
Going to the surface at y=78.
[TaskRunner] Step 2/2: wait {"ms":2000}
[TaskRunner] Task complete!
[MotorCortex DIAG] runGoal called: task=build_base steps=5 force=false busy=false
[Ayushi OS] 🧠 Executive Brain initiated task: build_base
[TaskRunner] Starting task with 5 steps...
[TaskRunner] Step 1/5: collect {"item":"oak_log","count":12}
[ServerAnalyzer] === Server Analysis Summary ===
[ServerAnalyzer] Server: Unknown | Claims: factions | PvP: true
[ServerAnalyzer] Plugins: VotingPlugin(80%), WorldGuard(30%)
[ServerAnalyzer] Economy: unknown
[ServerAnalyzer] Commands discovered: 9
[ServerAnalyzer] Locations mapped: 5
[ServerAnalyzer] Dangers: 3
[ServerAnalyzer] Players tracked: 5
[ServerAnalyzer] Rules: 1
[ServerAnalyzer] ================================
  [Skill] Picked up 0 items.
Picked up 0 items.
Picked up 0 items.
Picked up 0 items.
Picked up 0 items.
Picked up 0 items.
Picked up 0 items.
Picked up 0 items.
Picked up 0 items.
Picked up 0 items.
Found non-destructive path.
Failed to collect oak_log: PathStopped: Path was stopped before it could be completed! Thus, the desired goal was not reached..
Collected 0 oak_log.
[TaskRunner] Step 2/5: craft {"item":"oak_planks","count":16}
[TaskRunner] Step 2 (craft) failed: Missing resources to craft oak_planks. Need: oak_log: 1
[TaskRunner] Failed step 2 (craft): Missing resources to craft oak_planks. Need: oak_log: 1
[MotorCortex DIAG] runGoal called: task=avoid_hazard steps=2 force=false busy=false
[Ayushi OS] 🧠 Executive Brain initiated task: avoid_hazard
[TaskRunner] Starting task with 2 steps...
[TaskRunner] Step 1/2: go_surface {"destination":"surface"}
  [Skill] Path not found, but attempting to navigate anyway using destructive movements.
Unable to reach 741, 79, 403, you are 8 blocks away.
Going to the surface at y=79.
[TaskRunner] Step 2/2: wait {"ms":2000}
Unpausing mode cowardice
Unpausing mode self_defense
[TaskRunner] Task complete!
[Modes] Hunting sheep!
[MotorCortex DIAG] runGoal called: task=seek_safety steps=2 force=false busy=false
[Ayushi OS] 🧠 Executive Brain initiated task: seek_safety
[TaskRunner] Starting task with 2 steps...
[TaskRunner] Step 1/2: go_surface {"destination":"surface"}
  [Skill] Path not found, but attempting to navigate anyway using destructive movements.
You have reached at 740, 75, 409.
Going to the surface at y=75.
[TaskRunner] Step 2/2: wait {"ms":2000}
[TaskRunner] Task complete!
[MotorCortex DIAG] runGoal called: task=avoid_hazard steps=2 force=false busy=false
[Ayushi OS] 🧠 Executive Brain initiated task: avoid_hazard
[TaskRunner] Starting task with 2 steps...
[TaskRunner] Step 1/2: go_surface {"destination":"surface"}
  [Skill] Found non-destructive path.
You have reached at 740, 75, 409.
Going to the surface at y=75.
[TaskRunner] Step 2/2: wait {"ms":2000}
[TaskRunner] Task complete!
[MotorCortex DIAG] runGoal called: task=seek_safety steps=2 force=false busy=false
[Ayushi OS] 🧠 Executive Brain initiated task: seek_safety
[TaskRunner] Starting task with 2 steps...
[TaskRunner] Step 1/2: go_surface {"destination":"surface"}
  [Skill] Found non-destructive path.
You have reached at 740, 75, 409.
Going to the surface at y=75.
[TaskRunner] Step 2/2: wait {"ms":2000}
[TaskRunner] Task complete!
[MotorCortex DIAG] runGoal called: task=build_base steps=5 force=false busy=false
[Ayushi OS] 🧠 Executive Brain initiated task: build_base
[TaskRunner] Starting task with 5 steps...
[TaskRunner] Step 1/5: collect {"item":"oak_log","count":12}
[TaskRunner] Step 2/5: craft {"item":"oak_planks","count":16}
[TaskRunner] Step 2 (craft) failed: Missing resources to craft oak_planks. Need: oak_log: 1
[TaskRunner] Failed step 2 (craft): Missing resources to craft oak_planks. Need: oak_log: 1
[MotorCortex DIAG] runGoal called: task=avoid_hazard steps=2 force=false busy=false
[Ayushi OS] 🧠 Executive Brain initiated task: avoid_hazard
[TaskRunner] Starting task with 2 steps...
[TaskRunner] Step 1/2: go_surface {"destination":"surface"}
  [Skill] Path not found, but attempting to navigate anyway using destructive movements.
Unable to reach 738, 78, 404, you are 8 blocks away.
Going to the surface at y=78.
[TaskRunner] Step 2/2: wait {"ms":2000}
[TaskRunner] Task complete!
Unpausing mode cowardice
Unpausing mode self_defense
[Modes] Hunting sheep!
[Action] Skipping duplicate action "mode:self_defense" (executed 0.3s ago)
[MotorCortex DIAG] runGoal called: task=seek_safety steps=2 force=false busy=false
[Ayushi OS] 🧠 Executive Brain initiated task: seek_safety
[TaskRunner] Starting task with 2 steps...
[TaskRunner] Step 1/2: go_surface {"destination":"surface"}
  [Skill] Found non-destructive path.
You have reached at 742, 70, 411.
Going to the surface at y=70.
[TaskRunner] Step 2/2: wait {"ms":2000}
[Action] Skipping duplicate action "mode:self_defense" (executed 0.6s ago)
[ServerAnalyzer] === Server Analysis Summary ===
[ServerAnalyzer] Server: Unknown | Claims: factions | PvP: true
[ServerAnalyzer] Plugins: VotingPlugin(80%), WorldGuard(30%)
[ServerAnalyzer] Economy: unknown
[ServerAnalyzer] Commands discovered: 9
[ServerAnalyzer] Locations mapped: 5
[ServerAnalyzer] Dangers: 3
[ServerAnalyzer] Players tracked: 5
[ServerAnalyzer] Rules: 1
[ServerAnalyzer] ================================
[Action] Skipping duplicate action "mode:self_defense" (executed 1.0s ago)
[Action] Skipping duplicate action "mode:self_defense" (executed 1.3s ago)
[Action] Skipping duplicate action "mode:self_defense" (executed 1.6s ago)
[Action] Skipping duplicate action "mode:self_defense" (executed 1.9s ago)
[Action] Skipping duplicate action "mode:self_defense" (executed 2.2s ago)
[Action] Skipping duplicate action "mode:self_defense" (executed 2.5s ago)
[TaskRunner] Task complete!
[Action] Skipping duplicate action "mode:self_defense" (executed 2.8s ago)
[Action] Skipping duplicate action "mode:self_defense" (executed 3.1s ago)
[MotorCortex DIAG] runGoal called: task=eat steps=1 force=false busy=false
[Ayushi OS] 🧠 Executive Brain initiated task: eat
[TaskRunner] Starting task with 1 steps...
[TaskRunner] Step 1/1: eat {"minFoodLevel":20}
[TaskRunner] Food level 20/20, skipping eat.
[TaskRunner] Task complete!
[Action] Skipping duplicate action "mode:self_defense" (executed 3.6s ago)
[Action] Skipping duplicate action "mode:self_defense" (executed 3.9s ago)
[Action] Skipping duplicate action "mode:self_defense" (executed 4.2s ago)
[Action] Skipping duplicate action "mode:self_defense" (executed 4.5s ago)
[Action] Skipping duplicate action "mode:self_defense" (executed 4.8s ago)
[MotorCortex DIAG] runGoal called: task=idle steps=0 force=false busy=false
[MotorCortex DIAG] runGoal SKIPPED — no steps
[MotorCortex DIAG] runGoal called: task=idle steps=0 force=false busy=false
[MotorCortex DIAG] runGoal SKIPPED — no steps
[MotorCortex DIAG] runGoal called: task=idle steps=0 force=false busy=false
[MotorCortex DIAG] runGoal SKIPPED — no steps
[MotorCortex DIAG] runGoal called: task=avoid_hazard steps=2 force=false busy=false
[Ayushi OS] 🧠 Executive Brain initiated task: avoid_hazard
[TaskRunner] Starting task with 2 steps...
[TaskRunner] Step 1/2: go_surface {"destination":"surface"}
[defendSelf] chase follow: The goal was changed before it could be completed!
  [Skill] Found non-destructive path.
You have reached at 741, 70, 411.
Going to the surface at y=70.
[TaskRunner] Step 2/2: wait {"ms":2000}
[defendSelf] chase follow: The goal was changed before it could be completed!
  [Skill] Picked up 0 items.
Picked up 0 items.
Picked up 0 items.
[TaskRunner] Task complete!
[defendSelf] chase follow: The goal was changed before it could be completed!
[MotorCortex DIAG] runGoal called: task=seek_safety steps=2 force=false busy=false
[Ayushi OS] 🧠 Executive Brain initiated task: seek_safety
[TaskRunner] Starting task with 2 steps...
[TaskRunner] Step 1/2: go_surface {"destination":"surface"}
  [Skill] Path not found, but attempting to navigate anyway using destructive movements.
Unable to reach 739, 75, 410, you are 5 blocks away.
Going to the surface at y=75.
[TaskRunner] Step 2/2: wait {"ms":2000}
  [Skill] Picked up 0 items.
Picked up 0 items.
Collected 0 oak_log.
[TaskRunner] Task complete!
[MotorCortex DIAG] runGoal called: task=idle steps=0 force=false busy=false
[MotorCortex DIAG] runGoal SKIPPED — no steps
[MotorCortex DIAG] runGoal called: task=idle steps=0 force=false busy=false
[MotorCortex DIAG] runGoal SKIPPED — no steps
[MotorCortex DIAG] runGoal called: task=eat steps=1 force=false busy=false
[Ayushi OS] 🧠 Executive Brain initiated task: eat
[TaskRunner] Starting task with 1 steps...
[TaskRunner] Step 1/1: eat {"minFoodLevel":20}
[TaskRunner] Food level 20/20, skipping eat.
[TaskRunner] Task complete!
[MotorCortex DIAG] runGoal called: task=build_base steps=5 force=false busy=false
[Ayushi OS] 🧠 Executive Brain initiated task: build_base
[TaskRunner] Starting task with 5 steps...
[TaskRunner] Step 1/5: collect {"item":"oak_log","count":12}
[defendSelf] chase follow: The goal was changed before it could be completed!
[defendSelf] chase follow: The goal was changed before it could be completed!
[defendSelf] chase follow: The goal was changed before it could be completed!
[TaskRunner] Step 1 (collect) failed: Cannot read properties of null (reading 'x')
[TaskRunner] Failed step 1 (collect): Cannot read properties of null (reading 'x')
[MotorCortex DIAG] runGoal called: task=avoid_hazard steps=2 force=false busy=false
[Ayushi OS] 🧠 Executive Brain initiated task: avoid_hazard
[TaskRunner] Starting task with 2 steps...
[TaskRunner] Step 1/2: go_surface {"destination":"surface"}
[defendSelf] chase follow: The goal was changed before it could be completed!
  [Skill] Found non-destructive path.
You have reached at 732, 69, 413.
Going to the surface at y=69.
[TaskRunner] Step 2/2: wait {"ms":2000}
[TaskRunner] Task complete!
[MotorCortex DIAG] runGoal called: task=seek_safety steps=2 force=false busy=false
[Ayushi OS] 🧠 Executive Brain initiated task: seek_safety
[TaskRunner] Starting task with 2 steps...
[TaskRunner] Step 1/2: go_surface {"destination":"surface"}
[defendSelf] chase follow: The goal was changed before it could be completed!
  [Skill] Path not found, but attempting to navigate anyway using destructive movements.
Unable to reach 727, 70, 415, you are 1 blocks away.
Going to the surface at y=70.
[TaskRunner] Step 2/2: wait {"ms":2000}
[TaskRunner] Task complete!
[MotorCortex DIAG] runGoal called: task=idle steps=0 force=false busy=false
[MotorCortex DIAG] runGoal SKIPPED — no steps
[MotorCortex DIAG] runGoal called: task=idle steps=0 force=false busy=false
[MotorCortex DIAG] runGoal SKIPPED — no steps
[MotorCortex DIAG] runGoal called: task=eat steps=1 force=false busy=false
[Ayushi OS] 🧠 Executive Brain initiated task: eat
[TaskRunner] Starting task with 1 steps...
[TaskRunner] Step 1/1: eat {"minFoodLevel":20}
[TaskRunner] Food level 20/20, skipping eat.
[TaskRunner] Task complete!
[MotorCortex DIAG] runGoal called: task=idle steps=0 force=false busy=false
[MotorCortex DIAG] runGoal SKIPPED — no steps
[MotorCortex DIAG] runGoal called: task=avoid_hazard steps=2 force=false busy=false
[Ayushi OS] 🧠 Executive Brain initiated task: avoid_hazard
[TaskRunner] Starting task with 2 steps...
[TaskRunner] Step 1/2: go_surface {"destination":"surface"}
[defendSelf] chase follow: The goal was changed before it could be completed!
  [Skill] Path not found, but attempting to navigate anyway using destructive movements.
Unable to reach 714, 73, 417, you are 6 blocks away.
Going to the surface at y=73.
[TaskRunner] Step 2/2: wait {"ms":2000}
[TaskRunner] Task complete!
[MotorCortex DIAG] runGoal called: task=seek_safety steps=2 force=false busy=false
[Ayushi OS] 🧠 Executive Brain initiated task: seek_safety
[TaskRunner] Starting task with 2 steps...
[TaskRunner] Step 1/2: go_surface {"destination":"surface"}
  [Skill] Found non-destructive path.
You have reached at 711, 68, 413.
Going to the surface at y=68.
[TaskRunner] Step 2/2: wait {"ms":2000}
[TaskRunner] Task complete!
[MotorCortex DIAG] runGoal called: task=idle steps=0 force=false busy=false
[MotorCortex DIAG] runGoal SKIPPED — no steps
Unpausing mode cowardice
Unpausing mode self_defense
[Modes] Picking up item!
[MotorCortex DIAG] runGoal called: task=explore_unknown steps=2 force=false busy=false
[Ayushi OS] 🧠 Executive Brain initiated task: explore_unknown
[TaskRunner] Starting task with 2 steps...
[TaskRunner] Step 1/2: move_to {"x":724,"y":67,"z":431,"range":5}
[TaskRunner] Move retry 1/3 — attempting recovery...
  [Skill] s stopped before it could be completed! Thus, the desired goal was not reached..
Found non-destructive path.
You have reached at 724, 67, 431.
[TaskRunner] Step 2/2: wait {"ms":4000}
[TaskRunner] Task complete!
[MotorCortex DIAG] runGoal called: task=avoid_hazard steps=2 force=false busy=false
[Ayushi OS] 🧠 Executive Brain initiated task: avoid_hazard
[TaskRunner] Starting task with 2 steps...
[TaskRunner] Step 1/2: go_surface {"destination":"surface"}
  [Skill] Path not found, but attempting to navigate anyway using destructive movements.
Unable to reach 721, 72, 427, you are 5 blocks away.
Going to the surface at y=72.
[TaskRunner] Step 2/2: wait {"ms":2000}
[TaskRunner] Task complete!
[MotorCortex DIAG] runGoal called: task=build_base steps=5 force=false busy=false
[Ayushi OS] 🧠 Executive Brain initiated task: build_base
[TaskRunner] Starting task with 5 steps...
[TaskRunner] Step 1/5: collect {"item":"oak_log","count":12}
[ServerAnalyzer] === Server Analysis Summary ===
[ServerAnalyzer] Server: Unknown | Claims: factions | PvP: true
[ServerAnalyzer] Plugins: VotingPlugin(80%), WorldGuard(30%)
[ServerAnalyzer] Economy: unknown
[ServerAnalyzer] Commands discovered: 9
[ServerAnalyzer] Locations mapped: 5
[ServerAnalyzer] Dangers: 3
[ServerAnalyzer] Players tracked: 5
[ServerAnalyzer] Rules: 1
[ServerAnalyzer] ================================
  [Skill] Found non-destructive path.
Found non-destructive path.
Failed to collect oak_log: GoalChanged: The goal was changed before it could be completed!.
Found non-destructive path.
Picked up 2 items.
Picked up 0 items.
Picked up 0 items.
Picked up 0 items.
Found non-destructive path.
Picked up 1 items.
Picked up 0 items.
Picked up 0 items.
Picked up 0 items.
Path not found, but attempting to navigate anyway using destructive movements.
Picked up 1 items.
Picked up 0 items.
Picked up 0 items.
Picked up 0 items.
Collected 0 oak_log.
[TaskRunner] Step 2/5: craft {"item":"oak_planks","count":16}
[TaskRunner] Step 2 (craft) failed: Missing resources to craft oak_planks. Need: oak_log: 1
[TaskRunner] Failed step 2 (craft): Missing resources to craft oak_planks. Need: oak_log: 1
[MotorCortex DIAG] runGoal called: task=avoid_hazard steps=2 force=false busy=false
[Ayushi OS] 🧠 Executive Brain initiated task: avoid_hazard
[TaskRunner] Starting task with 2 steps...
[TaskRunner] Step 1/2: go_surface {"destination":"surface"}
  [Skill] Path not found, but attempting to navigate anyway using destructive movements.
Unable to reach 748, 75, 426, you are 4 blocks away.
Going to the surface at y=75.
[TaskRunner] Step 2/2: wait {"ms":2000}
[TaskRunner] Task complete!
[MotorCortex DIAG] runGoal called: task=seek_safety steps=2 force=false busy=false
[Ayushi OS] 🧠 Executive Brain initiated task: seek_safety
[TaskRunner] Starting task with 2 steps...
[TaskRunner] Step 1/2: go_surface {"destination":"surface"}
  [Skill] Found non-destructive path.
Picked up 0 items.
Pathfinding stopped: The goal was changed before it could be completed!.
Going to the surface at y=74.
[TaskRunner] Step 2/2: wait {"ms":2000}
  [Skill] Picked up 0 items.
[TaskRunner] Task complete!
[AyushiOS DIAG] tick=250 motorBusy=false taskRunnerBusy=false motorCtx=completed
[MotorCortex DIAG] runGoal called: task=build_base steps=5 force=false busy=false
[Ayushi OS] 🧠 Executive Brain initiated task: build_base
[TaskRunner] Starting task with 5 steps...
[TaskRunner] Step 1/5: collect {"item":"oak_log","count":12}
[ServerAnalyzer] === Server Analysis Summary ===
[ServerAnalyzer] Server: Unknown | Claims: factions | PvP: true
[ServerAnalyzer] Plugins: VotingPlugin(80%), WorldGuard(30%)
[ServerAnalyzer] Economy: unknown
[ServerAnalyzer] Commands discovered: 9
[ServerAnalyzer] Locations mapped: 5
[ServerAnalyzer] Dangers: 3
[ServerAnalyzer] Players tracked: 5
[ServerAnalyzer] Rules: 1
[ServerAnalyzer] ================================
[TaskRunner] Step 1 (collect) failed: Cannot read properties of null (reading 'x')
[TaskRunner] Failed step 1 (collect): Cannot read properties of null (reading 'x')
[MotorCortex DIAG] runGoal called: task=eat steps=1 force=false busy=false
[Ayushi OS] 🧠 Executive Brain initiated task: eat
[TaskRunner] Starting task with 1 steps...
[TaskRunner] Step 1/1: eat {"minFoodLevel":20}
[TaskRunner] Food level 20/20, skipping eat.
[TaskRunner] Task complete!
[MotorCortex DIAG] runGoal called: task=idle steps=0 force=false busy=false
[MotorCortex DIAG] runGoal SKIPPED — no steps
[MotorCortex DIAG] runGoal called: task=avoid_hazard steps=2 force=false busy=false
[Ayushi OS] 🧠 Executive Brain initiated task: avoid_hazard
[TaskRunner] Starting task with 2 steps...
[TaskRunner] Step 1/2: go_surface {"destination":"surface"}
  [Skill] Found non-destructive path.
Picked up 0 items.
Collected 0 oak_log.
You have reached at 745, 75, 418.
Going to the surface at y=75.
[TaskRunner] Step 2/2: wait {"ms":2000}
[TaskRunner] Task complete!
[MotorCortex DIAG] runGoal called: task=seek_safety steps=2 force=false busy=false
[Ayushi OS] 🧠 Executive Brain initiated task: seek_safety
[TaskRunner] Starting task with 2 steps...
[TaskRunner] Step 1/2: go_surface {"destination":"surface"}
  [Skill] Found non-destructive path.
You have reached at 745, 75, 418.
Going to the surface at y=75.
[TaskRunner] Step 2/2: wait {"ms":2000}
  [Skill] Picked up 0 items.
[TaskRunner] Task complete!
[MotorCortex DIAG] runGoal called: task=avoid_hazard steps=2 force=false busy=false
[Ayushi OS] 🧠 Executive Brain initiated task: avoid_hazard
[TaskRunner] Starting task with 2 steps...
[TaskRunner] Step 1/2: go_surface {"destination":"surface"}
  [Skill] Found non-destructive path.
You have reached at 749, 76, 420.
Going to the surface at y=76.
[TaskRunner] Step 2/2: wait {"ms":2000}
  [Skill] Picked up 0 items.
Picked up 0 items.
[TaskRunner] Task complete!
[MotorCortex DIAG] runGoal called: task=eat steps=1 force=false busy=false
[Ayushi OS] 🧠 Executive Brain initiated task: eat
[TaskRunner] Starting task with 1 steps...
[TaskRunner] Step 1/1: eat {"minFoodLevel":20}
[TaskRunner] Food level 20/20, skipping eat.
[TaskRunner] Task complete!
[MotorCortex DIAG] runGoal called: task=seek_safety steps=2 force=false busy=false
[Ayushi OS] 🧠 Executive Brain initiated task: seek_safety
[TaskRunner] Starting task with 2 steps...
[TaskRunner] Step 1/2: go_surface {"destination":"surface"}
  [Skill] Found non-destructive path.
Picked up 0 items.
Pathfinding stopped: The goal was changed before it could be completed!.
Going to the surface at y=78.
[TaskRunner] Step 2/2: wait {"ms":2000}
[TaskRunner] Task complete!
[MotorCortex DIAG] runGoal called: task=idle steps=0 force=false busy=false
[MotorCortex DIAG] runGoal SKIPPED — no steps
[MotorCortex DIAG] runGoal called: task=idle steps=0 force=false busy=false
[MotorCortex DIAG] runGoal SKIPPED — no steps
[Modes] Picking up item!
[MotorCortex DIAG] runGoal called: task=build_base steps=5 force=false busy=false
[Ayushi OS] 🧠 Executive Brain initiated task: build_base
[TaskRunner] Starting task with 5 steps...
[TaskRunner] Step 1/5: collect {"item":"oak_log","count":12}
[ServerAnalyzer] === Server Analysis Summary ===
[ServerAnalyzer] Server: Unknown | Claims: factions | PvP: true
[ServerAnalyzer] Plugins: VotingPlugin(80%), WorldGuard(30%)
[ServerAnalyzer] Economy: unknown
[ServerAnalyzer] Commands discovered: 9
[ServerAnalyzer] Locations mapped: 5
[ServerAnalyzer] Dangers: 3
[ServerAnalyzer] Players tracked: 5
[ServerAnalyzer] Rules: 1
[ServerAnalyzer] ================================
Client connected
[TaskRunner] Step 1 (collect) failed: Cannot read properties of null (reading 'x')
[TaskRunner] Failed step 1 (collect): Cannot read properties of null (reading 'x')
[MotorCortex DIAG] runGoal called: task=avoid_hazard steps=2 force=false busy=false
[Ayushi OS] 🧠 Executive Brain initiated task: avoid_hazard
[TaskRunner] Starting task with 2 steps...
[TaskRunner] Step 1/2: go_surface {"destination":"surface"}
  [Skill] Path not found, but attempting to navigate anyway using destructive movements.
Path not found, but attempting to navigate anyway using destructive movements.
Pathfinding stopped: The goal was changed before it could be completed!.
Going to the surface at y=72.
[TaskRunner] Step 2/2: wait {"ms":2000}
Client connected
ayushi_ds_2026 updating available agents
  [Skill] Picked up 0 items.
Picked up 0 items.
[TaskRunner] Task complete!
[Modes] Hunting sheep!
Disconnected: {"type":"compound","value":{"translate":{"type":"string","value":"multiplayer.disconnect.duplicate_login"}}}
[LoginGuard] Name Conflict: The name is already in use or you are already logged in.
[Agent] Disconnected — restarting for auto-reconnect.
ayushi_ds_2026 updating available agents
[MotorCortex DIAG] runGoal called: task=seek_safety steps=2 force=false busy=false
[Ayushi OS] 🧠 Executive Brain initiated task: seek_safety
[TaskRunner] Starting task with 2 steps...
[TaskRunner] Step 1/2: go_surface {"destination":"surface"}
Agent ayushi_ds_2026 disconnected
Agent process exited with code 1 and signal null
Restart #8 — waiting 19.7s before reconnecting...
Restarting agent...
Failed to load model module: cerebras.js Cannot find package '@cerebras/cerebras_cloud_sdk' imported from C:\Users\updes\mindcraft\src\models\cerebras.js
Failed to load model module: claude.js Cannot find package '@anthropic-ai/sdk' imported from C:\Users\updes\mindcraft\src\models\claude.js
Failed to load model module: gemini.js Cannot find package '@google/genai' imported from C:\Users\updes\mindcraft\src\models\gemini.js
Failed to load model module: groq.js Cannot find package 'groq-sdk' imported from C:\Users\updes\mindcraft\src\models\groq.js
Failed to load model module: huggingface.js Cannot find package '@huggingface/inference' imported from C:\Users\updes\mindcraft\src\models\huggingface.js
Failed to load model module: mistral.js Cannot find package '@mistralai/mistralai' imported from C:\Users\updes\mindcraft\src\models\mistral.js
Failed to load model module: replicate.js Cannot find package 'replicate' imported from C:\Users\updes\mindcraft\src\models\replicate.js
Connecting to MindServer
Client connected
ayushi_ds_2026 connected to MindServer
Starting agent
Initializing agent ayushi_ds_2026...
[BTMemory] Loaded from ./bots/ayushi_ds_2026/bt_memory.json
Examples initialized.
No task.
ayushi_ds_2026 logging into minecraft...
[AuthHandler] Offline mode — skipping auth for ayushi_ds_2026.
ayushi_ds_2026 updating available agents
Agent ayushi_ds_2026 disconnected
ayushi_ds_2026 logged in!
Initializing vision intepreter...
[ServerAnalyzer] [CMD] Passive mode — observe only, no probing.
[ServerAnalyzer] Starting server analysis...
[ServerAnalyzer] [CMD] Skipping active discovery (passive mode).
ayushi_ds_2026 updating available agents
ayushi_ds_2026 updating available agents
ayushi_ds_2026 spawned.
[Connection] Bot spawned.
[Connection] State: unknown -> proxy
[Connection] Classifying world...
[ServerAnalyzer] Boot phase 1: Chat listeners active

########################################################
##         RUNTIME ENVIRONMENT REPORT (INITIAL)       ##
########################################################

########################################################
##               RUNTIME ENVIRONMENT REPORT           ##
########################################################

=== [DEBUG: PLAYER HOTBAR] ===
    Hotbar #0 (Slot 36): Stick (stick) x64
    Hotbar #1 (Slot 37): Bone (bone) x9
    Hotbar #2 (Slot 38): Spider Eye (spider_eye) x3
    Hotbar #3 (Slot 39): Oak Sapling (oak_sapling) x64
    Hotbar #4 (Slot 40): Leaf Litter (leaf_litter) x64
    Hotbar #5 (Slot 41): Gunpowder (gunpowder) x2
    Hotbar #6 (Slot 42): Rotten Flesh (rotten_flesh) x1
    Hotbar #7 (Slot 43): Raw Salmon (salmon) x5
    Hotbar #8 (Slot 44): Arrow (arrow) x5
==============================


=== [DEBUG: SCOREBOARD] ===
=============================


=== [DEBUG: ACTIVE BOSSBARS] ===
No active bossbars.

=== [DEBUG: NEARBY ENTITIES / NPCs] ===
  - [PLAYER] ayushi_ds_2026 | Dist: 0.0m | Pos: (726, 69, 409)
========================================


=== [DEBUG: CURRENT OPEN WINDOW] ===
No active Container UI / Chest window open.
########################################################

########################################################

[WorldDetector] Classifying world (attempt 1)...
[WorldDetector] World classified as: survival (confidence: 20%, scoreboard: "none", gamemode: creative)
[Connection] Initial classification: survival (confidence: 20%)
[Connection] State: proxy -> survival
[Connection] Connected to survival world!
[Agent] Connection ready: world=survival, server=unknown
[ServerCapabilities] Detecting server capabilities...
[ServerCapabilities] Detected: break=true, compass=false, npcs=false, gui=undefined
[TaskQueue] Loaded 0 pending tasks from disk
[Agent] Already in survival (gameMode=creative, state=survival) — proceeding directly
Client connected
Disconnected: {"type":"compound","value":{"translate":{"type":"string","value":"multiplayer.disconnect.duplicate_login"}}}
[LoginGuard] Name Conflict: The name is already in use or you are already logged in.
[Agent] Disconnected — restarting for auto-reconnect.
ayushi_ds_2026 updating available agents
ayushi_ds_2026 updating available agents
Agent ayushi_ds_2026 disconnected
Agent process exited with code 1 and signal null
Restart #9 — waiting 19.1s before reconnecting...
Restarting agent...
Failed to load model module: cerebras.js Cannot find package '@cerebras/cerebras_cloud_sdk' imported from C:\Users\updes\mindcraft\src\models\cerebras.js
Failed to load model module: claude.js Cannot find package '@anthropic-ai/sdk' imported from C:\Users\updes\mindcraft\src\models\claude.js
Failed to load model module: gemini.js Cannot find package '@google/genai' imported from C:\Users\updes\mindcraft\src\models\gemini.js
Failed to load model module: groq.js Cannot find package 'groq-sdk' imported from C:\Users\updes\mindcraft\src\models\groq.js
Failed to load model module: huggingface.js Cannot find package '@huggingface/inference' imported from C:\Users\updes\mindcraft\src\models\huggingface.js
Failed to load model module: mistral.js Cannot find package '@mistralai/mistralai' imported from C:\Users\updes\mindcraft\src\models\mistral.js
Failed to load model module: replicate.js Cannot find package 'replicate' imported from C:\Users\updes\mindcraft\src\models\replicate.js
Connecting to MindServer
Client connected
ayushi_ds_2026 connected to MindServer
Starting agent
Initializing agent ayushi_ds_2026...
[BTMemory] Loaded from ./bots/ayushi_ds_2026/bt_memory.json
Examples initialized.
No task.
ayushi_ds_2026 logging into minecraft...
[AuthHandler] Offline mode — skipping auth for ayushi_ds_2026.
ayushi_ds_2026 updating available agents
ayushi_ds_2026 logged in!
Initializing vision intepreter...
[ServerAnalyzer] [CMD] Passive mode — observe only, no probing.
[ServerAnalyzer] Starting server analysis...
[ServerAnalyzer] [CMD] Skipping active discovery (passive mode).
ayushi_ds_2026 updating available agents
Agent ayushi_ds_2026 disconnected
ayushi_ds_2026 updating available agents
ayushi_ds_2026 spawned.
[Connection] Bot spawned.
[Connection] State: unknown -> proxy
[Connection] Classifying world...
[ServerAnalyzer] Boot phase 1: Chat listeners active

########################################################
##         RUNTIME ENVIRONMENT REPORT (INITIAL)       ##
########################################################

########################################################
##               RUNTIME ENVIRONMENT REPORT           ##
########################################################

=== [DEBUG: PLAYER HOTBAR] ===
    Hotbar #0 (Slot 36): Stick (stick) x64
    Hotbar #1 (Slot 37): Bone (bone) x9
    Hotbar #2 (Slot 38): Spider Eye (spider_eye) x3
    Hotbar #3 (Slot 39): Oak Sapling (oak_sapling) x64
    Hotbar #4 (Slot 40): Leaf Litter (leaf_litter) x64
    Hotbar #5 (Slot 41): Gunpowder (gunpowder) x2
    Hotbar #6 (Slot 42): Rotten Flesh (rotten_flesh) x1
    Hotbar #7 (Slot 43): Raw Salmon (salmon) x5
    Hotbar #8 (Slot 44): Arrow (arrow) x5
==============================


=== [DEBUG: SCOREBOARD] ===
=============================


=== [DEBUG: ACTIVE BOSSBARS] ===
No active bossbars.

=== [DEBUG: NEARBY ENTITIES / NPCs] ===
  - [PLAYER] ayushi_ds_2026 | Dist: 0.0m | Pos: (726, 69, 405)
========================================


=== [DEBUG: CURRENT OPEN WINDOW] ===
No active Container UI / Chest window open.
########################################################

########################################################

[WorldDetector] Classifying world (attempt 1)...
[WorldDetector] World classified as: survival (confidence: 20%, scoreboard: "none", gamemode: creative)
[Connection] Initial classification: survival (confidence: 20%)
[Connection] State: proxy -> survival
[Connection] Connected to survival world!
[Agent] Connection ready: world=survival, server=unknown
[ServerCapabilities] Detecting server capabilities...
[ServerCapabilities] Detected: break=true, compass=false, npcs=false, gui=undefined
[TaskQueue] Loaded 0 pending tasks from disk
[Agent] Already in survival (gameMode=creative, state=survival) — proceeding directly
Client connected
ayushi_ds_2026 updating available agents
Disconnected: {"type":"compound","value":{"translate":{"type":"string","value":"multiplayer.disconnect.duplicate_login"}}}
[LoginGuard] Name Conflict: The name is already in use or you are already logged in.
[Agent] Disconnected — restarting for auto-reconnect.
ayushi_ds_2026 updating available agents
[ServerAnalyzer] Boot phase 2: Command discovery running
[Agent] At (728, 69, 408). Trying to join survival via commands...
Agent ayushi_ds_2026 disconnected
Agent process exited with code 1 and signal null
Restart #10 — waiting 22.8s before reconnecting...
Restarting agent...
Failed to load model module: cerebras.js Cannot find package '@cerebras/cerebras_cloud_sdk' imported from C:\Users\updes\mindcraft\src\models\cerebras.js
Failed to load model module: claude.js Cannot find package '@anthropic-ai/sdk' imported from C:\Users\updes\mindcraft\src\models\claude.js
Failed to load model module: gemini.js Cannot find package '@google/genai' imported from C:\Users\updes\mindcraft\src\models\gemini.js
Failed to load model module: groq.js Cannot find package 'groq-sdk' imported from C:\Users\updes\mindcraft\src\models\groq.js
Failed to load model module: huggingface.js Cannot find package '@huggingface/inference' imported from C:\Users\updes\mindcraft\src\models\huggingface.js
Failed to load model module: mistral.js Cannot find package '@mistralai/mistralai' imported from C:\Users\updes\mindcraft\src\models\mistral.js
Failed to load model module: replicate.js Cannot find package 'replicate' imported from C:\Users\updes\mindcraft\src\models\replicate.js
Connecting to MindServer
Client connected
ayushi_ds_2026 connected to MindServer
Starting agent
Initializing agent ayushi_ds_2026...
[BTMemory] Loaded from ./bots/ayushi_ds_2026/bt_memory.json
Examples initialized.
No task.
ayushi_ds_2026 logging into minecraft...
[AuthHandler] Offline mode — skipping auth for ayushi_ds_2026.
ayushi_ds_2026 updating available agents
ayushi_ds_2026 logged in!
Initializing vision intepreter...
[ServerAnalyzer] [CMD] Passive mode — observe only, no probing.
[ServerAnalyzer] Starting server analysis...
[ServerAnalyzer] [CMD] Skipping active discovery (passive mode).
ayushi_ds_2026 updating available agents
Agent ayushi_ds_2026 disconnected
ayushi_ds_2026 updating available agents
ayushi_ds_2026 spawned.
[Connection] Bot spawned.
[Connection] State: unknown -> proxy
[Connection] Classifying world...
[ServerAnalyzer] Boot phase 1: Chat listeners active

########################################################
##         RUNTIME ENVIRONMENT REPORT (INITIAL)       ##
########################################################

########################################################
##               RUNTIME ENVIRONMENT REPORT           ##
########################################################

=== [DEBUG: PLAYER HOTBAR] ===
    Hotbar #0 (Slot 36): Stick (stick) x64
    Hotbar #1 (Slot 37): Bone (bone) x9
    Hotbar #2 (Slot 38): Spider Eye (spider_eye) x3
    Hotbar #3 (Slot 39): Oak Sapling (oak_sapling) x64
    Hotbar #4 (Slot 40): Leaf Litter (leaf_litter) x64
    Hotbar #5 (Slot 41): Gunpowder (gunpowder) x2
    Hotbar #6 (Slot 42): Rotten Flesh (rotten_flesh) x1
    Hotbar #7 (Slot 43): Raw Salmon (salmon) x5
    Hotbar #8 (Slot 44): Arrow (arrow) x5
==============================


=== [DEBUG: SCOREBOARD] ===
=============================


=== [DEBUG: ACTIVE BOSSBARS] ===
No active bossbars.

=== [DEBUG: NEARBY ENTITIES / NPCs] ===
  - [PLAYER] ayushi_ds_2026 | Dist: 0.0m | Pos: (728, 69, 408)
========================================


=== [DEBUG: CURRENT OPEN WINDOW] ===
No active Container UI / Chest window open.
########################################################

########################################################

[WorldDetector] Classifying world (attempt 1)...
[WorldDetector] World classified as: survival (confidence: 20%, scoreboard: "none", gamemode: creative)
[Connection] Initial classification: survival (confidence: 20%)
[Connection] State: proxy -> survival
[Connection] Connected to survival world!
[Agent] Connection ready: world=survival, server=unknown
[ServerCapabilities] Detecting server capabilities...
[ServerCapabilities] Detected: break=true, compass=false, npcs=false, gui=undefined
[TaskQueue] Loaded 0 pending tasks from disk
[Agent] Already in survival (gameMode=creative, state=survival) — proceeding directly
Client connected
ayushi_ds_2026 updating available agents
Disconnected: {"type":"compound","value":{"translate":{"type":"string","value":"multiplayer.disconnect.duplicate_login"}}}
[LoginGuard] Name Conflict: The name is already in use or you are already logged in.
[Agent] Disconnected — restarting for auto-reconnect.
Agent ayushi_ds_2026 disconnected
Agent process exited with code 1 and signal null
Restart #11 — waiting 24.5s before reconnecting...
Restarting agent...
Failed to load model module: cerebras.js Cannot find package '@cerebras/cerebras_cloud_sdk' imported from C:\Users\updes\mindcraft\src\models\cerebras.js
Failed to load model module: claude.js Cannot find package '@anthropic-ai/sdk' imported from C:\Users\updes\mindcraft\src\models\claude.js
Failed to load model module: gemini.js Cannot find package '@google/genai' imported from C:\Users\updes\mindcraft\src\models\gemini.js
Failed to load model module: groq.js Cannot find package 'groq-sdk' imported from C:\Users\updes\mindcraft\src\models\groq.js
Failed to load model module: huggingface.js Cannot find package '@huggingface/inference' imported from C:\Users\updes\mindcraft\src\models\huggingface.js
Failed to load model module: mistral.js Cannot find package '@mistralai/mistralai' imported from C:\Users\updes\mindcraft\src\models\mistral.js
Failed to load model module: replicate.js Cannot find package 'replicate' imported from C:\Users\updes\mindcraft\src\models\replicate.js
Connecting to MindServer
Client connected
ayushi_ds_2026 connected to MindServer
Starting agent
Initializing agent ayushi_ds_2026...
[BTMemory] Loaded from ./bots/ayushi_ds_2026/bt_memory.json
Examples initialized.
No task.
ayushi_ds_2026 logging into minecraft...
[AuthHandler] Offline mode — skipping auth for ayushi_ds_2026.
ayushi_ds_2026 updating available agents
Agent ayushi_ds_2026 disconnected
ayushi_ds_2026 logged in!
Initializing vision intepreter...
[ServerAnalyzer] [CMD] Passive mode — observe only, no probing.
[ServerAnalyzer] Starting server analysis...
[ServerAnalyzer] [CMD] Skipping active discovery (passive mode).
ayushi_ds_2026 updating available agents
ayushi_ds_2026 updating available agents
ayushi_ds_2026 spawned.
[Connection] Bot spawned.
[Connection] State: unknown -> proxy
[Connection] Classifying world...
[ServerAnalyzer] Boot phase 1: Chat listeners active

########################################################
##         RUNTIME ENVIRONMENT REPORT (INITIAL)       ##
########################################################

########################################################
##               RUNTIME ENVIRONMENT REPORT           ##
########################################################

=== [DEBUG: PLAYER HOTBAR] ===
    Hotbar #0 (Slot 36): String (string) x5
    Hotbar #1 (Slot 37): Stick (stick) x64
    Hotbar #2 (Slot 38): Spider Eye (spider_eye) x3
    Hotbar #3 (Slot 39): Oak Sapling (oak_sapling) x64
    Hotbar #4 (Slot 40): Leaf Litter (leaf_litter) x64
    Hotbar #5 (Slot 41): Gunpowder (gunpowder) x2
    Hotbar #6 (Slot 42): Rotten Flesh (rotten_flesh) x1
    Hotbar #7 (Slot 43): Raw Salmon (salmon) x5
    Hotbar #8 (Slot 44): Arrow (arrow) x5
==============================


=== [DEBUG: SCOREBOARD] ===
=============================


=== [DEBUG: ACTIVE BOSSBARS] ===
No active bossbars.

=== [DEBUG: NEARBY ENTITIES / NPCs] ===
  - [PLAYER] ayushi_ds_2026 | Dist: 0.0m | Pos: (730, 69, 411)
========================================


=== [DEBUG: CURRENT OPEN WINDOW] ===
No active Container UI / Chest window open.
########################################################

########################################################

[WorldDetector] Classifying world (attempt 1)...
[WorldDetector] World classified as: survival (confidence: 20%, scoreboard: "none", gamemode: creative)
[Connection] Initial classification: survival (confidence: 20%)
[Connection] State: proxy -> survival
[Connection] Connected to survival world!
[Agent] Connection ready: world=survival, server=unknown
[ServerCapabilities] Detecting server capabilities...
[ServerCapabilities] Detected: break=true, compass=false, npcs=false, gui=undefined
[TaskQueue] Loaded 0 pending tasks from disk
[Agent] Already in survival (gameMode=creative, state=survival) — proceeding directly
Client connected
ayushi_ds_2026 updating available agents
Disconnected: {"type":"compound","value":{"translate":{"type":"string","value":"multiplayer.disconnect.duplicate_login"}}}
[LoginGuard] Name Conflict: The name is already in use or you are already logged in.
[Agent] Disconnected — restarting for auto-reconnect.
ayushi_ds_2026 updating available agents
Error: read ECONNRESET
    at TCP.onStreamRead (node:internal/stream_base_commons:216:20) {
  errno: -4077,
  code: 'ECONNRESET',
  syscall: 'read'
}
[LoginGuard] Connection Error: Error: read ECONNRESET
[ServerAnalyzer] Boot phase 2: Command discovery running
[Agent] At (742, 73, 413). Trying to join survival via commands...
Agent ayushi_ds_2026 disconnected
Agent process exited with code 1 and signal null
Restart #12 — waiting 27.6s before reconnecting...
Restarting agent...
Failed to load model module: cerebras.js Cannot find package '@cerebras/cerebras_cloud_sdk' imported from C:\Users\updes\mindcraft\src\models\cerebras.js
Failed to load model module: claude.js Cannot find package '@anthropic-ai/sdk' imported from C:\Users\updes\mindcraft\src\models\claude.js
Failed to load model module: gemini.js Cannot find package '@google/genai' imported from C:\Users\updes\mindcraft\src\models\gemini.js
Failed to load model module: groq.js Cannot find package 'groq-sdk' imported from C:\Users\updes\mindcraft\src\models\groq.js
Failed to load model module: huggingface.js Cannot find package '@huggingface/inference' imported from C:\Users\updes\mindcraft\src\models\huggingface.js
Failed to load model module: mistral.js Cannot find package '@mistralai/mistralai' imported from C:\Users\updes\mindcraft\src\models\mistral.js
Failed to load model module: replicate.js Cannot find package 'replicate' imported from C:\Users\updes\mindcraft\src\models\replicate.js
Connecting to MindServer
Client connected
ayushi_ds_2026 connected to MindServer
Starting agent
Initializing agent ayushi_ds_2026...
[BTMemory] Loaded from ./bots/ayushi_ds_2026/bt_memory.json
Examples initialized.
No task.
ayushi_ds_2026 logging into minecraft...
[AuthHandler] Offline mode — skipping auth for ayushi_ds_2026.
ayushi_ds_2026 updating available agents
ayushi_ds_2026 logged in!
Initializing vision intepreter...
[ServerAnalyzer] [CMD] Passive mode — observe only, no probing.
[ServerAnalyzer] Starting server analysis...
[ServerAnalyzer] [CMD] Skipping active discovery (passive mode).
ayushi_ds_2026 updating available agents
ayushi_ds_2026 spawned.
[Connection] Bot spawned.
[Connection] State: unknown -> proxy
[Connection] Classifying world...
Agent ayushi_ds_2026 disconnected
ayushi_ds_2026 updating available agents
[ServerAnalyzer] Boot phase 1: Chat listeners active

########################################################
##         RUNTIME ENVIRONMENT REPORT (INITIAL)       ##
########################################################

########################################################
##               RUNTIME ENVIRONMENT REPORT           ##
########################################################

=== [DEBUG: PLAYER HOTBAR] ===
    Hotbar #0 (Slot 36): Bone (bone) x9
    Hotbar #1 (Slot 37): String (string) x5
    Hotbar #2 (Slot 38): Stick (stick) x64
    Hotbar #3 (Slot 39): Spider Eye (spider_eye) x3
    Hotbar #4 (Slot 40): Oak Sapling (oak_sapling) x64
    Hotbar #5 (Slot 41): Gunpowder (gunpowder) x2
    Hotbar #6 (Slot 42): Rotten Flesh (rotten_flesh) x1
    Hotbar #7 (Slot 43): Raw Salmon (salmon) x5
    Hotbar #8 (Slot 44): Arrow (arrow) x5
==============================


=== [DEBUG: SCOREBOARD] ===
=============================


=== [DEBUG: ACTIVE BOSSBARS] ===
No active bossbars.

=== [DEBUG: NEARBY ENTITIES / NPCs] ===
  - [PLAYER] ayushi_ds_2026 | Dist: 0.0m | Pos: (755, 69, 432)
========================================


=== [DEBUG: CURRENT OPEN WINDOW] ===
No active Container UI / Chest window open.
########################################################

########################################################

[WorldDetector] Classifying world (attempt 1)...
[WorldDetector] World classified as: survival (confidence: 20%, scoreboard: "none", gamemode: creative)
[Connection] Initial classification: survival (confidence: 20%)
[Connection] State: proxy -> survival
[Connection] Connected to survival world!
[Agent] Connection ready: world=survival, server=unknown
[ServerCapabilities] Detecting server capabilities...
[ServerCapabilities] Detected: break=true, compass=false, npcs=false, gui=undefined
[TaskQueue] Loaded 0 pending tasks from disk
[Agent] Already in survival (gameMode=creative, state=survival) — proceeding directly
[Modes] Picking up item!
[Modes] Hunting sheep!
[ServerAnalyzer] Boot phase 2: Command discovery running
[Agent] At (747, 69, 432). Trying to join survival via commands...
[CHAT:messagestr] Unknown or incomplete command. See below for error
[CHAT:messagestr] survival<--[HERE]
Client connected
[Agent] Joined survival via "/survival" (moved 12m)
[Ayushi OS] ✅ All systems online. ayushi_ds_2026 is awake.
[ServerAnalyzer] [CMD] Passive mode — observe only, no probing.
[AyushiOS] Brain booted — knowledge pipeline + advisors online.
ayushi_ds_2026 updating available agents
Error: write ECONNABORTED
    at afterWriteDispatched (node:internal/stream_base_commons:159:15)
    at writeGeneric (node:internal/stream_base_commons:150:3)
    at Socket._writeGeneric (node:net:967:11)
    at Socket._write (node:net:979:8)
    at writeOrBuffer (node:internal/streams/writable:572:12)
    at _write (node:internal/streams/writable:501:10)
    at Writable.write (node:internal/streams/writable:510:10)
    at Cipheriv.ondata (node:internal/streams/readable:1009:22)
    at Cipheriv.emit (node:events:519:28)
    at addChunk (node:internal/streams/readable:561:12) {
  errno: -4079,
  code: 'ECONNABORTED',
  syscall: 'write'
}
[LoginGuard] Connection Error: Error: write ECONNABORTED
Disconnected: socketclosed
[LoginGuard] Connection Failed: Server is under maintenance or restarting.
[Agent] Disconnected — restarting for auto-reconnect.
ayushi_ds_2026 updating available agents
[MotorCortex DIAG] runGoal called: task=avoid_hazard steps=2 force=false busy=false
[Ayushi OS] 🧠 Executive Brain initiated task: avoid_hazard
[TaskRunner] Starting task with 2 steps...
[TaskRunner] Step 1/2: go_surface {"destination":"surface"}
Agent ayushi_ds_2026 disconnected
Agent process exited with code 1 and signal null
Restart #13 — waiting 27.8s before reconnecting...
Restarting agent...
Failed to load model module: cerebras.js Cannot find package '@cerebras/cerebras_cloud_sdk' imported from C:\Users\updes\mindcraft\src\models\cerebras.js
Failed to load model module: claude.js Cannot find package '@anthropic-ai/sdk' imported from C:\Users\updes\mindcraft\src\models\claude.js
Failed to load model module: gemini.js Cannot find package '@google/genai' imported from C:\Users\updes\mindcraft\src\models\gemini.js
Failed to load model module: groq.js Cannot find package 'groq-sdk' imported from C:\Users\updes\mindcraft\src\models\groq.js
Failed to load model module: huggingface.js Cannot find package '@huggingface/inference' imported from C:\Users\updes\mindcraft\src\models\huggingface.js
Failed to load model module: mistral.js Cannot find package '@mistralai/mistralai' imported from C:\Users\updes\mindcraft\src\models\mistral.js
Failed to load model module: replicate.js Cannot find package 'replicate' imported from C:\Users\updes\mindcraft\src\models\replicate.js
Connecting to MindServer
Client connected
ayushi_ds_2026 connected to MindServer
Starting agent
Initializing agent ayushi_ds_2026...
[BTMemory] Loaded from ./bots/ayushi_ds_2026/bt_memory.json
Examples initialized.
No task.
ayushi_ds_2026 logging into minecraft...
[AuthHandler] Offline mode — skipping auth for ayushi_ds_2026.
ayushi_ds_2026 updating available agents
ayushi_ds_2026 logged in!
Initializing vision intepreter...
[ServerAnalyzer] [CMD] Passive mode — observe only, no probing.
[ServerAnalyzer] Starting server analysis...
[ServerAnalyzer] [CMD] Skipping active discovery (passive mode).
ayushi_ds_2026 updating available agents
ayushi_ds_2026 spawned.
[Connection] Bot spawned.
[Connection] State: unknown -> proxy
[Connection] Classifying world...
Agent ayushi_ds_2026 disconnected
ayushi_ds_2026 updating available agents
[ServerAnalyzer] Boot phase 1: Chat listeners active

########################################################
##         RUNTIME ENVIRONMENT REPORT (INITIAL)       ##
########################################################

########################################################
##               RUNTIME ENVIRONMENT REPORT           ##
########################################################

=== [DEBUG: PLAYER HOTBAR] ===
    Hotbar #0 (Slot 36): Leaf Litter (leaf_litter) x64
    Hotbar #1 (Slot 37): Bone (bone) x9
    Hotbar #2 (Slot 38): String (string) x5
    Hotbar #3 (Slot 39): Stick (stick) x64
    Hotbar #4 (Slot 40): Spider Eye (spider_eye) x3
    Hotbar #5 (Slot 41): Oak Sapling (oak_sapling) x64
    Hotbar #6 (Slot 42): Rotten Flesh (rotten_flesh) x1
    Hotbar #7 (Slot 43): Raw Salmon (salmon) x5
    Hotbar #8 (Slot 44): Arrow (arrow) x5
==============================


=== [DEBUG: SCOREBOARD] ===
=============================


=== [DEBUG: ACTIVE BOSSBARS] ===
No active bossbars.

=== [DEBUG: NEARBY ENTITIES / NPCs] ===
  - [PLAYER] ayushi_ds_2026 | Dist: 0.0m | Pos: (733, 74, 413)
========================================


=== [DEBUG: CURRENT OPEN WINDOW] ===
No active Container UI / Chest window open.
########################################################

########################################################

[WorldDetector] Classifying world (attempt 1)...
[WorldDetector] World classified as: survival (confidence: 20%, scoreboard: "none", gamemode: creative)
[Connection] Initial classification: survival (confidence: 20%)
[Connection] State: proxy -> survival
[Connection] Connected to survival world!
[Agent] Connection ready: world=survival, server=unknown
[ServerCapabilities] Detecting server capabilities...
[ServerCapabilities] Detected: break=true, compass=false, npcs=false, gui=undefined
[TaskQueue] Loaded 0 pending tasks from disk
[Agent] Already in survival (gameMode=creative, state=survival) — proceeding directly
[ServerAnalyzer] Boot phase 2: Command discovery running
[Agent] At (730, 69, 412). Trying to join survival via commands...
[CHAT:messagestr] Unknown or incomplete command. See below for error
[CHAT:messagestr] survival<--[HERE]
[Agent] Joined survival via "/survival" (moved 6m)
[Ayushi OS] ✅ All systems online. ayushi_ds_2026 is awake.
[ServerAnalyzer] [CMD] Passive mode — observe only, no probing.
[AyushiOS] Brain booted — knowledge pipeline + advisors online.
Client connected
Disconnected: {"type":"compound","value":{"translate":{"type":"string","value":"multiplayer.disconnect.duplicate_login"}}}
[LoginGuard] Name Conflict: The name is already in use or you are already logged in.
[Agent] Disconnected — restarting for auto-reconnect.
ayushi_ds_2026 updating available agents
[MotorCortex DIAG] runGoal called: task=avoid_hazard steps=2 force=false busy=false
[Ayushi OS] 🧠 Executive Brain initiated task: avoid_hazard
[TaskRunner] Starting task with 2 steps...
[TaskRunner] Step 1/2: go_surface {"destination":"surface"}
Agent ayushi_ds_2026 disconnected
Agent process exited with code 1 and signal null
Restart #14 — waiting 31.1s before reconnecting...
Restarting agent...
Failed to load model module: cerebras.js Cannot find package '@cerebras/cerebras_cloud_sdk' imported from C:\Users\updes\mindcraft\src\models\cerebras.js
Failed to load model module: claude.js Cannot find package '@anthropic-ai/sdk' imported from C:\Users\updes\mindcraft\src\models\claude.js
Failed to load model module: gemini.js Cannot find package '@google/genai' imported from C:\Users\updes\mindcraft\src\models\gemini.js
Failed to load model module: groq.js Cannot find package 'groq-sdk' imported from C:\Users\updes\mindcraft\src\models\groq.js
Failed to load model module: huggingface.js Cannot find package '@huggingface/inference' imported from C:\Users\updes\mindcraft\src\models\huggingface.js
Failed to load model module: mistral.js Cannot find package '@mistralai/mistralai' imported from C:\Users\updes\mindcraft\src\models\mistral.js
Failed to load model module: replicate.js Cannot find package 'replicate' imported from C:\Users\updes\mindcraft\src\models\replicate.js
Connecting to MindServer
Client connected
ayushi_ds_2026 connected to MindServer
Starting agent
Initializing agent ayushi_ds_2026...
[BTMemory] Loaded from ./bots/ayushi_ds_2026/bt_memory.json
Examples initialized.
No task.
ayushi_ds_2026 logging into minecraft...
[AuthHandler] Offline mode — skipping auth for ayushi_ds_2026.
ayushi_ds_2026 updating available agents
ayushi_ds_2026 logged in!
Initializing vision intepreter...
[ServerAnalyzer] [CMD] Passive mode — observe only, no probing.
[ServerAnalyzer] Starting server analysis...
[ServerAnalyzer] [CMD] Skipping active discovery (passive mode).
ayushi_ds_2026 updating available agents
Agent ayushi_ds_2026 disconnected
ayushi_ds_2026 updating available agents
ayushi_ds_2026 spawned.
[Connection] Bot spawned.
[Connection] State: unknown -> proxy
[Connection] Classifying world...
[ServerAnalyzer] Boot phase 1: Chat listeners active

########################################################
##         RUNTIME ENVIRONMENT REPORT (INITIAL)       ##
########################################################

########################################################
##               RUNTIME ENVIRONMENT REPORT           ##
########################################################

=== [DEBUG: PLAYER HOTBAR] ===
    Hotbar #0 (Slot 36): Gunpowder (gunpowder) x2
    Hotbar #1 (Slot 37): Leaf Litter (leaf_litter) x64
    Hotbar #2 (Slot 38): Bone (bone) x9
    Hotbar #3 (Slot 39): String (string) x5
    Hotbar #4 (Slot 40): Stick (stick) x64
    Hotbar #5 (Slot 41): Oak Sapling (oak_sapling) x64
    Hotbar #6 (Slot 42): Rotten Flesh (rotten_flesh) x1
    Hotbar #7 (Slot 43): Raw Salmon (salmon) x5
    Hotbar #8 (Slot 44): Arrow (arrow) x5
==============================


=== [DEBUG: SCOREBOARD] ===
=============================


=== [DEBUG: ACTIVE BOSSBARS] ===
No active bossbars.

=== [DEBUG: NEARBY ENTITIES / NPCs] ===
  - [PLAYER] ayushi_ds_2026 | Dist: 0.0m | Pos: (747, 72, 402)
========================================


=== [DEBUG: CURRENT OPEN WINDOW] ===
No active Container UI / Chest window open.
########################################################

########################################################

[WorldDetector] Classifying world (attempt 1)...
[WorldDetector] World classified as: survival (confidence: 20%, scoreboard: "none", gamemode: creative)
[Connection] Initial classification: survival (confidence: 20%)
[Connection] State: proxy -> survival
[Connection] Connected to survival world!
[Agent] Connection ready: world=survival, server=unknown
[ServerCapabilities] Detecting server capabilities...
[ServerCapabilities] Detected: break=true, compass=false, npcs=false, gui=undefined
[TaskQueue] Loaded 0 pending tasks from disk
[Agent] Already in survival (gameMode=creative, state=survival) — proceeding directly
[ServerAnalyzer] Boot phase 2: Command discovery running
[Agent] At (742, 71, 410). Trying to join survival via commands...
[CHAT:messagestr] Unknown or incomplete command. See below for error
[CHAT:messagestr] survival<--[HERE]
Client connected
ayushi_ds_2026 updating available agents
[Agent] Joined survival via "/survival" (moved 6m)
[Ayushi OS] ✅ All systems online. ayushi_ds_2026 is awake.
[ServerAnalyzer] [CMD] Passive mode — observe only, no probing.
[AyushiOS] Brain booted — knowledge pipeline + advisors online.
Disconnected: {"type":"compound","value":{"translate":{"type":"string","value":"multiplayer.disconnect.duplicate_login"}}}
[LoginGuard] Name Conflict: The name is already in use or you are already logged in.
[Agent] Disconnected — restarting for auto-reconnect.
[Modes] Picking up item!
ayushi_ds_2026 updating available agents
Agent ayushi_ds_2026 disconnected
Agent process exited with code 1 and signal null
Restart #15 — waiting 31.9s before reconnecting...
Restarting agent...
Failed to load model module: cerebras.js Cannot find package '@cerebras/cerebras_cloud_sdk' imported from C:\Users\updes\mindcraft\src\models\cerebras.js
Failed to load model module: claude.js Cannot find package '@anthropic-ai/sdk' imported from C:\Users\updes\mindcraft\src\models\claude.js
Failed to load model module: gemini.js Cannot find package '@google/genai' imported from C:\Users\updes\mindcraft\src\models\gemini.js
Failed to load model module: groq.js Cannot find package 'groq-sdk' imported from C:\Users\updes\mindcraft\src\models\groq.js
Failed to load model module: huggingface.js Cannot find package '@huggingface/inference' imported from C:\Users\updes\mindcraft\src\models\huggingface.js
Failed to load model module: mistral.js Cannot find package '@mistralai/mistralai' imported from C:\Users\updes\mindcraft\src\models\mistral.js
Failed to load model module: replicate.js Cannot find package 'replicate' imported from C:\Users\updes\mindcraft\src\models\replicate.js
Connecting to MindServer
Client connected
ayushi_ds_2026 connected to MindServer
Starting agent
Initializing agent ayushi_ds_2026...
[BTMemory] Loaded from ./bots/ayushi_ds_2026/bt_memory.json
Examples initialized.
No task.
ayushi_ds_2026 logging into minecraft...
[AuthHandler] Offline mode — skipping auth for ayushi_ds_2026.
ayushi_ds_2026 updating available agents
ayushi_ds_2026 logged in!
Initializing vision intepreter...
[ServerAnalyzer] [CMD] Passive mode — observe only, no probing.
[ServerAnalyzer] Starting server analysis...
[ServerAnalyzer] [CMD] Skipping active discovery (passive mode).
ayushi_ds_2026 updating available agents
Agent ayushi_ds_2026 disconnected
ayushi_ds_2026 updating available agents
ayushi_ds_2026 spawned.
[Connection] Bot spawned.
[Connection] State: unknown -> proxy
[Connection] Classifying world...
[ServerAnalyzer] Boot phase 1: Chat listeners active

########################################################
##         RUNTIME ENVIRONMENT REPORT (INITIAL)       ##
########################################################

########################################################
##               RUNTIME ENVIRONMENT REPORT           ##
########################################################

=== [DEBUG: PLAYER HOTBAR] ===
    Hotbar #0 (Slot 36): Gunpowder (gunpowder) x2
    Hotbar #1 (Slot 37): Spider Eye (spider_eye) x3
    Hotbar #2 (Slot 38): Leaf Litter (leaf_litter) x64
    Hotbar #3 (Slot 39): String (string) x5
    Hotbar #4 (Slot 40): Stick (stick) x64
    Hotbar #5 (Slot 41): Oak Sapling (oak_sapling) x64
    Hotbar #6 (Slot 42): Rotten Flesh (rotten_flesh) x1
    Hotbar #7 (Slot 43): Raw Salmon (salmon) x5
    Hotbar #8 (Slot 44): Arrow (arrow) x5
==============================


=== [DEBUG: SCOREBOARD] ===
=============================


=== [DEBUG: ACTIVE BOSSBARS] ===
No active bossbars.

=== [DEBUG: NEARBY ENTITIES / NPCs] ===
  - [PLAYER] ayushi_ds_2026 | Dist: 0.0m | Pos: (761, 74, 412)
========================================


=== [DEBUG: CURRENT OPEN WINDOW] ===
No active Container UI / Chest window open.
########################################################

########################################################

[WorldDetector] Classifying world (attempt 1)...
[WorldDetector] World classified as: survival (confidence: 20%, scoreboard: "none", gamemode: creative)
[Connection] Initial classification: survival (confidence: 20%)
[Connection] State: proxy -> survival
[Connection] Connected to survival world!
[Agent] Connection ready: world=survival, server=unknown
[ServerCapabilities] Detecting server capabilities...
[ServerCapabilities] Detected: break=true, compass=false, npcs=false, gui=undefined
[TaskQueue] Loaded 0 pending tasks from disk
[Agent] Already in survival (gameMode=creative, state=survival) — proceeding directly
[ServerAnalyzer] Boot phase 2: Command discovery running
[Agent] At (762, 69, 411). Trying to join survival via commands...
[CHAT:messagestr] Unknown or incomplete command. See below for error
[CHAT:messagestr] survival<--[HERE]
[Agent] Joined survival via "/survival" (moved 4m)
[Ayushi OS] ✅ All systems online. ayushi_ds_2026 is awake.
[ServerAnalyzer] [CMD] Passive mode — observe only, no probing.
[AyushiOS] Brain booted — knowledge pipeline + advisors online.
[MotorCortex DIAG] runGoal called: task=avoid_hazard steps=2 force=false busy=false
[Ayushi OS] 🧠 Executive Brain initiated task: avoid_hazard
[TaskRunner] Starting task with 2 steps...
[TaskRunner] Step 1/2: go_surface {"destination":"surface"}
Client connected
ayushi_ds_2026 updating available agents
  [Skill] Navigating to GoalNear @(764,72,414) [1m] timeout=30000ms
Found non-destructive path.
You have reached at 764, 72, 414.
Going to the surface at y=72.
[TaskRunner] Step 2/2: wait {"ms":2000}
Disconnected: {"type":"compound","value":{"translate":{"type":"string","value":"multiplayer.disconnect.duplicate_login"}}}
[LoginGuard] Name Conflict: The name is already in use or you are already logged in.
[Agent] Disconnected — restarting for auto-reconnect.
ayushi_ds_2026 updating available agents
Agent ayushi_ds_2026 disconnected
Agent process exited with code 1 and signal null
Agent crashed 15 times. Giving up.
